Archive member included to satisfy reference by file (symbol)

c:/st/stm32cubeide_1.10.1/stm32cubeide/plugins/com.st.stm32cube.ide.mcu.externaltools.gnu-tools-for-stm32.10.3-2021.10.win32_1.0.0.202111181127/tools/bin/../lib/gcc/arm-none-eabi/10.3.1/../../../../arm-none-eabi/lib/thumb/v6-m/nofp\libc_nano.a(lib_a-errno.o)
                              ./Core/Src/syscalls.o (__errno)
c:/st/stm32cubeide_1.10.1/stm32cubeide/plugins/com.st.stm32cube.ide.mcu.externaltools.gnu-tools-for-stm32.10.3-2021.10.win32_1.0.0.202111181127/tools/bin/../lib/gcc/arm-none-eabi/10.3.1/../../../../arm-none-eabi/lib/thumb/v6-m/nofp\libc_nano.a(lib_a-exit.o)
                              c:/st/stm32cubeide_1.10.1/stm32cubeide/plugins/com.st.stm32cube.ide.mcu.externaltools.gnu-tools-for-stm32.10.3-2021.10.win32_1.0.0.202111181127/tools/bin/../lib/gcc/arm-none-eabi/10.3.1/../../../../arm-none-eabi/lib/thumb/v6-m/nofp/crt0.o (exit)
c:/st/stm32cubeide_1.10.1/stm32cubeide/plugins/com.st.stm32cube.ide.mcu.externaltools.gnu-tools-for-stm32.10.3-2021.10.win32_1.0.0.202111181127/tools/bin/../lib/gcc/arm-none-eabi/10.3.1/../../../../arm-none-eabi/lib/thumb/v6-m/nofp\libc_nano.a(lib_a-impure.o)
                              c:/st/stm32cubeide_1.10.1/stm32cubeide/plugins/com.st.stm32cube.ide.mcu.externaltools.gnu-tools-for-stm32.10.3-2021.10.win32_1.0.0.202111181127/tools/bin/../lib/gcc/arm-none-eabi/10.3.1/../../../../arm-none-eabi/lib/thumb/v6-m/nofp\libc_nano.a(lib_a-exit.o) (_global_impure_ptr)
c:/st/stm32cubeide_1.10.1/stm32cubeide/plugins/com.st.stm32cube.ide.mcu.externaltools.gnu-tools-for-stm32.10.3-2021.10.win32_1.0.0.202111181127/tools/bin/../lib/gcc/arm-none-eabi/10.3.1/../../../../arm-none-eabi/lib/thumb/v6-m/nofp\libc_nano.a(lib_a-init.o)
                              c:/st/stm32cubeide_1.10.1/stm32cubeide/plugins/com.st.stm32cube.ide.mcu.externaltools.gnu-tools-for-stm32.10.3-2021.10.win32_1.0.0.202111181127/tools/bin/../lib/gcc/arm-none-eabi/10.3.1/../../../../arm-none-eabi/lib/thumb/v6-m/nofp/crt0.o (__libc_init_array)
c:/st/stm32cubeide_1.10.1/stm32cubeide/plugins/com.st.stm32cube.ide.mcu.externaltools.gnu-tools-for-stm32.10.3-2021.10.win32_1.0.0.202111181127/tools/bin/../lib/gcc/arm-none-eabi/10.3.1/../../../../arm-none-eabi/lib/thumb/v6-m/nofp\libc_nano.a(lib_a-memset.o)
                              c:/st/stm32cubeide_1.10.1/stm32cubeide/plugins/com.st.stm32cube.ide.mcu.externaltools.gnu-tools-for-stm32.10.3-2021.10.win32_1.0.0.202111181127/tools/bin/../lib/gcc/arm-none-eabi/10.3.1/../../../../arm-none-eabi/lib/thumb/v6-m/nofp/crt0.o (memset)
c:/st/stm32cubeide_1.10.1/stm32cubeide/plugins/com.st.stm32cube.ide.mcu.externaltools.gnu-tools-for-stm32.10.3-2021.10.win32_1.0.0.202111181127/tools/bin/../lib/gcc/arm-none-eabi/10.3.1/thumb/v6-m/nofp\libgcc.a(_udivsi3.o)
                              ./Core/Src/HD44780.o (__aeabi_uidiv)
c:/st/stm32cubeide_1.10.1/stm32cubeide/plugins/com.st.stm32cube.ide.mcu.externaltools.gnu-tools-for-stm32.10.3-2021.10.win32_1.0.0.202111181127/tools/bin/../lib/gcc/arm-none-eabi/10.3.1/thumb/v6-m/nofp\libgcc.a(_divsi3.o)
                              ./Core/Src/main.o (__aeabi_idiv)
c:/st/stm32cubeide_1.10.1/stm32cubeide/plugins/com.st.stm32cube.ide.mcu.externaltools.gnu-tools-for-stm32.10.3-2021.10.win32_1.0.0.202111181127/tools/bin/../lib/gcc/arm-none-eabi/10.3.1/thumb/v6-m/nofp\libgcc.a(_dvmd_tls.o)
                              c:/st/stm32cubeide_1.10.1/stm32cubeide/plugins/com.st.stm32cube.ide.mcu.externaltools.gnu-tools-for-stm32.10.3-2021.10.win32_1.0.0.202111181127/tools/bin/../lib/gcc/arm-none-eabi/10.3.1/thumb/v6-m/nofp\libgcc.a(_udivsi3.o) (__aeabi_idiv0)
c:/st/stm32cubeide_1.10.1/stm32cubeide/plugins/com.st.stm32cube.ide.mcu.externaltools.gnu-tools-for-stm32.10.3-2021.10.win32_1.0.0.202111181127/tools/bin/../lib/gcc/arm-none-eabi/10.3.1/thumb/v6-m/nofp\libgcc.a(_aeabi_uldivmod.o)
                              ./Core/Src/HD44780.o (__aeabi_uldivmod)
c:/st/stm32cubeide_1.10.1/stm32cubeide/plugins/com.st.stm32cube.ide.mcu.externaltools.gnu-tools-for-stm32.10.3-2021.10.win32_1.0.0.202111181127/tools/bin/../lib/gcc/arm-none-eabi/10.3.1/thumb/v6-m/nofp\libgcc.a(_udivmoddi4.o)
                              c:/st/stm32cubeide_1.10.1/stm32cubeide/plugins/com.st.stm32cube.ide.mcu.externaltools.gnu-tools-for-stm32.10.3-2021.10.win32_1.0.0.202111181127/tools/bin/../lib/gcc/arm-none-eabi/10.3.1/thumb/v6-m/nofp\libgcc.a(_aeabi_uldivmod.o) (__udivmoddi4)
c:/st/stm32cubeide_1.10.1/stm32cubeide/plugins/com.st.stm32cube.ide.mcu.externaltools.gnu-tools-for-stm32.10.3-2021.10.win32_1.0.0.202111181127/tools/bin/../lib/gcc/arm-none-eabi/10.3.1/thumb/v6-m/nofp\libgcc.a(_clzdi2.o)
                              c:/st/stm32cubeide_1.10.1/stm32cubeide/plugins/com.st.stm32cube.ide.mcu.externaltools.gnu-tools-for-stm32.10.3-2021.10.win32_1.0.0.202111181127/tools/bin/../lib/gcc/arm-none-eabi/10.3.1/thumb/v6-m/nofp\libgcc.a(_udivmoddi4.o) (__clzdi2)
[...]
Memory Configuration

Name             Origin             Length             Attributes
RAM              0x0000000020000000 0x0000000000004000 xrw
FLASH            0x0000000008000000 0x0000000000020000 xr
*default*        0x0000000000000000 0xffffffffffffffff

Linker script and memory map

LOAD c:/st/stm32cubeide_1.10.1/stm32cubeide/plugins/com.st.stm32cube.ide.mcu.externaltools.gnu-tools-for-stm32.10.3-2021.10.win32_1.0.0.202111181127/tools/bin/../lib/gcc/arm-none-eabi/10.3.1/thumb/v6-m/nofp/crti.o
LOAD c:/st/stm32cubeide_1.10.1/stm32cubeide/plugins/com.st.stm32cube.ide.mcu.externaltools.gnu-tools-for-stm32.10.3-2021.10.win32_1.0.0.202111181127/tools/bin/../lib/gcc/arm-none-eabi/10.3.1/thumb/v6-m/nofp/crtbegin.o
LOAD c:/st/stm32cubeide_1.10.1/stm32cubeide/plugins/com.st.stm32cube.ide.mcu.externaltools.gnu-tools-for-stm32.10.3-2021.10.win32_1.0.0.202111181127/tools/bin/../lib/gcc/arm-none-eabi/10.3.1/../../../../arm-none-eabi/lib/thumb/v6-m/nofp/crt0.o
LOAD ./Core/Src/Eeprom.o
LOAD ./Core/Src/HD44780.o
LOAD ./Core/Src/adc.o
LOAD ./Core/Src/gpio.o
LOAD ./Core/Src/main.o
LOAD ./Core/Src/spi.o
LOAD ./Core/Src/stm32f0xx_hal_msp.o
LOAD ./Core/Src/stm32f0xx_it.o
LOAD ./Core/Src/syscalls.o
LOAD ./Core/Src/sysmem.o
LOAD ./Core/Src/system_stm32f0xx.o
LOAD ./Core/Src/tim.o
LOAD ./Core/Startup/startup_stm32f072rbtx.o
LOAD ./Drivers/STM32F0xx_HAL_Driver/Src/stm32f0xx_hal.o
LOAD ./Drivers/STM32F0xx_HAL_Driver/Src/stm32f0xx_hal_cortex.o
LOAD ./Drivers/STM32F0xx_HAL_Driver/Src/stm32f0xx_hal_dma.o
LOAD ./Drivers/STM32F0xx_HAL_Driver/Src/stm32f0xx_hal_exti.o
LOAD ./Drivers/STM32F0xx_HAL_Driver/Src/stm32f0xx_hal_flash.o
LOAD ./Drivers/STM32F0xx_HAL_Driver/Src/stm32f0xx_hal_flash_ex.o
LOAD ./Drivers/STM32F0xx_HAL_Driver/Src/stm32f0xx_hal_gpio.o
LOAD ./Drivers/STM32F0xx_HAL_Driver/Src/stm32f0xx_hal_i2c.o
LOAD ./Drivers/STM32F0xx_HAL_Driver/Src/stm32f0xx_hal_i2c_ex.o
LOAD ./Drivers/STM32F0xx_HAL_Driver/Src/stm32f0xx_hal_pwr.o
LOAD ./Drivers/STM32F0xx_HAL_Driver/Src/stm32f0xx_hal_pwr_ex.o
LOAD ./Drivers/STM32F0xx_HAL_Driver/Src/stm32f0xx_hal_rcc.o
LOAD ./Drivers/STM32F0xx_HAL_Driver/Src/stm32f0xx_hal_rcc_ex.o
LOAD ./Drivers/STM32F0xx_HAL_Driver/Src/stm32f0xx_hal_spi.o
LOAD ./Drivers/STM32F0xx_HAL_Driver/Src/stm32f0xx_hal_spi_ex.o
LOAD ./Drivers/STM32F0xx_HAL_Driver/Src/stm32f0xx_hal_tim.o
LOAD ./Drivers/STM32F0xx_HAL_Driver/Src/stm32f0xx_hal_tim_ex.o
LOAD ./Drivers/STM32F0xx_HAL_Driver/Src/stm32f0xx_ll_adc.o
LOAD ./Drivers/STM32F0xx_HAL_Driver/Src/stm32f0xx_ll_dma.o
LOAD ./Drivers/STM32F0xx_HAL_Driver/Src/stm32f0xx_ll_exti.o
LOAD ./Drivers/STM32F0xx_HAL_Driver/Src/stm32f0xx_ll_gpio.o
LOAD ./Drivers/STM32F0xx_HAL_Driver/Src/stm32f0xx_ll_rcc.o
LOAD ./Drivers/STM32F0xx_HAL_Driver/Src/stm32f0xx_ll_tim.o
LOAD ./Drivers/STM32F0xx_HAL_Driver/Src/stm32f0xx_ll_utils.o
START GROUP
LOAD c:/st/stm32cubeide_1.10.1/stm32cubeide/plugins/com.st.stm32cube.ide.mcu.externaltools.gnu-tools-for-stm32.10.3-2021.10.win32_1.0.0.202111181127/tools/bin/../lib/gcc/arm-none-eabi/10.3.1/../../../../arm-none-eabi/lib/thumb/v6-m/nofp\libc_nano.a
LOAD c:/st/stm32cubeide_1.10.1/stm32cubeide/plugins/com.st.stm32cube.ide.mcu.externaltools.gnu-tools-for-stm32.10.3-2021.10.win32_1.0.0.202111181127/tools/bin/../lib/gcc/arm-none-eabi/10.3.1/../../../../arm-none-eabi/lib/thumb/v6-m/nofp\libm.a
END GROUP
START GROUP
LOAD c:/st/stm32cubeide_1.10.1/stm32cubeide/plugins/com.st.stm32cube.ide.mcu.externaltools.gnu-tools-for-stm32.10.3-2021.10.win32_1.0.0.202111181127/tools/bin/../lib/gcc/arm-none-eabi/10.3.1/thumb/v6-m/nofp\libgcc.a
LOAD c:/st/stm32cubeide_1.10.1/stm32cubeide/plugins/com.st.stm32cube.ide.mcu.externaltools.gnu-tools-for-stm32.10.3-2021.10.win32_1.0.0.202111181127/tools/bin/../lib/gcc/arm-none-eabi/10.3.1/../../../../arm-none-eabi/lib/thumb/v6-m/nofp\libc_nano.a
END GROUP
START GROUP
LOAD c:/st/stm32cubeide_1.10.1/stm32cubeide/plugins/com.st.stm32cube.ide.mcu.externaltools.gnu-tools-for-stm32.10.3-2021.10.win32_1.0.0.202111181127/tools/bin/../lib/gcc/arm-none-eabi/10.3.1/thumb/v6-m/nofp\libgcc.a
LOAD c:/st/stm32cubeide_1.10.1/stm32cubeide/plugins/com.st.stm32cube.ide.mcu.externaltools.gnu-tools-for-stm32.10.3-2021.10.win32_1.0.0.202111181127/tools/bin/../lib/gcc/arm-none-eabi/10.3.1/../../../../arm-none-eabi/lib/thumb/v6-m/nofp\libc_nano.a
LOAD c:/st/stm32cubeide_1.10.1/stm32cubeide/plugins/com.st.stm32cube.ide.mcu.externaltools.gnu-tools-for-stm32.10.3-2021.10.win32_1.0.0.202111181127/tools/bin/../lib/gcc/arm-none-eabi/10.3.1/../../../../arm-none-eabi/lib/thumb/v6-m/nofp\libnosys.a
END GROUP
START GROUP
LOAD c:/st/stm32cubeide_1.10.1/stm32cubeide/plugins/com.st.stm32cube.ide.mcu.externaltools.gnu-tools-for-stm32.10.3-2021.10.win32_1.0.0.202111181127/tools/bin/../lib/gcc/arm-none-eabi/10.3.1/thumb/v6-m/nofp\libgcc.a
LOAD c:/st/stm32cubeide_1.10.1/stm32cubeide/plugins/com.st.stm32cube.ide.mcu.externaltools.gnu-tools-for-stm32.10.3-2021.10.win32_1.0.0.202111181127/tools/bin/../lib/gcc/arm-none-eabi/10.3.1/../../../../arm-none-eabi/lib/thumb/v6-m/nofp\libc_nano.a
LOAD c:/st/stm32cubeide_1.10.1/stm32cubeide/plugins/com.st.stm32cube.ide.mcu.externaltools.gnu-tools-for-stm32.10.3-2021.10.win32_1.0.0.202111181127/tools/bin/../lib/gcc/arm-none-eabi/10.3.1/../../../../arm-none-eabi/lib/thumb/v6-m/nofp\libnosys.a
END GROUP
LOAD c:/st/stm32cubeide_1.10.1/stm32cubeide/plugins/com.st.stm32cube.ide.mcu.externaltools.gnu-tools-for-stm32.10.3-2021.10.win32_1.0.0.202111181127/tools/bin/../lib/gcc/arm-none-eabi/10.3.1/thumb/v6-m/nofp/crtend.o
LOAD c:/st/stm32cubeide_1.10.1/stm32cubeide/plugins/com.st.stm32cube.ide.mcu.externaltools.gnu-tools-for-stm32.10.3-2021.10.win32_1.0.0.202111181127/tools/bin/../lib/gcc/arm-none-eabi/10.3.1/thumb/v6-m/nofp/crtn.o
                0x0000000020004000                _estack = (ORIGIN (RAM) + LENGTH (RAM))
                0x0000000000000200                _Min_Heap_Size = 0x200
                0x0000000000000400                _Min_Stack_Size = 0x400

.isr_vector     0x0000000008000000       0xc0
                0x0000000008000000                . = ALIGN (0x4)
 *(.isr_vector)
 .isr_vector    0x0000000008000000       0xc0 ./Core/Startup/startup_stm32f072rbtx.o
                0x0000000008000000                g_pfnVectors
                0x00000000080000c0                . = ALIGN (0x4)

.text           0x00000000080000c0     0x5964
                0x00000000080000c0                . = ALIGN (0x4)
 *(.text)
 .text          0x00000000080000c0       0x48 c:/st/stm32cubeide_1.10.1/stm32cubeide/plugins/com.st.stm32cube.ide.mcu.externaltools.gnu-tools-for-stm32.10.3-2021.10.win32_1.0.0.202111181127/tools/bin/../lib/gcc/arm-none-eabi/10.3.1/thumb/v6-m/nofp/crtbegin.o
 .text          0x0000000008000108      0x114 c:/st/stm32cubeide_1.10.1/stm32cubeide/plugins/com.st.stm32cube.ide.mcu.externaltools.gnu-tools-for-stm32.10.3-2021.10.win32_1.0.0.202111181127/tools/bin/../lib/gcc/arm-none-eabi/10.3.1/thumb/v6-m/nofp\libgcc.a(_udivsi3.o)
                0x0000000008000108                __aeabi_uidiv
                0x0000000008000108                __udivsi3
                0x0000000008000214                __aeabi_uidivmod
 .text          0x000000000800021c      0x1d4 c:/st/stm32cubeide_1.10.1/stm32cubeide/plugins/com.st.stm32cube.ide.mcu.externaltools.gnu-tools-for-stm32.10.3-2021.10.win32_1.0.0.202111181127/tools/bin/../lib/gcc/arm-none-eabi/10.3.1/thumb/v6-m/nofp\libgcc.a(_divsi3.o)
                0x000000000800021c                __divsi3
                0x000000000800021c                __aeabi_idiv
                0x00000000080003e8                __aeabi_idivmod
 .text          0x00000000080003f0        0x4 c:/st/stm32cubeide_1.10.1/stm32cubeide/plugins/com.st.stm32cube.ide.mcu.externaltools.gnu-tools-for-stm32.10.3-2021.10.win32_1.0.0.202111181127/tools/bin/../lib/gcc/arm-none-eabi/10.3.1/thumb/v6-m/nofp\libgcc.a(_dvmd_tls.o)
                0x00000000080003f0                __aeabi_idiv0
                0x00000000080003f0                __aeabi_ldiv0
 .text          0x00000000080003f4       0x40 c:/st/stm32cubeide_1.10.1/stm32cubeide/plugins/com.st.stm32cube.ide.mcu.externaltools.gnu-tools-for-stm32.10.3-2021.10.win32_1.0.0.202111181127/tools/bin/../lib/gcc/arm-none-eabi/10.3.1/thumb/v6-m/nofp\libgcc.a(_aeabi_uldivmod.o)
                0x00000000080003f4                __aeabi_uldivmod
 .text          0x0000000008000434      0x198 c:/st/stm32cubeide_1.10.1/stm32cubeide/plugins/com.st.stm32cube.ide.mcu.externaltools.gnu-tools-for-stm32.10.3-2021.10.win32_1.0.0.202111181127/tools/bin/../lib/gcc/arm-none-eabi/10.3.1/thumb/v6-m/nofp\libgcc.a(_udivmoddi4.o)
                0x0000000008000434                __udivmoddi4
 .text          0x00000000080005cc       0x18 c:/st/stm32cubeide_1.10.1/stm32cubeide/plugins/com.st.stm32cube.ide.mcu.externaltools.gnu-tools-for-stm32.10.3-2021.10.win32_1.0.0.202111181127/tools/bin/../lib/gcc/arm-none-eabi/10.3.1/thumb/v6-m/nofp\libgcc.a(_clzdi2.o)
                0x00000000080005cc                __clzdi2
 .text          0x00000000080005e4       0x3c c:/st/stm32cubeide_1.10.1/stm32cubeide/plugins/com.st.stm32cube.ide.mcu.externaltools.gnu-tools-for-stm32.10.3-2021.10.win32_1.0.0.202111181127/tools/bin/../lib/gcc/arm-none-eabi/10.3.1/thumb/v6-m/nofp\libgcc.a(_clzsi2.o)
                0x00000000080005e4                __clzsi2
 *(.text*)
 .text.LL_GPIO_SetOutputPin
                0x0000000008000620       0x18 ./Core/Src/Eeprom.o
 .text.LL_GPIO_ResetOutputPin
                0x0000000008000638       0x18 ./Core/Src/Eeprom.o
 .text.EEPROM_SPI_INIT
                0x0000000008000650       0x1c ./Core/Src/Eeprom.o
                0x0000000008000650                EEPROM_SPI_INIT
 .text.EEPROM_SPI_WritePage
                0x000000000800066c      0x108 ./Core/Src/Eeprom.o
                0x000000000800066c                EEPROM_SPI_WritePage
 .text.EEPROM_SPI_WriteBuffer
                0x0000000008000774      0x31a ./Core/Src/Eeprom.o
                0x0000000008000774                EEPROM_SPI_WriteBuffer
 *fill*         0x0000000008000a8e        0x2 
 .text.EEPROM_SPI_ReadBuffer
                0x0000000008000a90       0xc0 ./Core/Src/Eeprom.o
                0x0000000008000a90                EEPROM_SPI_ReadBuffer
 .text.EEPROM_SPI_WaitStandbyState
                0x0000000008000b50       0xa0 ./Core/Src/Eeprom.o
                0x0000000008000b50                EEPROM_SPI_WaitStandbyState
 .text.sEE_WriteEnable
                0x0000000008000bf0       0x60 ./Core/Src/Eeprom.o
                0x0000000008000bf0                sEE_WriteEnable
 .text.sEE_WriteDisable
                0x0000000008000c50       0x60 ./Core/Src/Eeprom.o
                0x0000000008000c50                sEE_WriteDisable
 .text.EEPROM_SPI_SendInstruction
                0x0000000008000cb0       0x4c ./Core/Src/Eeprom.o
                0x0000000008000cb0                EEPROM_SPI_SendInstruction
 .text.LL_GPIO_WriteOutputPort
                0x0000000008000cfc       0x18 ./Core/Src/HD44780.o
 .text.LL_GPIO_ReadOutputPort
                0x0000000008000d14       0x14 ./Core/Src/HD44780.o
 .text.LL_GPIO_SetOutputPin
                0x0000000008000d28       0x18 ./Core/Src/HD44780.o
 .text.LL_GPIO_ResetOutputPin
                0x0000000008000d40       0x18 ./Core/Src/HD44780.o
 .text.delay    0x0000000008000d58       0x26 ./Core/Src/HD44780.o
                0x0000000008000d58                delay
 *fill*         0x0000000008000d7e        0x2 
 .text.LCD_PrPwm
                0x0000000008000d80      0x110 ./Core/Src/HD44780.o
                0x0000000008000d80                LCD_PrPwm
 .text.LCD_PrTemp
                0x0000000008000e90      0x118 ./Core/Src/HD44780.o
                0x0000000008000e90                LCD_PrTemp
 .text.LCD_Mypow
                0x0000000008000fa8       0x3a ./Core/Src/HD44780.o
                0x0000000008000fa8                LCD_Mypow
 .text.LCD_PrintNumber
                0x0000000008000fe2      0x116 ./Core/Src/HD44780.o
                0x0000000008000fe2                LCD_PrintNumber
 .text.LCD_WriteCString
                0x00000000080010f8       0x2c ./Core/Src/HD44780.o
                0x00000000080010f8                LCD_WriteCString
 .text.LCD_Position
                0x0000000008001124       0x74 ./Core/Src/HD44780.o
                0x0000000008001124                LCD_Position
 .text.LCD_Init
                0x0000000008001198       0x40 ./Core/Src/HD44780.o
                0x0000000008001198                LCD_Init
 .text.LCD_Clear
                0x00000000080011d8       0x16 ./Core/Src/HD44780.o
                0x00000000080011d8                LCD_Clear
 *fill*         0x00000000080011ee        0x2 
 .text.LCD_WriteData
                0x00000000080011f0       0x2c ./Core/Src/HD44780.o
                0x00000000080011f0                LCD_WriteData
 .text.LCD_WriteComm
                0x000000000800121c       0x2c ./Core/Src/HD44780.o
                0x000000000800121c                LCD_WriteComm
 .text.LCD_Write
                0x0000000008001248       0xa0 ./Core/Src/HD44780.o
                0x0000000008001248                LCD_Write
 .text.LL_ADC_SetSamplingTimeCommonChannels
                0x00000000080012e8       0x24 ./Core/Src/adc.o
 .text.LL_ADC_REG_SetSequencerScanDirection
                0x000000000800130c       0x24 ./Core/Src/adc.o
 .text.LL_ADC_REG_SetSequencerChAdd
                0x0000000008001330       0x22 ./Core/Src/adc.o
 *fill*         0x0000000008001352        0x2 
 .text.LL_AHB1_GRP1_EnableClock
                0x0000000008001354       0x2c ./Core/Src/adc.o
 .text.LL_APB1_GRP2_EnableClock
                0x0000000008001380       0x2c ./Core/Src/adc.o
 .text.MX_ADC_Init
                0x00000000080013ac       0xe4 ./Core/Src/adc.o
                0x00000000080013ac                MX_ADC_Init
 .text.__NVIC_EnableIRQ
                0x0000000008001490       0x34 ./Core/Src/gpio.o
 .text.__NVIC_SetPriority
                0x00000000080014c4       0xdc ./Core/Src/gpio.o
 .text.LL_AHB1_GRP1_EnableClock
                0x00000000080015a0       0x2c ./Core/Src/gpio.o
 .text.LL_SYSCFG_SetEXTISource
                0x00000000080015cc       0x4c ./Core/Src/gpio.o
 .text.LL_GPIO_SetPinMode
                0x0000000008001618       0x38 ./Core/Src/gpio.o
 .text.LL_GPIO_SetPinPull
                0x0000000008001650       0x38 ./Core/Src/gpio.o
 .text.LL_GPIO_ResetOutputPin
                0x0000000008001688       0x18 ./Core/Src/gpio.o
 .text.MX_GPIO_Init
                0x00000000080016a0      0x36c ./Core/Src/gpio.o
                0x00000000080016a0                MX_GPIO_Init
 .text.LL_ADC_Enable
                0x0000000008001a0c       0x24 ./Core/Src/main.o
 .text.LL_ADC_Disable
                0x0000000008001a30       0x24 ./Core/Src/main.o
 .text.LL_ADC_REG_StartConversion
                0x0000000008001a54       0x24 ./Core/Src/main.o
 .text.LL_ADC_REG_ReadConversionData12
                0x0000000008001a78       0x16 ./Core/Src/main.o
 *fill*         0x0000000008001a8e        0x2 
 .text.LL_RCC_HSI48_Enable
                0x0000000008001a90       0x1c ./Core/Src/main.o
 .text.LL_RCC_HSI48_IsReady
                0x0000000008001aac       0x28 ./Core/Src/main.o
 .text.LL_RCC_SetSysClkSource
                0x0000000008001ad4       0x28 ./Core/Src/main.o
 .text.LL_RCC_GetSysClkSource
                0x0000000008001afc       0x18 ./Core/Src/main.o
 .text.LL_RCC_SetAHBPrescaler
                0x0000000008001b14       0x28 ./Core/Src/main.o
 .text.LL_RCC_SetAPB1Prescaler
                0x0000000008001b3c       0x2c ./Core/Src/main.o
 .text.LL_FLASH_SetLatency
                0x0000000008001b68       0x28 ./Core/Src/main.o
 .text.LL_FLASH_GetLatency
                0x0000000008001b90       0x18 ./Core/Src/main.o
 .text.LL_SYSTICK_EnableIT
                0x0000000008001ba8       0x1c ./Core/Src/main.o
 .text.LL_SYSTICK_DisableIT
                0x0000000008001bc4       0x1c ./Core/Src/main.o
 .text.LL_TIM_EnableCounter
                0x0000000008001be0       0x1c ./Core/Src/main.o
 .text.LL_TIM_SetAutoReload
                0x0000000008001bfc       0x18 ./Core/Src/main.o
 .text.LL_TIM_OC_SetCompareCH1
                0x0000000008001c14       0x18 ./Core/Src/main.o
 .text.LL_TIM_OC_SetCompareCH2
                0x0000000008001c2c       0x18 ./Core/Src/main.o
 .text.LL_TIM_EnableAllOutputs
                0x0000000008001c44       0x1e ./Core/Src/main.o
 .text.LL_GPIO_SetOutputPin
                0x0000000008001c62       0x18 ./Core/Src/main.o
 .text.LL_GPIO_ResetOutputPin
                0x0000000008001c7a       0x18 ./Core/Src/main.o
 *fill*         0x0000000008001c92        0x2 
 .text.main     0x0000000008001c94      0xafc ./Core/Src/main.o
                0x0000000008001c94                main
 .text.SystemClock_Config
                0x0000000008002790       0x64 ./Core/Src/main.o
                0x0000000008002790                SystemClock_Config
 .text.Beep     0x00000000080027f4       0x60 ./Core/Src/main.o
                0x00000000080027f4                Beep
 .text.Music    0x0000000008002854      0x104 ./Core/Src/main.o
                0x0000000008002854                Music
 .text.MusicEnd
                0x0000000008002958       0x58 ./Core/Src/main.o
                0x0000000008002958                MusicEnd
 .text.MusicUp  0x00000000080029b0       0x58 ./Core/Src/main.o
                0x00000000080029b0                MusicUp
 .text.Error_Handler
                0x0000000008002a08        0xa ./Core/Src/main.o
                0x0000000008002a08                Error_Handler
 *fill*         0x0000000008002a12        0x2 
 .text.MX_SPI1_Init
                0x0000000008002a14       0x80 ./Core/Src/spi.o
                0x0000000008002a14                MX_SPI1_Init
 .text.MX_SPI2_Init
                0x0000000008002a94       0x7c ./Core/Src/spi.o
                0x0000000008002a94                MX_SPI2_Init
 .text.HAL_SPI_MspInit
                0x0000000008002b10      0x160 ./Core/Src/spi.o
                0x0000000008002b10                HAL_SPI_MspInit
 .text.HAL_MspInit
                0x0000000008002c70       0x48 ./Core/Src/stm32f0xx_hal_msp.o
                0x0000000008002c70                HAL_MspInit
 .text.LL_EXTI_IsActiveFlag_0_31
                0x0000000008002cb8       0x28 ./Core/Src/stm32f0xx_it.o
 .text.LL_EXTI_ClearFlag_0_31
                0x0000000008002ce0       0x1c ./Core/Src/stm32f0xx_it.o
 .text.LL_TIM_DisableCounter
                0x0000000008002cfc       0x1e ./Core/Src/stm32f0xx_it.o
 .text.LL_TIM_OC_SetCompareCH1
                0x0000000008002d1a       0x18 ./Core/Src/stm32f0xx_it.o
 *fill*         0x0000000008002d32        0x2 
 .text.LL_TIM_DisableAllOutputs
                0x0000000008002d34       0x20 ./Core/Src/stm32f0xx_it.o
 .text.LL_GPIO_IsInputPinSet
                0x0000000008002d54       0x24 ./Core/Src/stm32f0xx_it.o
 .text.NMI_Handler
                0x0000000008002d78        0x6 ./Core/Src/stm32f0xx_it.o
                0x0000000008002d78                NMI_Handler
 .text.HardFault_Handler
                0x0000000008002d7e        0x6 ./Core/Src/stm32f0xx_it.o
                0x0000000008002d7e                HardFault_Handler
 .text.SVC_Handler
                0x0000000008002d84        0xa ./Core/Src/stm32f0xx_it.o
                0x0000000008002d84                SVC_Handler
 .text.PendSV_Handler
                0x0000000008002d8e        0xa ./Core/Src/stm32f0xx_it.o
                0x0000000008002d8e                PendSV_Handler
 .text.SysTick_Handler
                0x0000000008002d98      0x280 ./Core/Src/stm32f0xx_it.o
                0x0000000008002d98                SysTick_Handler
 .text.EXTI4_15_IRQHandler
                0x0000000008003018      0x3fc ./Core/Src/stm32f0xx_it.o
                0x0000000008003018                EXTI4_15_IRQHandler
 .text.SystemInit
                0x0000000008003414        0xa ./Core/Src/system_stm32f0xx.o
                0x0000000008003414                SystemInit
 *fill*         0x000000000800341e        0x2 
 .text.LL_AHB1_GRP1_EnableClock
                0x0000000008003420       0x2c ./Core/Src/tim.o
 .text.LL_APB1_GRP1_EnableClock
                0x000000000800344c       0x2c ./Core/Src/tim.o
 .text.LL_APB1_GRP2_EnableClock
                0x0000000008003478       0x2c ./Core/Src/tim.o
 .text.LL_TIM_EnableARRPreload
                0x00000000080034a4       0x1c ./Core/Src/tim.o
 .text.LL_TIM_OC_DisableFast
                0x00000000080034c0       0x94 ./Core/Src/tim.o
 .text.LL_TIM_OC_EnablePreload
                0x0000000008003554       0x90 ./Core/Src/tim.o
 .text.LL_TIM_SetClockSource
                0x00000000080035e4       0x28 ./Core/Src/tim.o
 .text.LL_TIM_SetTriggerOutput
                0x000000000800360c       0x24 ./Core/Src/tim.o
 .text.LL_TIM_DisableMasterSlaveMode
                0x0000000008003630       0x1e ./Core/Src/tim.o
 *fill*         0x000000000800364e        0x2 
 .text.MX_TIM1_Init
                0x0000000008003650      0x178 ./Core/Src/tim.o
                0x0000000008003650                MX_TIM1_Init
 .text.MX_TIM2_Init
                0x00000000080037c8      0x11c ./Core/Src/tim.o
                0x00000000080037c8                MX_TIM2_Init
 .text.Reset_Handler
                0x00000000080038e4       0x50 ./Core/Startup/startup_stm32f072rbtx.o
                0x00000000080038e4                Reset_Handler
 .text.Default_Handler
                0x0000000008003934        0x2 ./Core/Startup/startup_stm32f072rbtx.o
                0x0000000008003934                TIM1_CC_IRQHandler
                0x0000000008003934                TSC_IRQHandler
                0x0000000008003934                ADC1_COMP_IRQHandler
                0x0000000008003934                I2C1_IRQHandler
                0x0000000008003934                RCC_CRS_IRQHandler
                0x0000000008003934                SPI1_IRQHandler
                0x0000000008003934                TIM6_DAC_IRQHandler
                0x0000000008003934                USART3_4_IRQHandler
                0x0000000008003934                EXTI2_3_IRQHandler
                0x0000000008003934                I2C2_IRQHandler
                0x0000000008003934                TIM17_IRQHandler
                0x0000000008003934                CEC_CAN_IRQHandler
                0x0000000008003934                RTC_IRQHandler
                0x0000000008003934                PVD_VDDIO2_IRQHandler
                0x0000000008003934                DMA1_Channel4_5_6_7_IRQHandler
                0x0000000008003934                TIM16_IRQHandler
                0x0000000008003934                TIM3_IRQHandler
                0x0000000008003934                DMA1_Channel1_IRQHandler
                0x0000000008003934                Default_Handler
                0x0000000008003934                TIM14_IRQHandler
                0x0000000008003934                TIM7_IRQHandler
                0x0000000008003934                TIM15_IRQHandler
                0x0000000008003934                EXTI0_1_IRQHandler
                0x0000000008003934                USB_IRQHandler
                0x0000000008003934                SPI2_IRQHandler
                0x0000000008003934                WWDG_IRQHandler
                0x0000000008003934                TIM2_IRQHandler
                0x0000000008003934                DMA1_Channel2_3_IRQHandler
                0x0000000008003934                USART2_IRQHandler
                0x0000000008003934                FLASH_IRQHandler
                0x0000000008003934                USART1_IRQHandler
                0x0000000008003934                TIM1_BRK_UP_TRG_COM_IRQHandler
 *fill*         0x0000000008003936        0x2 
 .text.HAL_Init
                0x0000000008003938       0x28 ./Drivers/STM32F0xx_HAL_Driver/Src/stm32f0xx_hal.o
                0x0000000008003938                HAL_Init
 .text.HAL_InitTick
                0x0000000008003960       0x68 ./Drivers/STM32F0xx_HAL_Driver/Src/stm32f0xx_hal.o
                0x0000000008003960                HAL_InitTick
 .text.HAL_IncTick
                0x00000000080039c8       0x24 ./Drivers/STM32F0xx_HAL_Driver/Src/stm32f0xx_hal.o
                0x00000000080039c8                HAL_IncTick
 .text.HAL_GetTick
                0x00000000080039ec       0x14 ./Drivers/STM32F0xx_HAL_Driver/Src/stm32f0xx_hal.o
                0x00000000080039ec                HAL_GetTick
 .text.HAL_Delay
                0x0000000008003a00       0x48 ./Drivers/STM32F0xx_HAL_Driver/Src/stm32f0xx_hal.o
                0x0000000008003a00                HAL_Delay
 .text.__NVIC_SetPriority
                0x0000000008003a48       0xdc ./Drivers/STM32F0xx_HAL_Driver/Src/stm32f0xx_hal_cortex.o
 .text.SysTick_Config
                0x0000000008003b24       0x48 ./Drivers/STM32F0xx_HAL_Driver/Src/stm32f0xx_hal_cortex.o
 .text.HAL_NVIC_SetPriority
                0x0000000008003b6c       0x2a ./Drivers/STM32F0xx_HAL_Driver/Src/stm32f0xx_hal_cortex.o
                0x0000000008003b6c                HAL_NVIC_SetPriority
 .text.HAL_SYSTICK_Config
                0x0000000008003b96       0x1a ./Drivers/STM32F0xx_HAL_Driver/Src/stm32f0xx_hal_cortex.o
                0x0000000008003b96                HAL_SYSTICK_Config
 .text.HAL_GPIO_Init
                0x0000000008003bb0      0x2f0 ./Drivers/STM32F0xx_HAL_Driver/Src/stm32f0xx_hal_gpio.o
                0x0000000008003bb0                HAL_GPIO_Init
 .text.HAL_GPIO_WritePin
                0x0000000008003ea0       0x3a ./Drivers/STM32F0xx_HAL_Driver/Src/stm32f0xx_hal_gpio.o
                0x0000000008003ea0                HAL_GPIO_WritePin
 *fill*         0x0000000008003eda        0x2 
 .text.HAL_SPI_Init
                0x0000000008003edc      0x170 ./Drivers/STM32F0xx_HAL_Driver/Src/stm32f0xx_hal_spi.o
                0x0000000008003edc                HAL_SPI_Init
 .text.HAL_SPI_Transmit
                0x000000000800404c      0x2b0 ./Drivers/STM32F0xx_HAL_Driver/Src/stm32f0xx_hal_spi.o
                0x000000000800404c                HAL_SPI_Transmit
 .text.HAL_SPI_Receive
                0x00000000080042fc      0x298 ./Drivers/STM32F0xx_HAL_Driver/Src/stm32f0xx_hal_spi.o
                0x00000000080042fc                HAL_SPI_Receive
 .text.HAL_SPI_TransmitReceive
                0x0000000008004594      0x3a4 ./Drivers/STM32F0xx_HAL_Driver/Src/stm32f0xx_hal_spi.o
                0x0000000008004594                HAL_SPI_TransmitReceive
 .text.SPI_WaitFlagStateUntilTimeout
                0x0000000008004938      0x11c ./Drivers/STM32F0xx_HAL_Driver/Src/stm32f0xx_hal_spi.o
 .text.SPI_WaitFifoStateUntilTimeout
                0x0000000008004a54      0x144 ./Drivers/STM32F0xx_HAL_Driver/Src/stm32f0xx_hal_spi.o
 .text.SPI_EndRxTransaction
                0x0000000008004b98       0xbc ./Drivers/STM32F0xx_HAL_Driver/Src/stm32f0xx_hal_spi.o
 .text.SPI_EndRxTxTransaction
                0x0000000008004c54       0x8c ./Drivers/STM32F0xx_HAL_Driver/Src/stm32f0xx_hal_spi.o
 .text.LL_ADC_IsEnabled
                0x0000000008004ce0       0x20 ./Drivers/STM32F0xx_HAL_Driver/Src/stm32f0xx_ll_adc.o
 .text.LL_ADC_Init
                0x0000000008004d00       0x6c ./Drivers/STM32F0xx_HAL_Driver/Src/stm32f0xx_ll_adc.o
                0x0000000008004d00                LL_ADC_Init
 .text.LL_ADC_REG_Init
                0x0000000008004d6c       0x64 ./Drivers/STM32F0xx_HAL_Driver/Src/stm32f0xx_ll_adc.o
                0x0000000008004d6c                LL_ADC_REG_Init
 .text.LL_EXTI_EnableIT_0_31
                0x0000000008004dd0       0x20 ./Drivers/STM32F0xx_HAL_Driver/Src/stm32f0xx_ll_exti.o
 .text.LL_EXTI_DisableIT_0_31
                0x0000000008004df0       0x24 ./Drivers/STM32F0xx_HAL_Driver/Src/stm32f0xx_ll_exti.o
 .text.LL_EXTI_EnableEvent_0_31
                0x0000000008004e14       0x20 ./Drivers/STM32F0xx_HAL_Driver/Src/stm32f0xx_ll_exti.o
 .text.LL_EXTI_DisableEvent_0_31
                0x0000000008004e34       0x24 ./Drivers/STM32F0xx_HAL_Driver/Src/stm32f0xx_ll_exti.o
 .text.LL_EXTI_EnableRisingTrig_0_31
                0x0000000008004e58       0x20 ./Drivers/STM32F0xx_HAL_Driver/Src/stm32f0xx_ll_exti.o
 .text.LL_EXTI_DisableRisingTrig_0_31
                0x0000000008004e78       0x24 ./Drivers/STM32F0xx_HAL_Driver/Src/stm32f0xx_ll_exti.o
 .text.LL_EXTI_EnableFallingTrig_0_31
                0x0000000008004e9c       0x20 ./Drivers/STM32F0xx_HAL_Driver/Src/stm32f0xx_ll_exti.o
 .text.LL_EXTI_DisableFallingTrig_0_31
                0x0000000008004ebc       0x24 ./Drivers/STM32F0xx_HAL_Driver/Src/stm32f0xx_ll_exti.o
 .text.LL_EXTI_Init
                0x0000000008004ee0      0x112 ./Drivers/STM32F0xx_HAL_Driver/Src/stm32f0xx_ll_exti.o
                0x0000000008004ee0                LL_EXTI_Init
 .text.LL_GPIO_SetPinMode
                0x0000000008004ff2       0x38 ./Drivers/STM32F0xx_HAL_Driver/Src/stm32f0xx_ll_gpio.o
 .text.LL_GPIO_SetPinOutputType
                0x000000000800502a       0x2a ./Drivers/STM32F0xx_HAL_Driver/Src/stm32f0xx_ll_gpio.o
 .text.LL_GPIO_SetPinSpeed
                0x0000000008005054       0x38 ./Drivers/STM32F0xx_HAL_Driver/Src/stm32f0xx_ll_gpio.o
 .text.LL_GPIO_SetPinPull
                0x000000000800508c       0x38 ./Drivers/STM32F0xx_HAL_Driver/Src/stm32f0xx_ll_gpio.o
 .text.LL_GPIO_SetAFPin_0_7
                0x00000000080050c4       0x46 ./Drivers/STM32F0xx_HAL_Driver/Src/stm32f0xx_ll_gpio.o
 .text.LL_GPIO_SetAFPin_8_15
                0x000000000800510a       0x5a ./Drivers/STM32F0xx_HAL_Driver/Src/stm32f0xx_ll_gpio.o
 .text.LL_GPIO_Init
                0x0000000008005164       0xb8 ./Drivers/STM32F0xx_HAL_Driver/Src/stm32f0xx_ll_gpio.o
                0x0000000008005164                LL_GPIO_Init
 .text.LL_TIM_SetPrescaler
                0x000000000800521c       0x18 ./Drivers/STM32F0xx_HAL_Driver/Src/stm32f0xx_ll_tim.o
 .text.LL_TIM_SetAutoReload
                0x0000000008005234       0x18 ./Drivers/STM32F0xx_HAL_Driver/Src/stm32f0xx_ll_tim.o
 .text.LL_TIM_SetRepetitionCounter
                0x000000000800524c       0x18 ./Drivers/STM32F0xx_HAL_Driver/Src/stm32f0xx_ll_tim.o
 .text.LL_TIM_OC_SetCompareCH1
                0x0000000008005264       0x18 ./Drivers/STM32F0xx_HAL_Driver/Src/stm32f0xx_ll_tim.o
 .text.LL_TIM_OC_SetCompareCH2
                0x000000000800527c       0x18 ./Drivers/STM32F0xx_HAL_Driver/Src/stm32f0xx_ll_tim.o
 .text.LL_TIM_OC_SetCompareCH3
                0x0000000008005294       0x18 ./Drivers/STM32F0xx_HAL_Driver/Src/stm32f0xx_ll_tim.o
 .text.LL_TIM_OC_SetCompareCH4
                0x00000000080052ac       0x18 ./Drivers/STM32F0xx_HAL_Driver/Src/stm32f0xx_ll_tim.o
 .text.LL_TIM_GenerateEvent_UPDATE
                0x00000000080052c4       0x1c ./Drivers/STM32F0xx_HAL_Driver/Src/stm32f0xx_ll_tim.o
 .text.LL_TIM_Init
                0x00000000080052e0      0x104 ./Drivers/STM32F0xx_HAL_Driver/Src/stm32f0xx_ll_tim.o
                0x00000000080052e0                LL_TIM_Init
 .text.LL_TIM_OC_Init
                0x00000000080053e4       0xb2 ./Drivers/STM32F0xx_HAL_Driver/Src/stm32f0xx_ll_tim.o
                0x00000000080053e4                LL_TIM_OC_Init
 *fill*         0x0000000008005496        0x2 
 .text.LL_TIM_BDTR_Init
                0x0000000008005498       0xac ./Drivers/STM32F0xx_HAL_Driver/Src/stm32f0xx_ll_tim.o
                0x0000000008005498                LL_TIM_BDTR_Init
 .text.OC1Config
                0x0000000008005544      0x108 ./Drivers/STM32F0xx_HAL_Driver/Src/stm32f0xx_ll_tim.o
 .text.OC2Config
                0x000000000800564c      0x114 ./Drivers/STM32F0xx_HAL_Driver/Src/stm32f0xx_ll_tim.o
 .text.OC3Config
                0x0000000008005760      0x114 ./Drivers/STM32F0xx_HAL_Driver/Src/stm32f0xx_ll_tim.o
 .text.OC4Config
                0x0000000008005874       0xe0 ./Drivers/STM32F0xx_HAL_Driver/Src/stm32f0xx_ll_tim.o
 .text.LL_mDelay
                0x0000000008005954       0x44 ./Drivers/STM32F0xx_HAL_Driver/Src/stm32f0xx_ll_utils.o
                0x0000000008005954                LL_mDelay
 .text.LL_SetSystemCoreClock
                0x0000000008005998       0x1c ./Drivers/STM32F0xx_HAL_Driver/Src/stm32f0xx_ll_utils.o
                0x0000000008005998                LL_SetSystemCoreClock
 .text.__libc_init_array
                0x00000000080059b4       0x48 c:/st/stm32cubeide_1.10.1/stm32cubeide/plugins/com.st.stm32cube.ide.mcu.externaltools.gnu-tools-for-stm32.10.3-2021.10.win32_1.0.0.202111181127/tools/bin/../lib/gcc/arm-none-eabi/10.3.1/../../../../arm-none-eabi/lib/thumb/v6-m/nofp\libc_nano.a(lib_a-init.o)
                0x00000000080059b4                __libc_init_array
 .text.memset   0x00000000080059fc       0x10 c:/st/stm32cubeide_1.10.1/stm32cubeide/plugins/com.st.stm32cube.ide.mcu.externaltools.gnu-tools-for-stm32.10.3-2021.10.win32_1.0.0.202111181127/tools/bin/../lib/gcc/arm-none-eabi/10.3.1/../../../../arm-none-eabi/lib/thumb/v6-m/nofp\libc_nano.a(lib_a-memset.o)
                0x00000000080059fc                memset
 *(.glue_7)
 .glue_7        0x0000000008005a0c        0x0 linker stubs
 *(.glue_7t)
 .glue_7t       0x0000000008005a0c        0x0 linker stubs
 *(.eh_frame)
 .eh_frame      0x0000000008005a0c        0x0 c:/st/stm32cubeide_1.10.1/stm32cubeide/plugins/com.st.stm32cube.ide.mcu.externaltools.gnu-tools-for-stm32.10.3-2021.10.win32_1.0.0.202111181127/tools/bin/../lib/gcc/arm-none-eabi/10.3.1/thumb/v6-m/nofp/crtbegin.o
 *(.init)
 .init          0x0000000008005a0c        0x4 c:/st/stm32cubeide_1.10.1/stm32cubeide/plugins/com.st.stm32cube.ide.mcu.externaltools.gnu-tools-for-stm32.10.3-2021.10.win32_1.0.0.202111181127/tools/bin/../lib/gcc/arm-none-eabi/10.3.1/thumb/v6-m/nofp/crti.o
                0x0000000008005a0c                _init
 .init          0x0000000008005a10        0x8 c:/st/stm32cubeide_1.10.1/stm32cubeide/plugins/com.st.stm32cube.ide.mcu.externaltools.gnu-tools-for-stm32.10.3-2021.10.win32_1.0.0.202111181127/tools/bin/../lib/gcc/arm-none-eabi/10.3.1/thumb/v6-m/nofp/crtn.o
 *(.fini)
 .fini          0x0000000008005a18        0x4 c:/st/stm32cubeide_1.10.1/stm32cubeide/plugins/com.st.stm32cube.ide.mcu.externaltools.gnu-tools-for-stm32.10.3-2021.10.win32_1.0.0.202111181127/tools/bin/../lib/gcc/arm-none-eabi/10.3.1/thumb/v6-m/nofp/crti.o
                0x0000000008005a18                _fini
 .fini          0x0000000008005a1c        0x8 c:/st/stm32cubeide_1.10.1/stm32cubeide/plugins/com.st.stm32cube.ide.mcu.externaltools.gnu-tools-for-stm32.10.3-2021.10.win32_1.0.0.202111181127/tools/bin/../lib/gcc/arm-none-eabi/10.3.1/thumb/v6-m/nofp/crtn.o
                0x0000000008005a24                . = ALIGN (0x4)
                0x0000000008005a24                _etext = .

.vfp11_veneer   0x0000000008005a24        0x0
 .vfp11_veneer  0x0000000008005a24        0x0 linker stubs

.v4_bx          0x0000000008005a24        0x0
 .v4_bx         0x0000000008005a24        0x0 linker stubs

.iplt           0x0000000008005a24        0x0
 .iplt          0x0000000008005a24        0x0 c:/st/stm32cubeide_1.10.1/stm32cubeide/plugins/com.st.stm32cube.ide.mcu.externaltools.gnu-tools-for-stm32.10.3-2021.10.win32_1.0.0.202111181127/tools/bin/../lib/gcc/arm-none-eabi/10.3.1/thumb/v6-m/nofp/crtbegin.o

.rodata         0x0000000008005a24      0x378
                0x0000000008005a24                . = ALIGN (0x4)
 *(.rodata)
 .rodata        0x0000000008005a24        0xd ./Core/Src/Eeprom.o
 *fill*         0x0000000008005a31        0x3 
 .rodata        0x0000000008005a34        0x8 ./Core/Src/HD44780.o
 .rodata        0x0000000008005a3c      0x271 ./Core/Src/main.o
 *(.rodata*)
 *fill*         0x0000000008005cad        0x3 
 .rodata.main   0x0000000008005cb0       0x4c ./Core/Src/main.o
 .rodata.EXTI4_15_IRQHandler
                0x0000000008005cfc       0x90 ./Core/Src/stm32f0xx_it.o
 .rodata.OFFSET_TAB_CCMRx
                0x0000000008005d8c        0x7 ./Core/Src/tim.o
 *fill*         0x0000000008005d93        0x1 
 .rodata.SHIFT_TAB_OCxx
                0x0000000008005d94        0x7 ./Core/Src/tim.o
                0x0000000008005d9c                . = ALIGN (0x4)
 *fill*         0x0000000008005d9b        0x1 

.ARM.extab      0x0000000008005d9c        0x0
                0x0000000008005d9c                . = ALIGN (0x4)
 *(.ARM.extab* .gnu.linkonce.armextab.*)
                0x0000000008005d9c                . = ALIGN (0x4)

.ARM            0x0000000008005d9c        0x8
                0x0000000008005d9c                . = ALIGN (0x4)
                0x0000000008005d9c                __exidx_start = .
 *(.ARM.exidx*)
 .ARM.exidx     0x0000000008005d9c        0x8 c:/st/stm32cubeide_1.10.1/stm32cubeide/plugins/com.st.stm32cube.ide.mcu.externaltools.gnu-tools-for-stm32.10.3-2021.10.win32_1.0.0.202111181127/tools/bin/../lib/gcc/arm-none-eabi/10.3.1/thumb/v6-m/nofp\libgcc.a(_udivmoddi4.o)
                0x0000000008005da4                __exidx_end = .
                0x0000000008005da4                . = ALIGN (0x4)

.rel.dyn        0x0000000008005da4        0x0
 .rel.iplt      0x0000000008005da4        0x0 c:/st/stm32cubeide_1.10.1/stm32cubeide/plugins/com.st.stm32cube.ide.mcu.externaltools.gnu-tools-for-stm32.10.3-2021.10.win32_1.0.0.202111181127/tools/bin/../lib/gcc/arm-none-eabi/10.3.1/thumb/v6-m/nofp/crtbegin.o

.preinit_array  0x0000000008005da4        0x0
                0x0000000008005da4                . = ALIGN (0x4)
                0x0000000008005da4                PROVIDE (__preinit_array_start = .)
 *(.preinit_array*)
                0x0000000008005da4                PROVIDE (__preinit_array_end = .)
                0x0000000008005da4                . = ALIGN (0x4)

.init_array     0x0000000008005da4        0x4
                0x0000000008005da4                . = ALIGN (0x4)
                0x0000000008005da4                PROVIDE (__init_array_start = .)
 *(SORT_BY_NAME(.init_array.*))
 *(.init_array*)
 .init_array    0x0000000008005da4        0x4 c:/st/stm32cubeide_1.10.1/stm32cubeide/plugins/com.st.stm32cube.ide.mcu.externaltools.gnu-tools-for-stm32.10.3-2021.10.win32_1.0.0.202111181127/tools/bin/../lib/gcc/arm-none-eabi/10.3.1/thumb/v6-m/nofp/crtbegin.o
                0x0000000008005da8                PROVIDE (__init_array_end = .)
                0x0000000008005da8                . = ALIGN (0x4)

.fini_array     0x0000000008005da8        0x4
                0x0000000008005da8                . = ALIGN (0x4)
                [!provide]                        PROVIDE (__fini_array_start = .)
 *(SORT_BY_NAME(.fini_array.*))
 *(.fini_array*)
 .fini_array    0x0000000008005da8        0x4 c:/st/stm32cubeide_1.10.1/stm32cubeide/plugins/com.st.stm32cube.ide.mcu.externaltools.gnu-tools-for-stm32.10.3-2021.10.win32_1.0.0.202111181127/tools/bin/../lib/gcc/arm-none-eabi/10.3.1/thumb/v6-m/nofp/crtbegin.o
                [!provide]                        PROVIDE (__fini_array_end = .)
                0x0000000008005dac                . = ALIGN (0x4)
                0x0000000008005dac                _sidata = LOADADDR (.data)

.data           0x0000000020000000       0x20 load address 0x0000000008005dac
                0x0000000020000000                . = ALIGN (0x4)
                0x0000000020000000                _sdata = .
 *(.data)
 *(.data*)
 .data.MeanMax  0x0000000020000000        0x2 ./Core/Src/main.o
                0x0000000020000000                MeanMax
 .data.TemperatureMin
                0x0000000020000002        0x2 ./Core/Src/main.o
                0x0000000020000002                TemperatureMin
 .data.TemperatureMax
                0x0000000020000004        0x2 ./Core/Src/main.o
                0x0000000020000004                TemperatureMax
 .data.TemperatureSet0
                0x0000000020000006        0x2 ./Core/Src/main.o
                0x0000000020000006                TemperatureSet0
 .data.TemperatureSet
                0x0000000020000008        0x2 ./Core/Src/main.o
                0x0000000020000008                TemperatureSet
 .data.StandbyTemperature
                0x000000002000000a        0x2 ./Core/Src/main.o
                0x000000002000000a                StandbyTemperature
 .data.StandbyDifference
                0x000000002000000c        0x2 ./Core/Src/main.o
                0x000000002000000c                StandbyDifference
 .data.StandbyTimerMax
                0x000000002000000e        0x2 ./Core/Src/main.o
                0x000000002000000e                StandbyTimerMax
 .data.Const1   0x0000000020000010        0x2 ./Core/Src/main.o
                0x0000000020000010                Const1
 .data.Const2   0x0000000020000012        0x2 ./Core/Src/main.o
                0x0000000020000012                Const2
 .data.SystemCoreClock
                0x0000000020000014        0x4 ./Core/Src/system_stm32f0xx.o
                0x0000000020000014                SystemCoreClock
 .data.uwTickPrio
                0x0000000020000018        0x4 ./Drivers/STM32F0xx_HAL_Driver/Src/stm32f0xx_hal.o
                0x0000000020000018                uwTickPrio
 .data.uwTickFreq
                0x000000002000001c        0x1 ./Drivers/STM32F0xx_HAL_Driver/Src/stm32f0xx_hal.o
                0x000000002000001c                uwTickFreq
 *(.RamFunc)
 *(.RamFunc*)
                0x0000000020000020                . = ALIGN (0x4)
 *fill*         0x000000002000001d        0x3 
                0x0000000020000020                _edata = .

.igot.plt       0x0000000020000020        0x0 load address 0x0000000008005dcc
 .igot.plt      0x0000000020000020        0x0 c:/st/stm32cubeide_1.10.1/stm32cubeide/plugins/com.st.stm32cube.ide.mcu.externaltools.gnu-tools-for-stm32.10.3-2021.10.win32_1.0.0.202111181127/tools/bin/../lib/gcc/arm-none-eabi/10.3.1/thumb/v6-m/nofp/crtbegin.o
                0x0000000020000020                . = ALIGN (0x4)

.bss            0x0000000020000020      0x2d0 load address 0x0000000008005dcc
                0x0000000020000020                _sbss = .
                0x0000000020000020                __bss_start__ = _sbss
 *(.bss)
 .bss           0x0000000020000020       0x1c c:/st/stm32cubeide_1.10.1/stm32cubeide/plugins/com.st.stm32cube.ide.mcu.externaltools.gnu-tools-for-stm32.10.3-2021.10.win32_1.0.0.202111181127/tools/bin/../lib/gcc/arm-none-eabi/10.3.1/thumb/v6-m/nofp/crtbegin.o
 *(.bss*)
 .bss.EEPROM_SPI
                0x000000002000003c        0x4 ./Core/Src/Eeprom.o
                0x000000002000003c                EEPROM_SPI
 .bss.System    0x0000000020000040        0x1 ./Core/Src/main.o
                0x0000000020000040                System
 .bss.Menu      0x0000000020000041        0x1 ./Core/Src/main.o
                0x0000000020000041                Menu
 .bss.TimerBeep
                0x0000000020000042        0x2 ./Core/Src/main.o
                0x0000000020000042                TimerBeep
 .bss.TimerStart
                0x0000000020000044        0x2 ./Core/Src/main.o
                0x0000000020000044                TimerStart
 .bss.TimerSec  0x0000000020000046        0x2 ./Core/Src/main.o
                0x0000000020000046                TimerSec
 .bss.Temperature
                0x0000000020000048        0x4 ./Core/Src/main.o
                0x0000000020000048                Temperature
 .bss.TemperatureIn
                0x000000002000004c        0x4 ./Core/Src/main.o
                0x000000002000004c                TemperatureIn
 .bss.TemperatureOut
                0x0000000020000050        0x4 ./Core/Src/main.o
                0x0000000020000050                TemperatureOut
 .bss.MeanArray
                0x0000000020000054      0x190 ./Core/Src/main.o
                0x0000000020000054                MeanArray
 .bss.MeanPointer
                0x00000000200001e4        0x1 ./Core/Src/main.o
                0x00000000200001e4                MeanPointer
 *fill*         0x00000000200001e5        0x3 
 .bss.MeanAdd   0x00000000200001e8        0x4 ./Core/Src/main.o
                0x00000000200001e8                MeanAdd
 .bss.TemperatureMeasure
                0x00000000200001ec        0x4 ./Core/Src/main.o
                0x00000000200001ec                TemperatureMeasure
 .bss.AdResult  0x00000000200001f0        0x4 ./Core/Src/main.o
                0x00000000200001f0                AdResult
 .bss.TemperatureSetStandby
                0x00000000200001f4        0x2 ./Core/Src/main.o
                0x00000000200001f4                TemperatureSetStandby
 .bss.TimerStandby
                0x00000000200001f6        0x2 ./Core/Src/main.o
                0x00000000200001f6                TimerStandby
 .bss.Difference
                0x00000000200001f8        0x2 ./Core/Src/main.o
                0x00000000200001f8                Difference
 *fill*         0x00000000200001fa        0x2 
 .bss.DifferenceIntegral
                0x00000000200001fc        0x4 ./Core/Src/main.o
                0x00000000200001fc                DifferenceIntegral
 .bss.SolderPWM
                0x0000000020000200        0x2 ./Core/Src/main.o
                0x0000000020000200                SolderPWM
 .bss.CounterTemperature
                0x0000000020000202        0x2 ./Core/Src/main.o
                0x0000000020000202                CounterTemperature
 .bss.EepromBuffer
                0x0000000020000204       0x1e ./Core/Src/main.o
                0x0000000020000204                EepromBuffer
 *fill*         0x0000000020000222        0x2 
 .bss.hspi1     0x0000000020000224       0x64 ./Core/Src/spi.o
                0x0000000020000224                hspi1
 .bss.hspi2     0x0000000020000288       0x64 ./Core/Src/spi.o
                0x0000000020000288                hspi2
 .bss.uwTick    0x00000000200002ec        0x4 ./Drivers/STM32F0xx_HAL_Driver/Src/stm32f0xx_hal.o
                0x00000000200002ec                uwTick
 *(COMMON)
                0x00000000200002f0                . = ALIGN (0x4)
                0x00000000200002f0                _ebss = .
                0x00000000200002f0                __bss_end__ = _ebss

._user_heap_stack
                0x00000000200002f0      0x600 load address 0x0000000008005dcc
                0x00000000200002f0                . = ALIGN (0x8)
                [!provide]                        PROVIDE (end = .)
                0x00000000200002f0                PROVIDE (_end = .)
                0x00000000200004f0                . = (. + _Min_Heap_Size)
 *fill*         0x00000000200002f0      0x200 
                0x00000000200008f0                . = (. + _Min_Stack_Size)
 *fill*         0x00000000200004f0      0x400 
                0x00000000200008f0                . = ALIGN (0x8)

/DISCARD/
 libc.a(*)
 libm.a(*)
 libgcc.a(*)

.ARM.attributes
                0x0000000000000000       0x28
 *(.ARM.attributes)
 .ARM.attributes
                0x0000000000000000       0x1e c:/st/stm32cubeide_1.10.1/stm32cubeide/plugins/com.st.stm32cube.ide.mcu.externaltools.gnu-tools-for-stm32.10.3-2021.10.win32_1.0.0.202111181127/tools/bin/../lib/gcc/arm-none-eabi/10.3.1/thumb/v6-m/nofp/crti.o
 .ARM.attributes
                0x000000000000001e       0x2c c:/st/stm32cubeide_1.10.1/stm32cubeide/plugins/com.st.stm32cube.ide.mcu.externaltools.gnu-tools-for-stm32.10.3-2021.10.win32_1.0.0.202111181127/tools/bin/../lib/gcc/arm-none-eabi/10.3.1/thumb/v6-m/nofp/crtbegin.o
 .ARM.attributes
                0x000000000000004a       0x2c ./Core/Src/Eeprom.o
 .ARM.attributes
                0x0000000000000076       0x2c ./Core/Src/HD44780.o
 .ARM.attributes
                0x00000000000000a2       0x2c ./Core/Src/adc.o
 .ARM.attributes
                0x00000000000000ce       0x2c ./Core/Src/gpio.o
 .ARM.attributes
                0x00000000000000fa       0x2c ./Core/Src/main.o
 .ARM.attributes
                0x0000000000000126       0x2c ./Core/Src/spi.o
 .ARM.attributes
                0x0000000000000152       0x2c ./Core/Src/stm32f0xx_hal_msp.o
 .ARM.attributes
                0x000000000000017e       0x2c ./Core/Src/stm32f0xx_it.o
 .ARM.attributes
                0x00000000000001aa       0x2c ./Core/Src/system_stm32f0xx.o
 .ARM.attributes
                0x00000000000001d6       0x2c ./Core/Src/tim.o
 .ARM.attributes
                0x0000000000000202       0x21 ./Core/Startup/startup_stm32f072rbtx.o
 .ARM.attributes
                0x0000000000000223       0x2c ./Drivers/STM32F0xx_HAL_Driver/Src/stm32f0xx_hal.o
 .ARM.attributes
                0x000000000000024f       0x2c ./Drivers/STM32F0xx_HAL_Driver/Src/stm32f0xx_hal_cortex.o
 .ARM.attributes
                0x000000000000027b       0x2c ./Drivers/STM32F0xx_HAL_Driver/Src/stm32f0xx_hal_gpio.o
 .ARM.attributes
                0x00000000000002a7       0x2c ./Drivers/STM32F0xx_HAL_Driver/Src/stm32f0xx_hal_spi.o
 .ARM.attributes
                0x00000000000002d3       0x2c ./Drivers/STM32F0xx_HAL_Driver/Src/stm32f0xx_ll_adc.o
 .ARM.attributes
                0x00000000000002ff       0x2c ./Drivers/STM32F0xx_HAL_Driver/Src/stm32f0xx_ll_exti.o
 .ARM.attributes
                0x000000000000032b       0x2c ./Drivers/STM32F0xx_HAL_Driver/Src/stm32f0xx_ll_gpio.o
 .ARM.attributes
                0x0000000000000357       0x2c ./Drivers/STM32F0xx_HAL_Driver/Src/stm32f0xx_ll_tim.o
 .ARM.attributes
                0x0000000000000383       0x2c ./Drivers/STM32F0xx_HAL_Driver/Src/stm32f0xx_ll_utils.o
 .ARM.attributes
                0x00000000000003af       0x2c c:/st/stm32cubeide_1.10.1/stm32cubeide/plugins/com.st.stm32cube.ide.mcu.externaltools.gnu-tools-for-stm32.10.3-2021.10.win32_1.0.0.202111181127/tools/bin/../lib/gcc/arm-none-eabi/10.3.1/../../../../arm-none-eabi/lib/thumb/v6-m/nofp\libc_nano.a(lib_a-init.o)
 .ARM.attributes
                0x00000000000003db       0x2c c:/st/stm32cubeide_1.10.1/stm32cubeide/plugins/com.st.stm32cube.ide.mcu.externaltools.gnu-tools-for-stm32.10.3-2021.10.win32_1.0.0.202111181127/tools/bin/../lib/gcc/arm-none-eabi/10.3.1/../../../../arm-none-eabi/lib/thumb/v6-m/nofp\libc_nano.a(lib_a-memset.o)
 .ARM.attributes
                0x0000000000000407       0x1e c:/st/stm32cubeide_1.10.1/stm32cubeide/plugins/com.st.stm32cube.ide.mcu.externaltools.gnu-tools-for-stm32.10.3-2021.10.win32_1.0.0.202111181127/tools/bin/../lib/gcc/arm-none-eabi/10.3.1/thumb/v6-m/nofp\libgcc.a(_udivsi3.o)
 .ARM.attributes
                0x0000000000000425       0x1e c:/st/stm32cubeide_1.10.1/stm32cubeide/plugins/com.st.stm32cube.ide.mcu.externaltools.gnu-tools-for-stm32.10.3-2021.10.win32_1.0.0.202111181127/tools/bin/../lib/gcc/arm-none-eabi/10.3.1/thumb/v6-m/nofp\libgcc.a(_divsi3.o)
 .ARM.attributes
                0x0000000000000443       0x1e c:/st/stm32cubeide_1.10.1/stm32cubeide/plugins/com.st.stm32cube.ide.mcu.externaltools.gnu-tools-for-stm32.10.3-2021.10.win32_1.0.0.202111181127/tools/bin/../lib/gcc/arm-none-eabi/10.3.1/thumb/v6-m/nofp\libgcc.a(_dvmd_tls.o)
 .ARM.attributes
                0x0000000000000461       0x1e c:/st/stm32cubeide_1.10.1/stm32cubeide/plugins/com.st.stm32cube.ide.mcu.externaltools.gnu-tools-for-stm32.10.3-2021.10.win32_1.0.0.202111181127/tools/bin/../lib/gcc/arm-none-eabi/10.3.1/thumb/v6-m/nofp\libgcc.a(_aeabi_uldivmod.o)
 .ARM.attributes
                0x000000000000047f       0x2c c:/st/stm32cubeide_1.10.1/stm32cubeide/plugins/com.st.stm32cube.ide.mcu.externaltools.gnu-tools-for-stm32.10.3-2021.10.win32_1.0.0.202111181127/tools/bin/../lib/gcc/arm-none-eabi/10.3.1/thumb/v6-m/nofp\libgcc.a(_udivmoddi4.o)
 .ARM.attributes
                0x00000000000004ab       0x1e c:/st/stm32cubeide_1.10.1/stm32cubeide/plugins/com.st.stm32cube.ide.mcu.externaltools.gnu-tools-for-stm32.10.3-2021.10.win32_1.0.0.202111181127/tools/bin/../lib/gcc/arm-none-eabi/10.3.1/thumb/v6-m/nofp\libgcc.a(_clzdi2.o)
 .ARM.attributes
                0x00000000000004c9       0x1e c:/st/stm32cubeide_1.10.1/stm32cubeide/plugins/com.st.stm32cube.ide.mcu.externaltools.gnu-tools-for-stm32.10.3-2021.10.win32_1.0.0.202111181127/tools/bin/../lib/gcc/arm-none-eabi/10.3.1/thumb/v6-m/nofp\libgcc.a(_clzsi2.o)
 .ARM.attributes
                0x00000000000004e7       0x1e c:/st/stm32cubeide_1.10.1/stm32cubeide/plugins/com.st.stm32cube.ide.mcu.externaltools.gnu-tools-for-stm32.10.3-2021.10.win32_1.0.0.202111181127/tools/bin/../lib/gcc/arm-none-eabi/10.3.1/thumb/v6-m/nofp/crtn.o
OUTPUT(F072_Soldering.elf elf32-littlearm)
LOAD linker stubs
LOAD c:/st/stm32cubeide_1.10.1/stm32cubeide/plugins/com.st.stm32cube.ide.mcu.externaltools.gnu-tools-for-stm32.10.3-2021.10.win32_1.0.0.202111181127/tools/bin/../lib/gcc/arm-none-eabi/10.3.1/../../../../arm-none-eabi/lib/thumb/v6-m/nofp\libc.a
LOAD c:/st/stm32cubeide_1.10.1/stm32cubeide/plugins/com.st.stm32cube.ide.mcu.externaltools.gnu-tools-for-stm32.10.3-2021.10.win32_1.0.0.202111181127/tools/bin/../lib/gcc/arm-none-eabi/10.3.1/../../../../arm-none-eabi/lib/thumb/v6-m/nofp\libm.a
LOAD c:/st/stm32cubeide_1.10.1/stm32cubeide/plugins/com.st.stm32cube.ide.mcu.externaltools.gnu-tools-for-stm32.10.3-2021.10.win32_1.0.0.202111181127/tools/bin/../lib/gcc/arm-none-eabi/10.3.1/thumb/v6-m/nofp\libgcc.a

.debug_info     0x0000000000000000     0xa593
 .debug_info    0x0000000000000000      0xba2 ./Core/Src/Eeprom.o
 .debug_info    0x0000000000000ba2      0x5a5 ./Core/Src/HD44780.o
 .debug_info    0x0000000000001147      0x68d ./Core/Src/adc.o
 .debug_info    0x00000000000017d4      0x8d2 ./Core/Src/gpio.o
 .debug_info    0x00000000000020a6     0x147f ./Core/Src/main.o
 .debug_info    0x0000000000003525      0x9f3 ./Core/Src/spi.o
 .debug_info    0x0000000000003f18      0x256 ./Core/Src/stm32f0xx_hal_msp.o
 .debug_info    0x000000000000416e      0x6a9 ./Core/Src/stm32f0xx_it.o
 .debug_info    0x0000000000004817      0x269 ./Core/Src/system_stm32f0xx.o
 .debug_info    0x0000000000004a80      0x944 ./Core/Src/tim.o
 .debug_info    0x00000000000053c4       0x22 ./Core/Startup/startup_stm32f072rbtx.o
 .debug_info    0x00000000000053e6      0x6f6 ./Drivers/STM32F0xx_HAL_Driver/Src/stm32f0xx_hal.o
 .debug_info    0x0000000000005adc      0x723 ./Drivers/STM32F0xx_HAL_Driver/Src/stm32f0xx_hal_cortex.o
 .debug_info    0x00000000000061ff      0x628 ./Drivers/STM32F0xx_HAL_Driver/Src/stm32f0xx_hal_gpio.o
 .debug_info    0x0000000000006827     0x1781 ./Drivers/STM32F0xx_HAL_Driver/Src/stm32f0xx_hal_spi.o
 .debug_info    0x0000000000007fa8      0x623 ./Drivers/STM32F0xx_HAL_Driver/Src/stm32f0xx_ll_adc.o
 .debug_info    0x00000000000085cb      0x366 ./Drivers/STM32F0xx_HAL_Driver/Src/stm32f0xx_ll_exti.o
 .debug_info    0x0000000000008931      0x571 ./Drivers/STM32F0xx_HAL_Driver/Src/stm32f0xx_ll_gpio.o
 .debug_info    0x0000000000008ea2      0xe9e ./Drivers/STM32F0xx_HAL_Driver/Src/stm32f0xx_ll_tim.o
 .debug_info    0x0000000000009d40      0x853 ./Drivers/STM32F0xx_HAL_Driver/Src/stm32f0xx_ll_utils.o

.debug_abbrev   0x0000000000000000     0x23e8
 .debug_abbrev  0x0000000000000000      0x25f ./Core/Src/Eeprom.o
 .debug_abbrev  0x000000000000025f      0x1d4 ./Core/Src/HD44780.o
 .debug_abbrev  0x0000000000000433      0x1bc ./Core/Src/adc.o
 .debug_abbrev  0x00000000000005ef      0x1f6 ./Core/Src/gpio.o
 .debug_abbrev  0x00000000000007e5      0x2ee ./Core/Src/main.o
 .debug_abbrev  0x0000000000000ad3      0x1e7 ./Core/Src/spi.o
 .debug_abbrev  0x0000000000000cba       0xdb ./Core/Src/stm32f0xx_hal_msp.o
 .debug_abbrev  0x0000000000000d95      0x1b2 ./Core/Src/stm32f0xx_it.o
 .debug_abbrev  0x0000000000000f47      0x116 ./Core/Src/system_stm32f0xx.o
 .debug_abbrev  0x000000000000105d      0x1a2 ./Core/Src/tim.o
 .debug_abbrev  0x00000000000011ff       0x12 ./Core/Startup/startup_stm32f072rbtx.o
 .debug_abbrev  0x0000000000001211      0x20e ./Drivers/STM32F0xx_HAL_Driver/Src/stm32f0xx_hal.o
 .debug_abbrev  0x000000000000141f      0x283 ./Drivers/STM32F0xx_HAL_Driver/Src/stm32f0xx_hal_cortex.o
 .debug_abbrev  0x00000000000016a2      0x1bb ./Drivers/STM32F0xx_HAL_Driver/Src/stm32f0xx_hal_gpio.o
 .debug_abbrev  0x000000000000185d      0x254 ./Drivers/STM32F0xx_HAL_Driver/Src/stm32f0xx_hal_spi.o
 .debug_abbrev  0x0000000000001ab1      0x1d5 ./Drivers/STM32F0xx_HAL_Driver/Src/stm32f0xx_ll_adc.o
 .debug_abbrev  0x0000000000001c86      0x183 ./Drivers/STM32F0xx_HAL_Driver/Src/stm32f0xx_ll_exti.o
 .debug_abbrev  0x0000000000001e09      0x19b ./Drivers/STM32F0xx_HAL_Driver/Src/stm32f0xx_ll_gpio.o
 .debug_abbrev  0x0000000000001fa4      0x205 ./Drivers/STM32F0xx_HAL_Driver/Src/stm32f0xx_ll_tim.o
 .debug_abbrev  0x00000000000021a9      0x23f ./Drivers/STM32F0xx_HAL_Driver/Src/stm32f0xx_ll_utils.o

.debug_aranges  0x0000000000000000      0xb98
 .debug_aranges
                0x0000000000000000       0x78 ./Core/Src/Eeprom.o
 .debug_aranges
                0x0000000000000078       0xa0 ./Core/Src/HD44780.o
 .debug_aranges
                0x0000000000000118       0x48 ./Core/Src/adc.o
 .debug_aranges
                0x0000000000000160       0x58 ./Core/Src/gpio.o
 .debug_aranges
                0x00000000000001b8       0xf8 ./Core/Src/main.o
 .debug_aranges
                0x00000000000002b0       0x38 ./Core/Src/spi.o
 .debug_aranges
                0x00000000000002e8       0x20 ./Core/Src/stm32f0xx_hal_msp.o
 .debug_aranges
                0x0000000000000308       0x78 ./Core/Src/stm32f0xx_it.o
 .debug_aranges
                0x0000000000000380       0x28 ./Core/Src/system_stm32f0xx.o
 .debug_aranges
                0x00000000000003a8       0x70 ./Core/Src/tim.o
 .debug_aranges
                0x0000000000000418       0x28 ./Core/Startup/startup_stm32f072rbtx.o
 .debug_aranges
                0x0000000000000440       0xd0 ./Drivers/STM32F0xx_HAL_Driver/Src/stm32f0xx_hal.o
 .debug_aranges
                0x0000000000000510       0xc0 ./Drivers/STM32F0xx_HAL_Driver/Src/stm32f0xx_hal_cortex.o
 .debug_aranges
                0x00000000000005d0       0x58 ./Drivers/STM32F0xx_HAL_Driver/Src/stm32f0xx_hal_gpio.o
 .debug_aranges
                0x0000000000000628      0x1d8 ./Drivers/STM32F0xx_HAL_Driver/Src/stm32f0xx_hal_spi.o
 .debug_aranges
                0x0000000000000800       0x90 ./Drivers/STM32F0xx_HAL_Driver/Src/stm32f0xx_ll_adc.o
 .debug_aranges
                0x0000000000000890       0x70 ./Drivers/STM32F0xx_HAL_Driver/Src/stm32f0xx_ll_exti.o
 .debug_aranges
                0x0000000000000900       0x70 ./Drivers/STM32F0xx_HAL_Driver/Src/stm32f0xx_ll_gpio.o
 .debug_aranges
                0x0000000000000970      0x128 ./Drivers/STM32F0xx_HAL_Driver/Src/stm32f0xx_ll_tim.o
 .debug_aranges
                0x0000000000000a98      0x100 ./Drivers/STM32F0xx_HAL_Driver/Src/stm32f0xx_ll_utils.o

.debug_ranges   0x0000000000000000      0xa60
 .debug_ranges  0x0000000000000000       0x68 ./Core/Src/Eeprom.o
 .debug_ranges  0x0000000000000068       0x90 ./Core/Src/HD44780.o
 .debug_ranges  0x00000000000000f8       0x38 ./Core/Src/adc.o
 .debug_ranges  0x0000000000000130       0x48 ./Core/Src/gpio.o
 .debug_ranges  0x0000000000000178       0xe8 ./Core/Src/main.o
 .debug_ranges  0x0000000000000260       0x28 ./Core/Src/spi.o
 .debug_ranges  0x0000000000000288       0x10 ./Core/Src/stm32f0xx_hal_msp.o
 .debug_ranges  0x0000000000000298       0x68 ./Core/Src/stm32f0xx_it.o
 .debug_ranges  0x0000000000000300       0x18 ./Core/Src/system_stm32f0xx.o
 .debug_ranges  0x0000000000000318       0x60 ./Core/Src/tim.o
 .debug_ranges  0x0000000000000378       0x20 ./Core/Startup/startup_stm32f072rbtx.o
 .debug_ranges  0x0000000000000398       0xc0 ./Drivers/STM32F0xx_HAL_Driver/Src/stm32f0xx_hal.o
 .debug_ranges  0x0000000000000458       0xb0 ./Drivers/STM32F0xx_HAL_Driver/Src/stm32f0xx_hal_cortex.o
 .debug_ranges  0x0000000000000508       0x48 ./Drivers/STM32F0xx_HAL_Driver/Src/stm32f0xx_hal_gpio.o
 .debug_ranges  0x0000000000000550      0x1c8 ./Drivers/STM32F0xx_HAL_Driver/Src/stm32f0xx_hal_spi.o
 .debug_ranges  0x0000000000000718       0x80 ./Drivers/STM32F0xx_HAL_Driver/Src/stm32f0xx_ll_adc.o
 .debug_ranges  0x0000000000000798       0x60 ./Drivers/STM32F0xx_HAL_Driver/Src/stm32f0xx_ll_exti.o
 .debug_ranges  0x00000000000007f8       0x60 ./Drivers/STM32F0xx_HAL_Driver/Src/stm32f0xx_ll_gpio.o
 .debug_ranges  0x0000000000000858      0x118 ./Drivers/STM32F0xx_HAL_Driver/Src/stm32f0xx_ll_tim.o
 .debug_ranges  0x0000000000000970       0xf0 ./Drivers/STM32F0xx_HAL_Driver/Src/stm32f0xx_ll_utils.o

.debug_macro    0x0000000000000000    0x1bcd2
 .debug_macro   0x0000000000000000      0x239 ./Core/Src/Eeprom.o
 .debug_macro   0x0000000000000239      0xa54 ./Core/Src/Eeprom.o
 .debug_macro   0x0000000000000c8d      0x12d ./Core/Src/Eeprom.o
 .debug_macro   0x0000000000000dba       0x2e ./Core/Src/Eeprom.o
 .debug_macro   0x0000000000000de8       0x22 ./Core/Src/Eeprom.o
 .debug_macro   0x0000000000000e0a       0x22 ./Core/Src/Eeprom.o
 .debug_macro   0x0000000000000e2c       0x8e ./Core/Src/Eeprom.o
 .debug_macro   0x0000000000000eba       0x51 ./Core/Src/Eeprom.o
 .debug_macro   0x0000000000000f0b      0x103 ./Core/Src/Eeprom.o
 .debug_macro   0x000000000000100e       0x6a ./Core/Src/Eeprom.o
 .debug_macro   0x0000000000001078      0x1df ./Core/Src/Eeprom.o
 .debug_macro   0x0000000000001257       0x1c ./Core/Src/Eeprom.o
 .debug_macro   0x0000000000001273       0x22 ./Core/Src/Eeprom.o
 .debug_macro   0x0000000000001295       0xaf ./Core/Src/Eeprom.o
 .debug_macro   0x0000000000001344      0x391 ./Core/Src/Eeprom.o
 .debug_macro   0x00000000000016d5     0xfe57 ./Core/Src/Eeprom.o
 .debug_macro   0x000000000001152c       0x66 ./Core/Src/Eeprom.o
 .debug_macro   0x0000000000011592     0x34a6 ./Core/Src/Eeprom.o
 .debug_macro   0x0000000000014a38      0x174 ./Core/Src/Eeprom.o
 .debug_macro   0x0000000000014bac       0x55 ./Core/Src/Eeprom.o
 .debug_macro   0x0000000000014c01      0x946 ./Core/Src/Eeprom.o
 .debug_macro   0x0000000000015547      0x5f3 ./Core/Src/Eeprom.o
 .debug_macro   0x0000000000015b3a      0x1af ./Core/Src/Eeprom.o
 .debug_macro   0x0000000000015ce9      0x1a7 ./Core/Src/Eeprom.o
 .debug_macro   0x0000000000015e90      0x1a7 ./Core/Src/Eeprom.o
 .debug_macro   0x0000000000016037      0x22c ./Core/Src/Eeprom.o
 .debug_macro   0x0000000000016263       0x34 ./Core/Src/Eeprom.o
 .debug_macro   0x0000000000016297       0x43 ./Core/Src/Eeprom.o
 .debug_macro   0x00000000000162da       0x28 ./Core/Src/Eeprom.o
 .debug_macro   0x0000000000016302       0xb0 ./Core/Src/Eeprom.o
 .debug_macro   0x00000000000163b2      0x217 ./Core/Src/Eeprom.o
 .debug_macro   0x00000000000165c9      0x22c ./Core/Src/Eeprom.o
 .debug_macro   0x00000000000167f5       0x61 ./Core/Src/Eeprom.o
 .debug_macro   0x0000000000016856       0xa5 ./Core/Src/Eeprom.o
 .debug_macro   0x00000000000168fb       0x4c ./Core/Src/Eeprom.o
 .debug_macro   0x0000000000016947      0x16d ./Core/Src/Eeprom.o
 .debug_macro   0x0000000000016ab4      0x2fe ./Core/Src/Eeprom.o
 .debug_macro   0x0000000000016db2      0x130 ./Core/Src/Eeprom.o
 .debug_macro   0x0000000000016ee2      0x5d0 ./Core/Src/Eeprom.o
 .debug_macro   0x00000000000174b2       0xd0 ./Core/Src/Eeprom.o
 .debug_macro   0x0000000000017582      0x420 ./Core/Src/Eeprom.o
 .debug_macro   0x00000000000179a2      0x112 ./Core/Src/Eeprom.o
 .debug_macro   0x0000000000017ab4      0x211 ./Core/Src/Eeprom.o
 .debug_macro   0x0000000000017cc5      0x109 ./Core/Src/Eeprom.o
 .debug_macro   0x0000000000017dce       0x16 ./Core/Src/Eeprom.o
 .debug_macro   0x0000000000017de4       0x2a ./Core/Src/Eeprom.o
 .debug_macro   0x0000000000017e0e       0xf5 ./Core/Src/Eeprom.o
 .debug_macro   0x0000000000017f03      0x293 ./Core/Src/Eeprom.o
 .debug_macro   0x0000000000018196      0x5bd ./Core/Src/Eeprom.o
 .debug_macro   0x0000000000018753      0x11f ./Core/Src/Eeprom.o
 .debug_macro   0x0000000000018872      0x15e ./Core/Src/Eeprom.o
 .debug_macro   0x00000000000189d0       0x5e ./Core/Src/Eeprom.o
 .debug_macro   0x0000000000018a2e      0x238 ./Core/Src/HD44780.o
 .debug_macro   0x0000000000018c66      0x234 ./Core/Src/adc.o
 .debug_macro   0x0000000000018e9a      0x234 ./Core/Src/gpio.o
 .debug_macro   0x00000000000190ce      0x269 ./Core/Src/main.o
 .debug_macro   0x0000000000019337       0x64 ./Core/Src/main.o
 .debug_macro   0x000000000001939b      0x234 ./Core/Src/spi.o
 .debug_macro   0x00000000000195cf      0x22a ./Core/Src/stm32f0xx_hal_msp.o
 .debug_macro   0x00000000000197f9      0x234 ./Core/Src/stm32f0xx_it.o
 .debug_macro   0x0000000000019a2d      0x1af ./Core/Src/system_stm32f0xx.o
 .debug_macro   0x0000000000019bdc      0x234 ./Core/Src/tim.o
 .debug_macro   0x0000000000019e10      0x1d3 ./Drivers/STM32F0xx_HAL_Driver/Src/stm32f0xx_hal.o
 .debug_macro   0x0000000000019fe3      0x1af ./Drivers/STM32F0xx_HAL_Driver/Src/stm32f0xx_hal_cortex.o
 .debug_macro   0x000000000001a192      0x1b6 ./Drivers/STM32F0xx_HAL_Driver/Src/stm32f0xx_hal_gpio.o
 .debug_macro   0x000000000001a348      0x1b7 ./Drivers/STM32F0xx_HAL_Driver/Src/stm32f0xx_hal_spi.o
 .debug_macro   0x000000000001a4ff      0x217 ./Drivers/STM32F0xx_HAL_Driver/Src/stm32f0xx_ll_adc.o
 .debug_macro   0x000000000001a716      0x5ca ./Drivers/STM32F0xx_HAL_Driver/Src/stm32f0xx_ll_adc.o
 .debug_macro   0x000000000001ace0      0x1d6 ./Drivers/STM32F0xx_HAL_Driver/Src/stm32f0xx_ll_exti.o
 .debug_macro   0x000000000001aeb6      0x103 ./Drivers/STM32F0xx_HAL_Driver/Src/stm32f0xx_ll_exti.o
 .debug_macro   0x000000000001afb9      0x1f1 ./Drivers/STM32F0xx_HAL_Driver/Src/stm32f0xx_ll_gpio.o
 .debug_macro   0x000000000001b1aa      0x119 ./Drivers/STM32F0xx_HAL_Driver/Src/stm32f0xx_ll_gpio.o
 .debug_macro   0x000000000001b2c3      0x23a ./Drivers/STM32F0xx_HAL_Driver/Src/stm32f0xx_ll_tim.o
 .debug_macro   0x000000000001b4fd      0x5b7 ./Drivers/STM32F0xx_HAL_Driver/Src/stm32f0xx_ll_tim.o
 .debug_macro   0x000000000001bab4      0x21e ./Drivers/STM32F0xx_HAL_Driver/Src/stm32f0xx_ll_utils.o

.debug_line     0x0000000000000000     0xd25c
 .debug_line    0x0000000000000000      0xa83 ./Core/Src/Eeprom.o
 .debug_line    0x0000000000000a83      0xacd ./Core/Src/HD44780.o
 .debug_line    0x0000000000001550      0x878 ./Core/Src/adc.o
 .debug_line    0x0000000000001dc8      0x9e3 ./Core/Src/gpio.o
 .debug_line    0x00000000000027ab      0xe15 ./Core/Src/main.o
 .debug_line    0x00000000000035c0      0x8bd ./Core/Src/spi.o
 .debug_line    0x0000000000003e7d      0x7b6 ./Core/Src/stm32f0xx_hal_msp.o
 .debug_line    0x0000000000004633      0xcb8 ./Core/Src/stm32f0xx_it.o
 .debug_line    0x00000000000052eb      0x72c ./Core/Src/system_stm32f0xx.o
 .debug_line    0x0000000000005a17      0xa5a ./Core/Src/tim.o
 .debug_line    0x0000000000006471       0x89 ./Core/Startup/startup_stm32f072rbtx.o
 .debug_line    0x00000000000064fa      0x91f ./Drivers/STM32F0xx_HAL_Driver/Src/stm32f0xx_hal.o
 .debug_line    0x0000000000006e19      0x9cb ./Drivers/STM32F0xx_HAL_Driver/Src/stm32f0xx_hal_cortex.o
 .debug_line    0x00000000000077e4      0xab1 ./Drivers/STM32F0xx_HAL_Driver/Src/stm32f0xx_hal_gpio.o
 .debug_line    0x0000000000008295     0x1e34 ./Drivers/STM32F0xx_HAL_Driver/Src/stm32f0xx_hal_spi.o
 .debug_line    0x000000000000a0c9      0x8df ./Drivers/STM32F0xx_HAL_Driver/Src/stm32f0xx_ll_adc.o
 .debug_line    0x000000000000a9a8      0x81c ./Drivers/STM32F0xx_HAL_Driver/Src/stm32f0xx_ll_exti.o
 .debug_line    0x000000000000b1c4      0x863 ./Drivers/STM32F0xx_HAL_Driver/Src/stm32f0xx_ll_gpio.o
 .debug_line    0x000000000000ba27      0xcea ./Drivers/STM32F0xx_HAL_Driver/Src/stm32f0xx_ll_tim.o
 .debug_line    0x000000000000c711      0xb4b ./Drivers/STM32F0xx_HAL_Driver/Src/stm32f0xx_ll_utils.o

.debug_str      0x0000000000000000    0x9a726
 .debug_str     0x0000000000000000    0x95d29 ./Core/Src/Eeprom.o
                                      0x9625f (size before relaxing)
 .debug_str     0x0000000000095d29      0x12f ./Core/Src/HD44780.o
                                      0x95ad3 (size before relaxing)
 .debug_str     0x0000000000095e58      0x272 ./Core/Src/adc.o
                                      0x95c16 (size before relaxing)
 .debug_str     0x00000000000960ca      0x299 ./Core/Src/gpio.o
                                      0x95dff (size before relaxing)
 .debug_str     0x0000000000096363      0x471 ./Core/Src/main.o
                                      0x96707 (size before relaxing)
 .debug_str     0x00000000000967d4       0x69 ./Core/Src/spi.o
                                      0x95e90 (size before relaxing)
 .debug_str     0x000000000009683d       0x2c ./Core/Src/stm32f0xx_hal_msp.o
                                      0x95992 (size before relaxing)
 .debug_str     0x0000000000096869      0x132 ./Core/Src/stm32f0xx_it.o
                                      0x95c53 (size before relaxing)
 .debug_str     0x000000000009699b       0x7b ./Core/Src/system_stm32f0xx.o
                                      0x885e3 (size before relaxing)
 .debug_str     0x0000000000096a16      0x239 ./Core/Src/tim.o
                                      0x95d40 (size before relaxing)
 .debug_str     0x0000000000096c4f       0x36 ./Core/Startup/startup_stm32f072rbtx.o
                                         0x66 (size before relaxing)
 .debug_str     0x0000000000096c85      0x345 ./Drivers/STM32F0xx_HAL_Driver/Src/stm32f0xx_hal.o
                                      0x88bd6 (size before relaxing)
 .debug_str     0x0000000000096fca      0x150 ./Drivers/STM32F0xx_HAL_Driver/Src/stm32f0xx_hal_cortex.o
                                      0x889c7 (size before relaxing)
 .debug_str     0x000000000009711a       0xd4 ./Drivers/STM32F0xx_HAL_Driver/Src/stm32f0xx_hal_gpio.o
                                      0x88784 (size before relaxing)
 .debug_str     0x00000000000971ee      0x593 ./Drivers/STM32F0xx_HAL_Driver/Src/stm32f0xx_hal_spi.o
                                      0x88f53 (size before relaxing)
 .debug_str     0x0000000000097781      0x9f3 ./Drivers/STM32F0xx_HAL_Driver/Src/stm32f0xx_ll_adc.o
                                      0x8d806 (size before relaxing)
 .debug_str     0x0000000000098174      0x2ed ./Drivers/STM32F0xx_HAL_Driver/Src/stm32f0xx_ll_exti.o
                                      0x88de6 (size before relaxing)
 .debug_str     0x0000000000098461      0x4dd ./Drivers/STM32F0xx_HAL_Driver/Src/stm32f0xx_ll_gpio.o
                                      0x8992c (size before relaxing)
 .debug_str     0x000000000009893e     0x118a ./Drivers/STM32F0xx_HAL_Driver/Src/stm32f0xx_ll_tim.o
                                      0x8d042 (size before relaxing)
 .debug_str     0x0000000000099ac8      0xc5e ./Drivers/STM32F0xx_HAL_Driver/Src/stm32f0xx_ll_utils.o
                                      0x8c24e (size before relaxing)

.comment        0x0000000000000000       0x50
 .comment       0x0000000000000000       0x50 ./Core/Src/Eeprom.o
                                         0x51 (size before relaxing)
 .comment       0x0000000000000050       0x51 ./Core/Src/HD44780.o
 .comment       0x0000000000000050       0x51 ./Core/Src/adc.o
 .comment       0x0000000000000050       0x51 ./Core/Src/gpio.o
 .comment       0x0000000000000050       0x51 ./Core/Src/main.o
 .comment       0x0000000000000050       0x51 ./Core/Src/spi.o
 .comment       0x0000000000000050       0x51 ./Core/Src/stm32f0xx_hal_msp.o
 .comment       0x0000000000000050       0x51 ./Core/Src/stm32f0xx_it.o
 .comment       0x0000000000000050       0x51 ./Core/Src/system_stm32f0xx.o
 .comment       0x0000000000000050       0x51 ./Core/Src/tim.o
 .comment       0x0000000000000050       0x51 ./Drivers/STM32F0xx_HAL_Driver/Src/stm32f0xx_hal.o
 .comment       0x0000000000000050       0x51 ./Drivers/STM32F0xx_HAL_Driver/Src/stm32f0xx_hal_cortex.o
 .comment       0x0000000000000050       0x51 ./Drivers/STM32F0xx_HAL_Driver/Src/stm32f0xx_hal_gpio.o
 .comment       0x0000000000000050       0x51 ./Drivers/STM32F0xx_HAL_Driver/Src/stm32f0xx_hal_spi.o
 .comment       0x0000000000000050       0x51 ./Drivers/STM32F0xx_HAL_Driver/Src/stm32f0xx_ll_adc.o
 .comment       0x0000000000000050       0x51 ./Drivers/STM32F0xx_HAL_Driver/Src/stm32f0xx_ll_exti.o
 .comment       0x0000000000000050       0x51 ./Drivers/STM32F0xx_HAL_Driver/Src/stm32f0xx_ll_gpio.o
 .comment       0x0000000000000050       0x51 ./Drivers/STM32F0xx_HAL_Driver/Src/stm32f0xx_ll_tim.o
 .comment       0x0000000000000050       0x51 ./Drivers/STM32F0xx_HAL_Driver/Src/stm32f0xx_ll_utils.o

.debug_frame    0x0000000000000000     0x27d8
 .debug_frame   0x0000000000000000      0x198 ./Core/Src/Eeprom.o
 .debug_frame   0x0000000000000198      0x234 ./Core/Src/HD44780.o
 .debug_frame   0x00000000000003cc       0xd4 ./Core/Src/adc.o
 .debug_frame   0x00000000000004a0      0x110 ./Core/Src/gpio.o
 .debug_frame   0x00000000000005b0      0x368 ./Core/Src/main.o
 .debug_frame   0x0000000000000918       0x88 ./Core/Src/spi.o
 .debug_frame   0x00000000000009a0       0x30 ./Core/Src/stm32f0xx_hal_msp.o
 .debug_frame   0x00000000000009d0      0x17c ./Core/Src/stm32f0xx_it.o
 .debug_frame   0x0000000000000b4c       0x4c ./Core/Src/system_stm32f0xx.o
 .debug_frame   0x0000000000000b98      0x178 ./Core/Src/tim.o
 .debug_frame   0x0000000000000d10      0x2a4 ./Drivers/STM32F0xx_HAL_Driver/Src/stm32f0xx_hal.o
 .debug_frame   0x0000000000000fb4      0x2a0 ./Drivers/STM32F0xx_HAL_Driver/Src/stm32f0xx_hal_cortex.o
 .debug_frame   0x0000000000001254      0x110 ./Drivers/STM32F0xx_HAL_Driver/Src/stm32f0xx_hal_gpio.o
 .debug_frame   0x0000000000001364      0x710 ./Drivers/STM32F0xx_HAL_Driver/Src/stm32f0xx_hal_spi.o
 .debug_frame   0x0000000000001a74      0x1f0 ./Drivers/STM32F0xx_HAL_Driver/Src/stm32f0xx_ll_adc.o
 .debug_frame   0x0000000000001c64      0x16c ./Drivers/STM32F0xx_HAL_Driver/Src/stm32f0xx_ll_exti.o
 .debug_frame   0x0000000000001dd0      0x170 ./Drivers/STM32F0xx_HAL_Driver/Src/stm32f0xx_ll_gpio.o
 .debug_frame   0x0000000000001f40      0x450 ./Drivers/STM32F0xx_HAL_Driver/Src/stm32f0xx_ll_tim.o
 .debug_frame   0x0000000000002390      0x380 ./Drivers/STM32F0xx_HAL_Driver/Src/stm32f0xx_ll_utils.o
 .debug_frame   0x0000000000002710       0x2c c:/st/stm32cubeide_1.10.1/stm32cubeide/plugins/com.st.stm32cube.ide.mcu.externaltools.gnu-tools-for-stm32.10.3-2021.10.win32_1.0.0.202111181127/tools/bin/../lib/gcc/arm-none-eabi/10.3.1/../../../../arm-none-eabi/lib/thumb/v6-m/nofp\libc_nano.a(lib_a-init.o)
 .debug_frame   0x000000000000273c       0x20 c:/st/stm32cubeide_1.10.1/stm32cubeide/plugins/com.st.stm32cube.ide.mcu.externaltools.gnu-tools-for-stm32.10.3-2021.10.win32_1.0.0.202111181127/tools/bin/../lib/gcc/arm-none-eabi/10.3.1/../../../../arm-none-eabi/lib/thumb/v6-m/nofp\libc_nano.a(lib_a-memset.o)
 .debug_frame   0x000000000000275c       0x20 c:/st/stm32cubeide_1.10.1/stm32cubeide/plugins/com.st.stm32cube.ide.mcu.externaltools.gnu-tools-for-stm32.10.3-2021.10.win32_1.0.0.202111181127/tools/bin/../lib/gcc/arm-none-eabi/10.3.1/thumb/v6-m/nofp\libgcc.a(_udivsi3.o)
 .debug_frame   0x000000000000277c       0x20 c:/st/stm32cubeide_1.10.1/stm32cubeide/plugins/com.st.stm32cube.ide.mcu.externaltools.gnu-tools-for-stm32.10.3-2021.10.win32_1.0.0.202111181127/tools/bin/../lib/gcc/arm-none-eabi/10.3.1/thumb/v6-m/nofp\libgcc.a(_divsi3.o)
 .debug_frame   0x000000000000279c       0x3c c:/st/stm32cubeide_1.10.1/stm32cubeide/plugins/com.st.stm32cube.ide.mcu.externaltools.gnu-tools-for-stm32.10.3-2021.10.win32_1.0.0.202111181127/tools/bin/../lib/gcc/arm-none-eabi/10.3.1/thumb/v6-m/nofp\libgcc.a(_udivmoddi4.o)
