../Drivers/STM32F0xx_HAL_Driver/Inc/stm32f0xx_ll_gpio.h:770:22:LL_GPIO_WriteOutputPort	16	static
../Drivers/STM32F0xx_HAL_Driver/Inc/stm32f0xx_ll_gpio.h:781:26:LL_GPIO_ReadOutputPort	16	static
../Drivers/STM32F0xx_HAL_Driver/Inc/stm32f0xx_ll_gpio.h:839:22:LL_GPIO_SetOutputPin	16	static
../Drivers/STM32F0xx_HAL_Driver/Inc/stm32f0xx_ll_gpio.h:868:22:LL_GPIO_ResetOutputPin	16	static
../Core/Src/HD44780.c:23:6:delay	24	static
../Core/Src/HD44780.c:30:6:LCD_PrHex	24	static
../Core/Src/HD44780.c:46:6:LCD_PrPwm	40	static
../Core/Src/HD44780.c:73:6:LCD_PrTemp	40	static
../Core/Src/HD44780.c:106:19:LCD_Mypow	24	static
../Core/Src/HD44780.c:121:6:LCD_PrintNumber	48	static
../Core/Src/HD44780.c:147:6:LCD_WriteCString	16	static
../Core/Src/HD44780.c:157:6:LCD_Position	16	static
../Core/Src/HD44780.c:170:6:LCD_Init	8	static
../Core/Src/HD44780.c:183:6:LCD_Clear	8	static
../Core/Src/HD44780.c:190:6:LCD_WriteData	16	static
../Core/Src/HD44780.c:197:6:LCD_WriteComm	16	static
../Core/Src/HD44780.c:204:6:LCD_Write	16	static
