../Drivers/STM32F0xx_HAL_Driver/Inc/stm32f0xx_ll_adc.h:2750:22:LL_ADC_Enable	16	static
../Drivers/STM32F0xx_HAL_Driver/Inc/stm32f0xx_ll_adc.h:2770:22:LL_ADC_Disable	16	static
../Drivers/STM32F0xx_HAL_Driver/Inc/stm32f0xx_ll_adc.h:2877:22:LL_ADC_REG_StartConversion	16	static
../Drivers/STM32F0xx_HAL_Driver/Inc/stm32f0xx_ll_adc.h:2953:26:LL_ADC_REG_ReadConversionData12	16	static
../Drivers/STM32F0xx_HAL_Driver/Inc/stm32f0xx_ll_rcc.h:823:22:LL_RCC_HSI48_Enable	8	static
../Drivers/STM32F0xx_HAL_Driver/Inc/stm32f0xx_ll_rcc.h:843:26:LL_RCC_HSI48_IsReady	8	static
../Drivers/STM32F0xx_HAL_Driver/Inc/stm32f0xx_ll_rcc.h:1100:22:LL_RCC_SetSysClkSource	16	static
../Drivers/STM32F0xx_HAL_Driver/Inc/stm32f0xx_ll_rcc.h:1116:26:LL_RCC_GetSysClkSource	8	static
../Drivers/STM32F0xx_HAL_Driver/Inc/stm32f0xx_ll_rcc.h:1136:22:LL_RCC_SetAHBPrescaler	16	static
../Drivers/STM32F0xx_HAL_Driver/Inc/stm32f0xx_ll_rcc.h:1152:22:LL_RCC_SetAPB1Prescaler	16	static
../Drivers/STM32F0xx_HAL_Driver/Inc/stm32f0xx_ll_system.h:1779:22:LL_FLASH_SetLatency	16	static
../Drivers/STM32F0xx_HAL_Driver/Inc/stm32f0xx_ll_system.h:1791:26:LL_FLASH_GetLatency	8	static
../Drivers/STM32F0xx_HAL_Driver/Inc/stm32f0xx_ll_cortex.h:137:22:LL_SYSTICK_EnableIT	8	static
../Drivers/STM32F0xx_HAL_Driver/Inc/stm32f0xx_ll_cortex.h:147:22:LL_SYSTICK_DisableIT	8	static
../Drivers/STM32F0xx_HAL_Driver/Inc/stm32f0xx_ll_tim.h:1082:22:LL_TIM_EnableCounter	16	static
../Drivers/STM32F0xx_HAL_Driver/Inc/stm32f0xx_ll_tim.h:1404:22:LL_TIM_SetAutoReload	16	static
../Drivers/STM32F0xx_HAL_Driver/Inc/stm32f0xx_ll_tim.h:2075:22:LL_TIM_OC_SetCompareCH1	16	static
../Drivers/STM32F0xx_HAL_Driver/Inc/stm32f0xx_ll_tim.h:2092:22:LL_TIM_OC_SetCompareCH2	16	static
../Drivers/STM32F0xx_HAL_Driver/Inc/stm32f0xx_ll_tim.h:2950:22:LL_TIM_EnableAllOutputs	16	static
../Drivers/STM32F0xx_HAL_Driver/Inc/stm32f0xx_ll_gpio.h:839:22:LL_GPIO_SetOutputPin	16	static
../Drivers/STM32F0xx_HAL_Driver/Inc/stm32f0xx_ll_gpio.h:868:22:LL_GPIO_ResetOutputPin	16	static
../Core/Src/main.c:111:5:main	72	static
../Core/Src/main.c:489:6:SystemClock_Config	8	static
../Core/Src/main.c:521:6:Beep	16	static
../Core/Src/main.c:530:6:Music	8	static
../Core/Src/main.c:555:6:MusicEnd	8	static
../Core/Src/main.c:566:6:MusicUp	8	static
../Core/Src/main.c:582:6:Error_Handler	8	static,ignoring_inline_asm
