../Core/Src/TFT_SSD1963.c:19:6:TFT_SendData	16	static
../Core/Src/TFT_SSD1963.c:29:6:TFT_SendCommand	16	static
../Core/Src/TFT_SSD1963.c:39:6:TFT_WriteRegister	16	static
../Core/Src/TFT_SSD1963.c:49:6:TFT_Init	8	static
../Core/Src/TFT_SSD1963.c:141:6:TFT_WindowSet	16	static
../Core/Src/TFT_SSD1963.c:160:6:TFT_WindowFull	24	static
../Core/Src/TFT_SSD1963.c:178:6:TFT_ColorBox	32	static
../Core/Src/TFT_SSD1963.c:196:6:TFT_DrawBigPoint	32	static
../Core/Src/TFT_SSD1963.c:205:6:TFT_DrawPoint	16	static
../Core/Src/TFT_SSD1963.c:216:6:TFT_DrawLine	40	static
../Core/Src/TFT_SSD1963.c:273:6:TFT_DrawBox	32	static
../Core/Src/TFT_SSD1963.c:285:6:TFT_DrawCircle	32	static
../Core/Src/TFT_SSD1963.c:313:9:TFT_PrintChar	40	static
../Core/Src/TFT_SSD1963.c:437:6:TFT_PrintString	48	static
../Core/Src/TFT_SSD1963.c:448:10:TFT_Mypow	24	static
../Core/Src/TFT_SSD1963.c:459:6:TFT_PrintNumber	40	static
../Core/Src/TFT_SSD1963.c:488:6:TFT_PrintNumberClock	40	static
../Core/Src/TFT_SSD1963.c:498:6:TFT_PrintHexNumber	48	static
