../Drivers/STM32H7xx_HAL_Driver/Inc/stm32h7xx_ll_rcc.h:1689:26:LL_RCC_HSE_IsReady	4	static
../Drivers/STM32H7xx_HAL_Driver/Inc/stm32h7xx_ll_rcc.h:1727:26:LL_RCC_HSI_IsReady	4	static
../Drivers/STM32H7xx_HAL_Driver/Inc/stm32h7xx_ll_rcc.h:1766:26:LL_RCC_HSI_GetDivider	4	static
../Drivers/STM32H7xx_HAL_Driver/Inc/stm32h7xx_ll_rcc.h:1886:26:LL_RCC_CSI_IsReady	4	static
../Drivers/STM32H7xx_HAL_Driver/Inc/stm32h7xx_ll_rcc.h:2019:26:LL_RCC_HSI48_IsReady	4	static
../Drivers/STM32H7xx_HAL_Driver/Inc/stm32h7xx_ll_rcc.h:2347:26:LL_RCC_LSE_IsReady	4	static
../Drivers/STM32H7xx_HAL_Driver/Inc/stm32h7xx_ll_rcc.h:2385:26:LL_RCC_LSI_IsReady	4	static
../Drivers/STM32H7xx_HAL_Driver/Inc/stm32h7xx_ll_rcc.h:2422:26:LL_RCC_GetSysClkSource	4	static
../Drivers/STM32H7xx_HAL_Driver/Inc/stm32h7xx_ll_rcc.h:2619:26:LL_RCC_GetSysPrescaler	4	static
../Drivers/STM32H7xx_HAL_Driver/Inc/stm32h7xx_ll_rcc.h:2642:26:LL_RCC_GetAHBPrescaler	4	static
../Drivers/STM32H7xx_HAL_Driver/Inc/stm32h7xx_ll_rcc.h:2661:26:LL_RCC_GetAPB1Prescaler	4	static
../Drivers/STM32H7xx_HAL_Driver/Inc/stm32h7xx_ll_rcc.h:2680:26:LL_RCC_GetAPB2Prescaler	4	static
../Drivers/STM32H7xx_HAL_Driver/Inc/stm32h7xx_ll_rcc.h:2699:26:LL_RCC_GetAPB3Prescaler	4	static
../Drivers/STM32H7xx_HAL_Driver/Inc/stm32h7xx_ll_rcc.h:2718:26:LL_RCC_GetAPB4Prescaler	4	static
../Drivers/STM32H7xx_HAL_Driver/Inc/stm32h7xx_ll_rcc.h:3469:26:LL_RCC_GetClockSource	24	static
../Drivers/STM32H7xx_HAL_Driver/Inc/stm32h7xx_ll_rcc.h:3500:26:LL_RCC_GetUSARTClockSource	16	static
../Drivers/STM32H7xx_HAL_Driver/Inc/stm32h7xx_ll_rcc.h:3518:26:LL_RCC_GetLPUARTClockSource	16	static
../Drivers/STM32H7xx_HAL_Driver/Inc/stm32h7xx_ll_rcc.h:3545:26:LL_RCC_GetI2CClockSource	16	static
../Drivers/STM32H7xx_HAL_Driver/Inc/stm32h7xx_ll_rcc.h:3580:26:LL_RCC_GetLPTIMClockSource	16	static
../Drivers/STM32H7xx_HAL_Driver/Inc/stm32h7xx_ll_rcc.h:3634:26:LL_RCC_GetSAIClockSource	16	static
../Drivers/STM32H7xx_HAL_Driver/Inc/stm32h7xx_ll_rcc.h:3648:26:LL_RCC_GetSDMMCClockSource	16	static
../Drivers/STM32H7xx_HAL_Driver/Inc/stm32h7xx_ll_rcc.h:3669:26:LL_RCC_GetRNGClockSource	16	static
../Drivers/STM32H7xx_HAL_Driver/Inc/stm32h7xx_ll_rcc.h:3690:26:LL_RCC_GetUSBClockSource	16	static
../Drivers/STM32H7xx_HAL_Driver/Inc/stm32h7xx_ll_rcc.h:3710:26:LL_RCC_GetCECClockSource	16	static
../Drivers/STM32H7xx_HAL_Driver/Inc/stm32h7xx_ll_rcc.h:3746:26:LL_RCC_GetDFSDMClockSource	16	static
../Drivers/STM32H7xx_HAL_Driver/Inc/stm32h7xx_ll_rcc.h:3784:26:LL_RCC_GetFMCClockSource	16	static
../Drivers/STM32H7xx_HAL_Driver/Inc/stm32h7xx_ll_rcc.h:3806:26:LL_RCC_GetQSPIClockSource	16	static
../Drivers/STM32H7xx_HAL_Driver/Inc/stm32h7xx_ll_rcc.h:3846:26:LL_RCC_GetCLKPClockSource	16	static
../Drivers/STM32H7xx_HAL_Driver/Inc/stm32h7xx_ll_rcc.h:3887:26:LL_RCC_GetSPIClockSource	16	static
../Drivers/STM32H7xx_HAL_Driver/Inc/stm32h7xx_ll_rcc.h:3903:26:LL_RCC_GetSPDIFClockSource	16	static
../Drivers/STM32H7xx_HAL_Driver/Inc/stm32h7xx_ll_rcc.h:3923:26:LL_RCC_GetFDCANClockSource	16	static
../Drivers/STM32H7xx_HAL_Driver/Inc/stm32h7xx_ll_rcc.h:3942:26:LL_RCC_GetSWPClockSource	16	static
../Drivers/STM32H7xx_HAL_Driver/Inc/stm32h7xx_ll_rcc.h:3962:26:LL_RCC_GetADCClockSource	16	static
../Drivers/STM32H7xx_HAL_Driver/Inc/stm32h7xx_ll_rcc.h:4315:26:LL_RCC_PLL_GetSource	4	static
../Drivers/STM32H7xx_HAL_Driver/Inc/stm32h7xx_ll_rcc.h:4346:26:LL_RCC_PLL1_IsReady	4	static
../Drivers/STM32H7xx_HAL_Driver/Inc/stm32h7xx_ll_rcc.h:4399:26:LL_RCC_PLL1P_IsEnabled	4	static
../Drivers/STM32H7xx_HAL_Driver/Inc/stm32h7xx_ll_rcc.h:4409:26:LL_RCC_PLL1Q_IsEnabled	4	static
../Drivers/STM32H7xx_HAL_Driver/Inc/stm32h7xx_ll_rcc.h:4419:26:LL_RCC_PLL1R_IsEnabled	4	static
../Drivers/STM32H7xx_HAL_Driver/Inc/stm32h7xx_ll_rcc.h:4429:26:LL_RCC_PLL1FRACN_IsEnabled	4	static
../Drivers/STM32H7xx_HAL_Driver/Inc/stm32h7xx_ll_rcc.h:4512:26:LL_RCC_PLL1_GetN	4	static
../Drivers/STM32H7xx_HAL_Driver/Inc/stm32h7xx_ll_rcc.h:4522:26:LL_RCC_PLL1_GetM	4	static
../Drivers/STM32H7xx_HAL_Driver/Inc/stm32h7xx_ll_rcc.h:4532:26:LL_RCC_PLL1_GetP	4	static
../Drivers/STM32H7xx_HAL_Driver/Inc/stm32h7xx_ll_rcc.h:4542:26:LL_RCC_PLL1_GetQ	4	static
../Drivers/STM32H7xx_HAL_Driver/Inc/stm32h7xx_ll_rcc.h:4552:26:LL_RCC_PLL1_GetR	4	static
../Drivers/STM32H7xx_HAL_Driver/Inc/stm32h7xx_ll_rcc.h:4562:26:LL_RCC_PLL1_GetFRACN	4	static
../Drivers/STM32H7xx_HAL_Driver/Inc/stm32h7xx_ll_rcc.h:4660:26:LL_RCC_PLL2_IsReady	4	static
../Drivers/STM32H7xx_HAL_Driver/Inc/stm32h7xx_ll_rcc.h:4713:26:LL_RCC_PLL2P_IsEnabled	4	static
../Drivers/STM32H7xx_HAL_Driver/Inc/stm32h7xx_ll_rcc.h:4723:26:LL_RCC_PLL2Q_IsEnabled	4	static
../Drivers/STM32H7xx_HAL_Driver/Inc/stm32h7xx_ll_rcc.h:4733:26:LL_RCC_PLL2R_IsEnabled	4	static
../Drivers/STM32H7xx_HAL_Driver/Inc/stm32h7xx_ll_rcc.h:4743:26:LL_RCC_PLL2FRACN_IsEnabled	4	static
../Drivers/STM32H7xx_HAL_Driver/Inc/stm32h7xx_ll_rcc.h:4826:26:LL_RCC_PLL2_GetN	4	static
../Drivers/STM32H7xx_HAL_Driver/Inc/stm32h7xx_ll_rcc.h:4836:26:LL_RCC_PLL2_GetM	4	static
../Drivers/STM32H7xx_HAL_Driver/Inc/stm32h7xx_ll_rcc.h:4846:26:LL_RCC_PLL2_GetP	4	static
../Drivers/STM32H7xx_HAL_Driver/Inc/stm32h7xx_ll_rcc.h:4856:26:LL_RCC_PLL2_GetQ	4	static
../Drivers/STM32H7xx_HAL_Driver/Inc/stm32h7xx_ll_rcc.h:4866:26:LL_RCC_PLL2_GetR	4	static
../Drivers/STM32H7xx_HAL_Driver/Inc/stm32h7xx_ll_rcc.h:4876:26:LL_RCC_PLL2_GetFRACN	4	static
../Drivers/STM32H7xx_HAL_Driver/Inc/stm32h7xx_ll_rcc.h:4972:26:LL_RCC_PLL3_IsReady	4	static
../Drivers/STM32H7xx_HAL_Driver/Inc/stm32h7xx_ll_rcc.h:5025:26:LL_RCC_PLL3P_IsEnabled	4	static
../Drivers/STM32H7xx_HAL_Driver/Inc/stm32h7xx_ll_rcc.h:5035:26:LL_RCC_PLL3Q_IsEnabled	4	static
../Drivers/STM32H7xx_HAL_Driver/Inc/stm32h7xx_ll_rcc.h:5045:26:LL_RCC_PLL3R_IsEnabled	4	static
../Drivers/STM32H7xx_HAL_Driver/Inc/stm32h7xx_ll_rcc.h:5055:26:LL_RCC_PLL3FRACN_IsEnabled	4	static
../Drivers/STM32H7xx_HAL_Driver/Inc/stm32h7xx_ll_rcc.h:5138:26:LL_RCC_PLL3_GetN	4	static
../Drivers/STM32H7xx_HAL_Driver/Inc/stm32h7xx_ll_rcc.h:5148:26:LL_RCC_PLL3_GetM	4	static
../Drivers/STM32H7xx_HAL_Driver/Inc/stm32h7xx_ll_rcc.h:5158:26:LL_RCC_PLL3_GetP	4	static
../Drivers/STM32H7xx_HAL_Driver/Inc/stm32h7xx_ll_rcc.h:5168:26:LL_RCC_PLL3_GetQ	4	static
../Drivers/STM32H7xx_HAL_Driver/Inc/stm32h7xx_ll_rcc.h:5178:26:LL_RCC_PLL3_GetR	4	static
../Drivers/STM32H7xx_HAL_Driver/Inc/stm32h7xx_ll_rcc.h:5188:26:LL_RCC_PLL3_GetFRACN	4	static
../Drivers/STM32H7xx_HAL_Driver/Src/stm32h7xx_ll_rcc.c:118:6:LL_RCC_DeInit	8	static
../Drivers/STM32H7xx_HAL_Driver/Src/stm32h7xx_ll_rcc.c:258:6:LL_RCC_GetSystemClocksFreq	16	static
../Drivers/STM32H7xx_HAL_Driver/Src/stm32h7xx_ll_rcc.c:284:6:LL_RCC_GetPLL1ClockFreq	48	static
../Drivers/STM32H7xx_HAL_Driver/Src/stm32h7xx_ll_rcc.c:358:6:LL_RCC_GetPLL2ClockFreq	48	static
../Drivers/STM32H7xx_HAL_Driver/Src/stm32h7xx_ll_rcc.c:432:6:LL_RCC_GetPLL3ClockFreq	48	static
../Drivers/STM32H7xx_HAL_Driver/Src/stm32h7xx_ll_rcc.c:513:10:LL_RCC_CalcPLLClockFreq	32	static
../Drivers/STM32H7xx_HAL_Driver/Src/stm32h7xx_ll_rcc.c:532:10:LL_RCC_GetUSARTClockFreq	40	static
../Drivers/STM32H7xx_HAL_Driver/Src/stm32h7xx_ll_rcc.c:607:10:LL_RCC_GetLPUARTClockFreq	40	static
../Drivers/STM32H7xx_HAL_Driver/Src/stm32h7xx_ll_rcc.c:671:10:LL_RCC_GetI2CClockFreq	40	static
../Drivers/STM32H7xx_HAL_Driver/Src/stm32h7xx_ll_rcc.c:731:10:LL_RCC_GetLPTIMClockFreq	40	static
../Drivers/STM32H7xx_HAL_Driver/Src/stm32h7xx_ll_rcc.c:816:10:LL_RCC_GetSAIClockFreq	32	static
../Drivers/STM32H7xx_HAL_Driver/Src/stm32h7xx_ll_rcc.c:928:10:LL_RCC_GetADCClockFreq	32	static
../Drivers/STM32H7xx_HAL_Driver/Src/stm32h7xx_ll_rcc.c:970:10:LL_RCC_GetSDMMCClockFreq	32	static
../Drivers/STM32H7xx_HAL_Driver/Src/stm32h7xx_ll_rcc.c:1008:10:LL_RCC_GetRNGClockFreq	32	static
../Drivers/STM32H7xx_HAL_Driver/Src/stm32h7xx_ll_rcc.c:1059:10:LL_RCC_GetCECClockFreq	24	static
../Drivers/STM32H7xx_HAL_Driver/Src/stm32h7xx_ll_rcc.c:1101:10:LL_RCC_GetUSBClockFreq	32	static
../Drivers/STM32H7xx_HAL_Driver/Src/stm32h7xx_ll_rcc.c:1147:10:LL_RCC_GetDFSDMClockFreq	32	static
../Drivers/STM32H7xx_HAL_Driver/Src/stm32h7xx_ll_rcc.c:1246:10:LL_RCC_GetSPDIFClockFreq	32	static
../Drivers/STM32H7xx_HAL_Driver/Src/stm32h7xx_ll_rcc.c:1301:10:LL_RCC_GetSPIClockFreq	40	static
../Drivers/STM32H7xx_HAL_Driver/Src/stm32h7xx_ll_rcc.c:1411:10:LL_RCC_GetSWPClockFreq	32	static
../Drivers/STM32H7xx_HAL_Driver/Src/stm32h7xx_ll_rcc.c:1443:10:LL_RCC_GetFDCANClockFreq	32	static
../Drivers/STM32H7xx_HAL_Driver/Src/stm32h7xx_ll_rcc.c:1488:10:LL_RCC_GetFMCClockFreq	40	static
../Drivers/STM32H7xx_HAL_Driver/Src/stm32h7xx_ll_rcc.c:1535:10:LL_RCC_GetQSPIClockFreq	40	static
../Drivers/STM32H7xx_HAL_Driver/Src/stm32h7xx_ll_rcc.c:1631:10:LL_RCC_GetCLKPClockFreq	24	static
../Drivers/STM32H7xx_HAL_Driver/Src/stm32h7xx_ll_rcc.c:1682:17:RCC_GetSystemClockFreq	24	static
../Drivers/STM32H7xx_HAL_Driver/Src/stm32h7xx_ll_rcc.c:1721:17:RCC_GetHCLKClockFreq	16	static
../Drivers/STM32H7xx_HAL_Driver/Src/stm32h7xx_ll_rcc.c:1732:17:RCC_GetPCLK1ClockFreq	16	static
../Drivers/STM32H7xx_HAL_Driver/Src/stm32h7xx_ll_rcc.c:1743:17:RCC_GetPCLK2ClockFreq	16	static
../Drivers/STM32H7xx_HAL_Driver/Src/stm32h7xx_ll_rcc.c:1754:17:RCC_GetPCLK3ClockFreq	16	static
../Drivers/STM32H7xx_HAL_Driver/Src/stm32h7xx_ll_rcc.c:1765:17:RCC_GetPCLK4ClockFreq	16	static
