Archive member included to satisfy reference by file (symbol)

c:/st/stm32cubeide_1.10.1/stm32cubeide/plugins/com.st.stm32cube.ide.mcu.externaltools.gnu-tools-for-stm32.10.3-2021.10.win32_1.0.0.202111181127/tools/bin/../lib/gcc/arm-none-eabi/10.3.1/../../../../arm-none-eabi/lib/thumb/v7e-m+dp/hard\libc_nano.a(lib_a-errno.o)
                              ./Core/Src/syscalls.o (__errno)
c:/st/stm32cubeide_1.10.1/stm32cubeide/plugins/com.st.stm32cube.ide.mcu.externaltools.gnu-tools-for-stm32.10.3-2021.10.win32_1.0.0.202111181127/tools/bin/../lib/gcc/arm-none-eabi/10.3.1/../../../../arm-none-eabi/lib/thumb/v7e-m+dp/hard\libc_nano.a(lib_a-exit.o)
                              c:/st/stm32cubeide_1.10.1/stm32cubeide/plugins/com.st.stm32cube.ide.mcu.externaltools.gnu-tools-for-stm32.10.3-2021.10.win32_1.0.0.202111181127/tools/bin/../lib/gcc/arm-none-eabi/10.3.1/../../../../arm-none-eabi/lib/thumb/v7e-m+dp/hard/crt0.o (exit)
c:/st/stm32cubeide_1.10.1/stm32cubeide/plugins/com.st.stm32cube.ide.mcu.externaltools.gnu-tools-for-stm32.10.3-2021.10.win32_1.0.0.202111181127/tools/bin/../lib/gcc/arm-none-eabi/10.3.1/../../../../arm-none-eabi/lib/thumb/v7e-m+dp/hard\libc_nano.a(lib_a-impure.o)
                              c:/st/stm32cubeide_1.10.1/stm32cubeide/plugins/com.st.stm32cube.ide.mcu.externaltools.gnu-tools-for-stm32.10.3-2021.10.win32_1.0.0.202111181127/tools/bin/../lib/gcc/arm-none-eabi/10.3.1/../../../../arm-none-eabi/lib/thumb/v7e-m+dp/hard\libc_nano.a(lib_a-exit.o) (_global_impure_ptr)
c:/st/stm32cubeide_1.10.1/stm32cubeide/plugins/com.st.stm32cube.ide.mcu.externaltools.gnu-tools-for-stm32.10.3-2021.10.win32_1.0.0.202111181127/tools/bin/../lib/gcc/arm-none-eabi/10.3.1/../../../../arm-none-eabi/lib/thumb/v7e-m+dp/hard\libc_nano.a(lib_a-init.o)
                              c:/st/stm32cubeide_1.10.1/stm32cubeide/plugins/com.st.stm32cube.ide.mcu.externaltools.gnu-tools-for-stm32.10.3-2021.10.win32_1.0.0.202111181127/tools/bin/../lib/gcc/arm-none-eabi/10.3.1/../../../../arm-none-eabi/lib/thumb/v7e-m+dp/hard/crt0.o (__libc_init_array)
c:/st/stm32cubeide_1.10.1/stm32cubeide/plugins/com.st.stm32cube.ide.mcu.externaltools.gnu-tools-for-stm32.10.3-2021.10.win32_1.0.0.202111181127/tools/bin/../lib/gcc/arm-none-eabi/10.3.1/../../../../arm-none-eabi/lib/thumb/v7e-m+dp/hard\libc_nano.a(lib_a-memset.o)
                              c:/st/stm32cubeide_1.10.1/stm32cubeide/plugins/com.st.stm32cube.ide.mcu.externaltools.gnu-tools-for-stm32.10.3-2021.10.win32_1.0.0.202111181127/tools/bin/../lib/gcc/arm-none-eabi/10.3.1/../../../../arm-none-eabi/lib/thumb/v7e-m+dp/hard/crt0.o (memset)

Allocating common symbols
Common symbol       size              file

EEPROM_SPI          0x4               ./Core/Src/Eeprom.o
hspi2               0x88              ./Core/Src/spi.o
hi2c1               0x4c              ./Core/Src/i2c.o
uwTick              0x4               ./Drivers/STM32H7xx_HAL_Driver/Src/stm32h7xx_hal.o
pFlash              0x1c              ./Drivers/STM32H7xx_HAL_Driver/Src/stm32h7xx_hal_flash.o
hsram1              0x4c              ./Core/Src/fmc.o
hspi3               0x88              ./Core/Src/main.o
EEPROM_StatusByte   0x1               ./Core/Src/Eeprom.o
Thermo              0x4               ./Core/Src/main.o
KeyNumber           0x6               ./Core/Src/main.o
BufClock            0xc               ./Core/Src/main.o

Discarded input sections

 .text          0x0000000000000000        0x0 c:/st/stm32cubeide_1.10.1/stm32cubeide/plugins/com.st.stm32cube.ide.mcu.externaltools.gnu-tools-for-stm32.10.3-2021.10.win32_1.0.0.202111181127/tools/bin/../lib/gcc/arm-none-eabi/10.3.1/thumb/v7e-m+dp/hard/crti.o
 .data          0x0000000000000000        0x0 c:/st/stm32cubeide_1.10.1/stm32cubeide/plugins/com.st.stm32cube.ide.mcu.externaltools.gnu-tools-for-stm32.10.3-2021.10.win32_1.0.0.202111181127/tools/bin/../lib/gcc/arm-none-eabi/10.3.1/thumb/v7e-m+dp/hard/crti.o
 .bss           0x0000000000000000        0x0 c:/st/stm32cubeide_1.10.1/stm32cubeide/plugins/com.st.stm32cube.ide.mcu.externaltools.gnu-tools-for-stm32.10.3-2021.10.win32_1.0.0.202111181127/tools/bin/../lib/gcc/arm-none-eabi/10.3.1/thumb/v7e-m+dp/hard/crti.o
 .data          0x0000000000000000        0x4 c:/st/stm32cubeide_1.10.1/stm32cubeide/plugins/com.st.stm32cube.ide.mcu.externaltools.gnu-tools-for-stm32.10.3-2021.10.win32_1.0.0.202111181127/tools/bin/../lib/gcc/arm-none-eabi/10.3.1/thumb/v7e-m+dp/hard/crtbegin.o
 .rodata        0x0000000000000000       0x24 c:/st/stm32cubeide_1.10.1/stm32cubeide/plugins/com.st.stm32cube.ide.mcu.externaltools.gnu-tools-for-stm32.10.3-2021.10.win32_1.0.0.202111181127/tools/bin/../lib/gcc/arm-none-eabi/10.3.1/thumb/v7e-m+dp/hard/crtbegin.o
 .text          0x0000000000000000       0x7c c:/st/stm32cubeide_1.10.1/stm32cubeide/plugins/com.st.stm32cube.ide.mcu.externaltools.gnu-tools-for-stm32.10.3-2021.10.win32_1.0.0.202111181127/tools/bin/../lib/gcc/arm-none-eabi/10.3.1/../../../../arm-none-eabi/lib/thumb/v7e-m+dp/hard/crt0.o
[...]
Memory Configuration

Name             Origin             Length             Attributes
FLASH            0x0000000008000000 0x0000000000200000 xr
DTCMRAM          0x0000000020000000 0x0000000000020000 xrw
RAM_D1           0x0000000024000000 0x0000000000080000 xrw
RAM_D2           0x0000000030000000 0x0000000000048000 xrw
RAM_D3           0x0000000038000000 0x0000000000010000 xrw
ITCMRAM          0x0000000000000000 0x0000000000010000 xrw
*default*        0x0000000000000000 0xffffffffffffffff

Linker script and memory map

LOAD c:/st/stm32cubeide_1.10.1/stm32cubeide/plugins/com.st.stm32cube.ide.mcu.externaltools.gnu-tools-for-stm32.10.3-2021.10.win32_1.0.0.202111181127/tools/bin/../lib/gcc/arm-none-eabi/10.3.1/thumb/v7e-m+dp/hard/crti.o
LOAD c:/st/stm32cubeide_1.10.1/stm32cubeide/plugins/com.st.stm32cube.ide.mcu.externaltools.gnu-tools-for-stm32.10.3-2021.10.win32_1.0.0.202111181127/tools/bin/../lib/gcc/arm-none-eabi/10.3.1/thumb/v7e-m+dp/hard/crtbegin.o
LOAD c:/st/stm32cubeide_1.10.1/stm32cubeide/plugins/com.st.stm32cube.ide.mcu.externaltools.gnu-tools-for-stm32.10.3-2021.10.win32_1.0.0.202111181127/tools/bin/../lib/gcc/arm-none-eabi/10.3.1/../../../../arm-none-eabi/lib/thumb/v7e-m+dp/hard/crt0.o
LOAD ./Core/Src/Eeprom.o
LOAD ./Core/Src/TFT_Buttons.o
LOAD ./Core/Src/TFT_SSD1963.o
LOAD ./Core/Src/fmc.o
LOAD ./Core/Src/gpio.o
LOAD ./Core/Src/i2c.o
LOAD ./Core/Src/main.o
LOAD ./Core/Src/spi.o
LOAD ./Core/Src/stm32h7xx_hal_msp.o
LOAD ./Core/Src/stm32h7xx_it.o
LOAD ./Core/Src/syscalls.o
LOAD ./Core/Src/sysmem.o
LOAD ./Core/Src/system_stm32h7xx.o
LOAD ./Core/Src/tim.o
LOAD ./Core/Startup/startup_stm32h743vitx.o
LOAD ./Drivers/STM32H7xx_HAL_Driver/Src/stm32h7xx_hal.o
LOAD ./Drivers/STM32H7xx_HAL_Driver/Src/stm32h7xx_hal_cortex.o
LOAD ./Drivers/STM32H7xx_HAL_Driver/Src/stm32h7xx_hal_dma.o
LOAD ./Drivers/STM32H7xx_HAL_Driver/Src/stm32h7xx_hal_dma_ex.o
LOAD ./Drivers/STM32H7xx_HAL_Driver/Src/stm32h7xx_hal_exti.o
LOAD ./Drivers/STM32H7xx_HAL_Driver/Src/stm32h7xx_hal_flash.o
LOAD ./Drivers/STM32H7xx_HAL_Driver/Src/stm32h7xx_hal_flash_ex.o
LOAD ./Drivers/STM32H7xx_HAL_Driver/Src/stm32h7xx_hal_gpio.o
LOAD ./Drivers/STM32H7xx_HAL_Driver/Src/stm32h7xx_hal_hsem.o
LOAD ./Drivers/STM32H7xx_HAL_Driver/Src/stm32h7xx_hal_i2c.o
LOAD ./Drivers/STM32H7xx_HAL_Driver/Src/stm32h7xx_hal_i2c_ex.o
LOAD ./Drivers/STM32H7xx_HAL_Driver/Src/stm32h7xx_hal_mdma.o
LOAD ./Drivers/STM32H7xx_HAL_Driver/Src/stm32h7xx_hal_pwr.o
LOAD ./Drivers/STM32H7xx_HAL_Driver/Src/stm32h7xx_hal_pwr_ex.o
LOAD ./Drivers/STM32H7xx_HAL_Driver/Src/stm32h7xx_hal_rcc.o
LOAD ./Drivers/STM32H7xx_HAL_Driver/Src/stm32h7xx_hal_rcc_ex.o
LOAD ./Drivers/STM32H7xx_HAL_Driver/Src/stm32h7xx_hal_spi.o
LOAD ./Drivers/STM32H7xx_HAL_Driver/Src/stm32h7xx_hal_spi_ex.o
LOAD ./Drivers/STM32H7xx_HAL_Driver/Src/stm32h7xx_hal_sram.o
LOAD ./Drivers/STM32H7xx_HAL_Driver/Src/stm32h7xx_hal_tim.o
LOAD ./Drivers/STM32H7xx_HAL_Driver/Src/stm32h7xx_hal_tim_ex.o
LOAD ./Drivers/STM32H7xx_HAL_Driver/Src/stm32h7xx_ll_dma.o
LOAD ./Drivers/STM32H7xx_HAL_Driver/Src/stm32h7xx_ll_exti.o
LOAD ./Drivers/STM32H7xx_HAL_Driver/Src/stm32h7xx_ll_fmc.o
LOAD ./Drivers/STM32H7xx_HAL_Driver/Src/stm32h7xx_ll_gpio.o
LOAD ./Drivers/STM32H7xx_HAL_Driver/Src/stm32h7xx_ll_rcc.o
LOAD ./Drivers/STM32H7xx_HAL_Driver/Src/stm32h7xx_ll_spi.o
LOAD ./Drivers/STM32H7xx_HAL_Driver/Src/stm32h7xx_ll_tim.o
LOAD ./Drivers/STM32H7xx_HAL_Driver/Src/stm32h7xx_ll_utils.o
START GROUP
LOAD c:/st/stm32cubeide_1.10.1/stm32cubeide/plugins/com.st.stm32cube.ide.mcu.externaltools.gnu-tools-for-stm32.10.3-2021.10.win32_1.0.0.202111181127/tools/bin/../lib/gcc/arm-none-eabi/10.3.1/../../../../arm-none-eabi/lib/thumb/v7e-m+dp/hard\libc_nano.a
LOAD c:/st/stm32cubeide_1.10.1/stm32cubeide/plugins/com.st.stm32cube.ide.mcu.externaltools.gnu-tools-for-stm32.10.3-2021.10.win32_1.0.0.202111181127/tools/bin/../lib/gcc/arm-none-eabi/10.3.1/../../../../arm-none-eabi/lib/thumb/v7e-m+dp/hard\libm.a
END GROUP
START GROUP
LOAD c:/st/stm32cubeide_1.10.1/stm32cubeide/plugins/com.st.stm32cube.ide.mcu.externaltools.gnu-tools-for-stm32.10.3-2021.10.win32_1.0.0.202111181127/tools/bin/../lib/gcc/arm-none-eabi/10.3.1/thumb/v7e-m+dp/hard\libgcc.a
LOAD c:/st/stm32cubeide_1.10.1/stm32cubeide/plugins/com.st.stm32cube.ide.mcu.externaltools.gnu-tools-for-stm32.10.3-2021.10.win32_1.0.0.202111181127/tools/bin/../lib/gcc/arm-none-eabi/10.3.1/../../../../arm-none-eabi/lib/thumb/v7e-m+dp/hard\libc_nano.a
END GROUP
START GROUP
LOAD c:/st/stm32cubeide_1.10.1/stm32cubeide/plugins/com.st.stm32cube.ide.mcu.externaltools.gnu-tools-for-stm32.10.3-2021.10.win32_1.0.0.202111181127/tools/bin/../lib/gcc/arm-none-eabi/10.3.1/thumb/v7e-m+dp/hard\libgcc.a
LOAD c:/st/stm32cubeide_1.10.1/stm32cubeide/plugins/com.st.stm32cube.ide.mcu.externaltools.gnu-tools-for-stm32.10.3-2021.10.win32_1.0.0.202111181127/tools/bin/../lib/gcc/arm-none-eabi/10.3.1/../../../../arm-none-eabi/lib/thumb/v7e-m+dp/hard\libc_nano.a
LOAD c:/st/stm32cubeide_1.10.1/stm32cubeide/plugins/com.st.stm32cube.ide.mcu.externaltools.gnu-tools-for-stm32.10.3-2021.10.win32_1.0.0.202111181127/tools/bin/../lib/gcc/arm-none-eabi/10.3.1/../../../../arm-none-eabi/lib/thumb/v7e-m+dp/hard\libnosys.a
END GROUP
START GROUP
LOAD c:/st/stm32cubeide_1.10.1/stm32cubeide/plugins/com.st.stm32cube.ide.mcu.externaltools.gnu-tools-for-stm32.10.3-2021.10.win32_1.0.0.202111181127/tools/bin/../lib/gcc/arm-none-eabi/10.3.1/thumb/v7e-m+dp/hard\libgcc.a
LOAD c:/st/stm32cubeide_1.10.1/stm32cubeide/plugins/com.st.stm32cube.ide.mcu.externaltools.gnu-tools-for-stm32.10.3-2021.10.win32_1.0.0.202111181127/tools/bin/../lib/gcc/arm-none-eabi/10.3.1/../../../../arm-none-eabi/lib/thumb/v7e-m+dp/hard\libc_nano.a
LOAD c:/st/stm32cubeide_1.10.1/stm32cubeide/plugins/com.st.stm32cube.ide.mcu.externaltools.gnu-tools-for-stm32.10.3-2021.10.win32_1.0.0.202111181127/tools/bin/../lib/gcc/arm-none-eabi/10.3.1/../../../../arm-none-eabi/lib/thumb/v7e-m+dp/hard\libnosys.a
END GROUP
LOAD c:/st/stm32cubeide_1.10.1/stm32cubeide/plugins/com.st.stm32cube.ide.mcu.externaltools.gnu-tools-for-stm32.10.3-2021.10.win32_1.0.0.202111181127/tools/bin/../lib/gcc/arm-none-eabi/10.3.1/thumb/v7e-m+dp/hard/crtend.o
LOAD c:/st/stm32cubeide_1.10.1/stm32cubeide/plugins/com.st.stm32cube.ide.mcu.externaltools.gnu-tools-for-stm32.10.3-2021.10.win32_1.0.0.202111181127/tools/bin/../lib/gcc/arm-none-eabi/10.3.1/thumb/v7e-m+dp/hard/crtn.o
                0x0000000024080000                _estack = (ORIGIN (RAM_D1) + LENGTH (RAM_D1))
                0x0000000000000200                _Min_Heap_Size = 0x200
                0x0000000000000400                _Min_Stack_Size = 0x400

.isr_vector     0x0000000008000000      0x298
                0x0000000008000000                . = ALIGN (0x4)
 *(.isr_vector)
 .isr_vector    0x0000000008000000      0x298 ./Core/Startup/startup_stm32h743vitx.o
                0x0000000008000000                g_pfnVectors
                0x0000000008000298                . = ALIGN (0x4)

.text           0x0000000008000298     0x785c
                0x0000000008000298                . = ALIGN (0x4)
 *(.text)
 .text          0x0000000008000298       0x40 c:/st/stm32cubeide_1.10.1/stm32cubeide/plugins/com.st.stm32cube.ide.mcu.externaltools.gnu-tools-for-stm32.10.3-2021.10.win32_1.0.0.202111181127/tools/bin/../lib/gcc/arm-none-eabi/10.3.1/thumb/v7e-m+dp/hard/crtbegin.o
 *(.text*)
 .text.EEPROM_SPI_INIT
                0x00000000080002d8       0x20 ./Core/Src/Eeprom.o
                0x00000000080002d8                EEPROM_SPI_INIT
 .text.EEPROM_SPI_WritePage
                0x00000000080002f8       0xd8 ./Core/Src/Eeprom.o
                0x00000000080002f8                EEPROM_SPI_WritePage
 .text.EEPROM_SPI_WriteBuffer
                0x00000000080003d0      0x1ea ./Core/Src/Eeprom.o
                0x00000000080003d0                EEPROM_SPI_WriteBuffer
 *fill*         0x00000000080005ba        0x2 
 .text.EEPROM_SPI_ReadBuffer
                0x00000000080005bc       0xa8 ./Core/Src/Eeprom.o
                0x00000000080005bc                EEPROM_SPI_ReadBuffer
 .text.EEPROM_SPI_WaitStandbyState
                0x0000000008000664       0x8c ./Core/Src/Eeprom.o
                0x0000000008000664                EEPROM_SPI_WaitStandbyState
 .text.sEE_WriteEnable
                0x00000000080006f0       0x54 ./Core/Src/Eeprom.o
                0x00000000080006f0                sEE_WriteEnable
 .text.sEE_WriteDisable
                0x0000000008000744       0x54 ./Core/Src/Eeprom.o
                0x0000000008000744                sEE_WriteDisable
 .text.EEPROM_SPI_SendInstruction
                0x0000000008000798       0x48 ./Core/Src/Eeprom.o
                0x0000000008000798                EEPROM_SPI_SendInstruction
 .text.ClockNumer
                0x00000000080007e0       0x4c ./Core/Src/TFT_Buttons.o
                0x00000000080007e0                ClockNumer
 .text.TFT_ButtonClockCheck
                0x000000000800082c       0x84 ./Core/Src/TFT_Buttons.o
                0x000000000800082c                TFT_ButtonClockCheck
 .text.TFT_ButtonClock
                0x00000000080008b0      0x1b4 ./Core/Src/TFT_Buttons.o
                0x00000000080008b0                TFT_ButtonClock
 .text.TFT_KeypadNumberCheck
                0x0000000008000a64      0x1d6 ./Core/Src/TFT_Buttons.o
                0x0000000008000a64                TFT_KeypadNumberCheck
 *fill*         0x0000000008000c3a        0x2 
 .text.TFT_KeypadNumber
                0x0000000008000c3c      0x1f0 ./Core/Src/TFT_Buttons.o
                0x0000000008000c3c                TFT_KeypadNumber
 .text.TFT_ButtonStringCheck
                0x0000000008000e2c       0x84 ./Core/Src/TFT_Buttons.o
                0x0000000008000e2c                TFT_ButtonStringCheck
 .text.TFT_ButtonString
                0x0000000008000eb0       0x86 ./Core/Src/TFT_Buttons.o
                0x0000000008000eb0                TFT_ButtonString
 *fill*         0x0000000008000f36        0x2 
 .text.TFT_ButtonNumberCheck
                0x0000000008000f38       0x84 ./Core/Src/TFT_Buttons.o
                0x0000000008000f38                TFT_ButtonNumberCheck
 .text.TFT_ButtonNumber
                0x0000000008000fbc       0x8e ./Core/Src/TFT_Buttons.o
                0x0000000008000fbc                TFT_ButtonNumber
 *fill*         0x000000000800104a        0x2 
 .text.TFT_SendData
                0x000000000800104c       0x20 ./Core/Src/TFT_SSD1963.o
                0x000000000800104c                TFT_SendData
 .text.TFT_SendCommand
                0x000000000800106c       0x1e ./Core/Src/TFT_SSD1963.o
                0x000000000800106c                TFT_SendCommand
 .text.TFT_WriteRegister
                0x000000000800108a       0x28 ./Core/Src/TFT_SSD1963.o
                0x000000000800108a                TFT_WriteRegister
 *fill*         0x00000000080010b2        0x2 
 .text.TFT_Init
                0x00000000080010b4      0x1f4 ./Core/Src/TFT_SSD1963.o
                0x00000000080010b4                TFT_Init
 .text.TFT_WindowSet
                0x00000000080012a8       0x7c ./Core/Src/TFT_SSD1963.o
                0x00000000080012a8                TFT_WindowSet
 .text.TFT_WindowFull
                0x0000000008001324       0x5c ./Core/Src/TFT_SSD1963.o
                0x0000000008001324                TFT_WindowFull
 .text.TFT_ColorBox
                0x0000000008001380       0x6c ./Core/Src/TFT_SSD1963.o
                0x0000000008001380                TFT_ColorBox
 .text.TFT_DrawPoint
                0x00000000080013ec       0x34 ./Core/Src/TFT_SSD1963.o
                0x00000000080013ec                TFT_DrawPoint
 .text.TFT_DrawLine
                0x0000000008001420      0x144 ./Core/Src/TFT_SSD1963.o
                0x0000000008001420                TFT_DrawLine
 .text.TFT_DrawBox
                0x0000000008001564       0x6e ./Core/Src/TFT_SSD1963.o
                0x0000000008001564                TFT_DrawBox
 *fill*         0x00000000080015d2        0x2 
 .text.TFT_PrintChar
                0x00000000080015d4      0x2d4 ./Core/Src/TFT_SSD1963.o
                0x00000000080015d4                TFT_PrintChar
 .text.TFT_PrintString
                0x00000000080018a8       0x5c ./Core/Src/TFT_SSD1963.o
                0x00000000080018a8                TFT_PrintString
 .text.TFT_Mypow
                0x0000000008001904       0x38 ./Core/Src/TFT_SSD1963.o
                0x0000000008001904                TFT_Mypow
 .text.TFT_PrintNumber
                0x000000000800193c      0x124 ./Core/Src/TFT_SSD1963.o
                0x000000000800193c                TFT_PrintNumber
 .text.TFT_PrintNumberClock
                0x0000000008001a60       0x76 ./Core/Src/TFT_SSD1963.o
                0x0000000008001a60                TFT_PrintNumberClock
 *fill*         0x0000000008001ad6        0x2 
 .text.LL_RCC_SetFMCClockSource
                0x0000000008001ad8       0x28 ./Core/Src/fmc.o
 .text.MX_FMC_Init
                0x0000000008001b00       0xfc ./Core/Src/fmc.o
                0x0000000008001b00                MX_FMC_Init
 .text.HAL_FMC_MspInit
                0x0000000008001bfc       0xa0 ./Core/Src/fmc.o
 .text.HAL_SRAM_MspInit
                0x0000000008001c9c       0x14 ./Core/Src/fmc.o
                0x0000000008001c9c                HAL_SRAM_MspInit
 .text.MX_GPIO_Init
                0x0000000008001cb0      0x18c ./Core/Src/gpio.o
                0x0000000008001cb0                MX_GPIO_Init
 .text.LL_RCC_SetClockSource
                0x0000000008001e3c       0x54 ./Core/Src/i2c.o
 .text.LL_RCC_SetI2CClockSource
                0x0000000008001e90       0x16 ./Core/Src/i2c.o
 *fill*         0x0000000008001ea6        0x2 
 .text.MX_I2C1_Init
                0x0000000008001ea8       0x84 ./Core/Src/i2c.o
                0x0000000008001ea8                MX_I2C1_Init
 .text.HAL_I2C_MspInit
                0x0000000008001f2c       0xa0 ./Core/Src/i2c.o
                0x0000000008001f2c                HAL_I2C_MspInit
 .text.LL_RCC_HSE_Enable
                0x0000000008001fcc       0x20 ./Core/Src/main.o
 .text.LL_RCC_HSE_IsReady
                0x0000000008001fec       0x28 ./Core/Src/main.o
 .text.LL_RCC_SetSysClkSource
                0x0000000008002014       0x28 ./Core/Src/main.o
 .text.LL_RCC_GetSysClkSource
                0x000000000800203c       0x1c ./Core/Src/main.o
 .text.LL_RCC_SetSysPrescaler
                0x0000000008002058       0x28 ./Core/Src/main.o
 .text.LL_RCC_SetAHBPrescaler
                0x0000000008002080       0x28 ./Core/Src/main.o
 .text.LL_RCC_SetAPB1Prescaler
                0x00000000080020a8       0x28 ./Core/Src/main.o
 .text.LL_RCC_SetAPB2Prescaler
                0x00000000080020d0       0x28 ./Core/Src/main.o
 .text.LL_RCC_SetAPB3Prescaler
                0x00000000080020f8       0x28 ./Core/Src/main.o
 .text.LL_RCC_SetAPB4Prescaler
                0x0000000008002120       0x28 ./Core/Src/main.o
 .text.LL_RCC_PLL_SetSource
                0x0000000008002148       0x28 ./Core/Src/main.o
 .text.LL_RCC_PLL1_Enable
                0x0000000008002170       0x20 ./Core/Src/main.o
 .text.LL_RCC_PLL1_IsReady
                0x0000000008002190       0x28 ./Core/Src/main.o
 .text.LL_RCC_PLL1P_Enable
                0x00000000080021b8       0x20 ./Core/Src/main.o
 .text.LL_RCC_PLL1Q_Enable
                0x00000000080021d8       0x20 ./Core/Src/main.o
 .text.LL_RCC_PLL1R_Enable
                0x00000000080021f8       0x20 ./Core/Src/main.o
 .text.LL_RCC_PLL1_SetVCOOutputRange
                0x0000000008002218       0x2c ./Core/Src/main.o
 .text.LL_RCC_PLL1_SetVCOInputRange
                0x0000000008002244       0x2c ./Core/Src/main.o
 .text.LL_RCC_PLL1_SetN
                0x0000000008002270       0x30 ./Core/Src/main.o
 .text.LL_RCC_PLL1_SetM
                0x00000000080022a0       0x2c ./Core/Src/main.o
 .text.LL_RCC_PLL1_SetP
                0x00000000080022cc       0x2c ./Core/Src/main.o
 .text.LL_RCC_PLL1_SetQ
                0x00000000080022f8       0x2c ./Core/Src/main.o
 .text.LL_RCC_PLL1_SetR
                0x0000000008002324       0x2c ./Core/Src/main.o
 .text.LL_FLASH_SetLatency
                0x0000000008002350       0x28 ./Core/Src/main.o
 .text.LL_FLASH_GetLatency
                0x0000000008002378       0x1c ./Core/Src/main.o
 .text.LL_PWR_ConfigSupply
                0x0000000008002394       0x28 ./Core/Src/main.o
 .text.LL_PWR_SetRegulVoltageScaling
                0x00000000080023bc       0x28 ./Core/Src/main.o
 .text.LL_SPI_Enable
                0x00000000080023e4       0x20 ./Core/Src/main.o
 .text.LL_SPI_StartMasterTransfer
                0x0000000008002404       0x20 ./Core/Src/main.o
 .text.LL_TIM_EnableCounter
                0x0000000008002424       0x20 ./Core/Src/main.o
 .text.LL_TIM_IsEnabledCounter
                0x0000000008002444       0x26 ./Core/Src/main.o
 .text.LL_TIM_DisableARRPreload
                0x000000000800246a       0x20 ./Core/Src/main.o
 .text.LL_TIM_SetAutoReload
                0x000000000800248a       0x1c ./Core/Src/main.o
 *fill*         0x00000000080024a6        0x2 
 .text.LL_TIM_OC_DisableFast
                0x00000000080024a8       0xa4 ./Core/Src/main.o
 .text.LL_TIM_OC_EnablePreload
                0x000000000800254c       0xa0 ./Core/Src/main.o
 .text.LL_TIM_OC_SetCompareCH4
                0x00000000080025ec       0x1c ./Core/Src/main.o
 .text.LL_TIM_SetTriggerOutput
                0x0000000008002608       0x26 ./Core/Src/main.o
 .text.LL_TIM_DisableMasterSlaveMode
                0x000000000800262e       0x20 ./Core/Src/main.o
 .text.LL_TIM_EnableAllOutputs
                0x000000000800264e       0x20 ./Core/Src/main.o
 *fill*         0x000000000800266e        0x2 
 .text.main     0x0000000008002670      0x484 ./Core/Src/main.o
                0x0000000008002670                main
 .text.SystemClock_Config
                0x0000000008002af4       0xdc ./Core/Src/main.o
                0x0000000008002af4                SystemClock_Config
 .text.MENU_Test1
                0x0000000008002bd0      0x328 ./Core/Src/main.o
                0x0000000008002bd0                MENU_Test1
 .text.MENU_Test2
                0x0000000008002ef8      0x4d0 ./Core/Src/main.o
                0x0000000008002ef8                MENU_Test2
 .text.MENU_Test3
                0x00000000080033c8      0x118 ./Core/Src/main.o
                0x00000000080033c8                MENU_Test3
 .text.MENU_Test4
                0x00000000080034e0      0x118 ./Core/Src/main.o
                0x00000000080034e0                MENU_Test4
 .text.MENU_Test5
                0x00000000080035f8      0x110 ./Core/Src/main.o
                0x00000000080035f8                MENU_Test5
 .text.Beep     0x0000000008003708       0xfc ./Core/Src/main.o
                0x0000000008003708                Beep
 .text.PrintArray
                0x0000000008003804       0x6c ./Core/Src/main.o
                0x0000000008003804                PrintArray
 .text.Error_Handler
                0x0000000008003870        0xa ./Core/Src/main.o
                0x0000000008003870                Error_Handler
 *fill*         0x000000000800387a        0x2 
 .text.LL_RCC_SetClockSource
                0x000000000800387c       0x54 ./Core/Src/spi.o
 .text.LL_RCC_SetSPIClockSource
                0x00000000080038d0       0x16 ./Core/Src/spi.o
 *fill*         0x00000000080038e6        0x2 
 .text.LL_AHB4_GRP1_EnableClock
                0x00000000080038e8       0x38 ./Core/Src/spi.o
 .text.LL_APB2_GRP1_EnableClock
                0x0000000008003920       0x38 ./Core/Src/spi.o
 .text.LL_SPI_SetStandard
                0x0000000008003958       0x26 ./Core/Src/spi.o
 .text.LL_SPI_EnableNSSPulseMgt
                0x000000000800397e       0x20 ./Core/Src/spi.o
 *fill*         0x000000000800399e        0x2 
 .text.MX_SPI1_Init
                0x00000000080039a0       0xe4 ./Core/Src/spi.o
                0x00000000080039a0                MX_SPI1_Init
 .text.MX_SPI2_Init
                0x0000000008003a84       0xb0 ./Core/Src/spi.o
                0x0000000008003a84                MX_SPI2_Init
 .text.MX_SPI3_Init
                0x0000000008003b34       0xac ./Core/Src/spi.o
                0x0000000008003b34                MX_SPI3_Init
 .text.MX_SPI4_Init
                0x0000000008003be0       0xb8 ./Core/Src/spi.o
                0x0000000008003be0                MX_SPI4_Init
 .text.HAL_SPI_MspInit
                0x0000000008003c98      0x194 ./Core/Src/spi.o
                0x0000000008003c98                HAL_SPI_MspInit
 .text.HAL_MspInit
                0x0000000008003e2c       0x34 ./Core/Src/stm32h7xx_hal_msp.o
                0x0000000008003e2c                HAL_MspInit
 .text.LL_SPI_ReceiveData8
                0x0000000008003e60       0x1c ./Core/Src/stm32h7xx_it.o
 .text.LL_SPI_TransmitData8
                0x0000000008003e7c       0x20 ./Core/Src/stm32h7xx_it.o
 .text.LL_TIM_DisableCounter
                0x0000000008003e9c       0x20 ./Core/Src/stm32h7xx_it.o
 .text.LL_TIM_DisableAllOutputs
                0x0000000008003ebc       0x20 ./Core/Src/stm32h7xx_it.o
 .text.NMI_Handler
                0x0000000008003edc        0x6 ./Core/Src/stm32h7xx_it.o
                0x0000000008003edc                NMI_Handler
 .text.HardFault_Handler
                0x0000000008003ee2        0x6 ./Core/Src/stm32h7xx_it.o
                0x0000000008003ee2                HardFault_Handler
 .text.MemManage_Handler
                0x0000000008003ee8        0x6 ./Core/Src/stm32h7xx_it.o
                0x0000000008003ee8                MemManage_Handler
 .text.BusFault_Handler
                0x0000000008003eee        0x6 ./Core/Src/stm32h7xx_it.o
                0x0000000008003eee                BusFault_Handler
 .text.UsageFault_Handler
                0x0000000008003ef4        0x6 ./Core/Src/stm32h7xx_it.o
                0x0000000008003ef4                UsageFault_Handler
 .text.SVC_Handler
                0x0000000008003efa        0xe ./Core/Src/stm32h7xx_it.o
                0x0000000008003efa                SVC_Handler
 .text.DebugMon_Handler
                0x0000000008003f08        0xe ./Core/Src/stm32h7xx_it.o
                0x0000000008003f08                DebugMon_Handler
 .text.PendSV_Handler
                0x0000000008003f16        0xe ./Core/Src/stm32h7xx_it.o
                0x0000000008003f16                PendSV_Handler
 .text.SysTick_Handler
                0x0000000008003f24      0x2b4 ./Core/Src/stm32h7xx_it.o
                0x0000000008003f24                SysTick_Handler
 .text.SystemInit
                0x00000000080041d8      0x110 ./Core/Src/system_stm32h7xx.o
                0x00000000080041d8                SystemInit
 .text.LL_AHB4_GRP1_EnableClock
                0x00000000080042e8       0x38 ./Core/Src/tim.o
 .text.LL_APB1_GRP1_EnableClock
                0x0000000008004320       0x38 ./Core/Src/tim.o
 .text.LL_TIM_DisableARRPreload
                0x0000000008004358       0x20 ./Core/Src/tim.o
 .text.LL_TIM_OC_DisableFast
                0x0000000008004378       0xa4 ./Core/Src/tim.o
 .text.LL_TIM_OC_EnablePreload
                0x000000000800441c       0xa0 ./Core/Src/tim.o
 .text.LL_TIM_SetClockSource
                0x00000000080044bc       0x2c ./Core/Src/tim.o
 .text.LL_TIM_SetTriggerOutput
                0x00000000080044e8       0x26 ./Core/Src/tim.o
 .text.LL_TIM_DisableMasterSlaveMode
                0x000000000800450e       0x20 ./Core/Src/tim.o
 *fill*         0x000000000800452e        0x2 
 .text.MX_TIM2_Init
                0x0000000008004530       0xf4 ./Core/Src/tim.o
                0x0000000008004530                MX_TIM2_Init
 .text.Reset_Handler
                0x0000000008004624       0x50 ./Core/Startup/startup_stm32h743vitx.o
                0x0000000008004624                Reset_Handler
 .text.Default_Handler
                0x0000000008004674        0x2 ./Core/Startup/startup_stm32h743vitx.o
                0x0000000008004674                RTC_Alarm_IRQHandler
                0x0000000008004674                EXTI2_IRQHandler
                0x0000000008004674                TIM8_CC_IRQHandler
                0x0000000008004674                HRTIM1_Master_IRQHandler
                0x0000000008004674                UART8_IRQHandler
                0x0000000008004674                SPI4_IRQHandler
                0x0000000008004674                TIM1_CC_IRQHandler
                0x0000000008004674                BDMA_Channel6_IRQHandler
                0x0000000008004674                DMA2_Stream5_IRQHandler
                0x0000000008004674                HRTIM1_FLT_IRQHandler
                0x0000000008004674                JPEG_IRQHandler
                0x0000000008004674                DMA1_Stream5_IRQHandler
                0x0000000008004674                BDMA_Channel1_IRQHandler
                0x0000000008004674                HRTIM1_TIMD_IRQHandler
                0x0000000008004674                TAMP_STAMP_IRQHandler
                0x0000000008004674                EXTI3_IRQHandler
                0x0000000008004674                LPTIM4_IRQHandler
                0x0000000008004674                TIM8_TRG_COM_TIM14_IRQHandler
                0x0000000008004674                LPTIM2_IRQHandler
                0x0000000008004674                DFSDM1_FLT1_IRQHandler
                0x0000000008004674                DMAMUX2_OVR_IRQHandler
                0x0000000008004674                TIM8_UP_TIM13_IRQHandler
                0x0000000008004674                I2C3_ER_IRQHandler
                0x0000000008004674                DFSDM1_FLT2_IRQHandler
                0x0000000008004674                MDMA_IRQHandler
                0x0000000008004674                LPTIM3_IRQHandler
                0x0000000008004674                HSEM1_IRQHandler
                0x0000000008004674                EXTI0_IRQHandler
                0x0000000008004674                I2C2_EV_IRQHandler
                0x0000000008004674                DMA1_Stream2_IRQHandler
                0x0000000008004674                FPU_IRQHandler
                0x0000000008004674                OTG_HS_WKUP_IRQHandler
                0x0000000008004674                FDCAN1_IT1_IRQHandler
                0x0000000008004674                LTDC_ER_IRQHandler
                0x0000000008004674                DMA2_Stream2_IRQHandler
                0x0000000008004674                HRTIM1_TIME_IRQHandler
                0x0000000008004674                SPI1_IRQHandler
                0x0000000008004674                TIM6_DAC_IRQHandler
                0x0000000008004674                DCMI_IRQHandler
                0x0000000008004674                HRTIM1_TIMC_IRQHandler
                0x0000000008004674                DMA2_Stream3_IRQHandler
                0x0000000008004674                SAI2_IRQHandler
                0x0000000008004674                DFSDM1_FLT3_IRQHandler
                0x0000000008004674                USART6_IRQHandler
                0x0000000008004674                TIM17_IRQHandler
                0x0000000008004674                USART3_IRQHandler
                0x0000000008004674                BDMA_Channel7_IRQHandler
                0x0000000008004674                LPTIM5_IRQHandler
                0x0000000008004674                UART5_IRQHandler
                0x0000000008004674                ADC3_IRQHandler
                0x0000000008004674                DMA2_Stream0_IRQHandler
                0x0000000008004674                TIM4_IRQHandler
                0x0000000008004674                BDMA_Channel2_IRQHandler
                0x0000000008004674                QUADSPI_IRQHandler
                0x0000000008004674                I2C1_EV_IRQHandler
                0x0000000008004674                DMA1_Stream6_IRQHandler
                0x0000000008004674                DMAMUX1_OVR_IRQHandler
                0x0000000008004674                DMA1_Stream1_IRQHandler
                0x0000000008004674                TIM16_IRQHandler
                0x0000000008004674                UART4_IRQHandler
                0x0000000008004674                BDMA_Channel5_IRQHandler
                0x0000000008004674                TIM3_IRQHandler
                0x0000000008004674                RCC_IRQHandler
                0x0000000008004674                TIM8_BRK_TIM12_IRQHandler
                0x0000000008004674                TIM1_TRG_COM_IRQHandler
                0x0000000008004674                Default_Handler
                0x0000000008004674                ECC_IRQHandler
                0x0000000008004674                CEC_IRQHandler
                0x0000000008004674                EXTI15_10_IRQHandler
                0x0000000008004674                BDMA_Channel0_IRQHandler
                0x0000000008004674                ADC_IRQHandler
                0x0000000008004674                DMA1_Stream7_IRQHandler
                0x0000000008004674                HRTIM1_TIMA_IRQHandler
                0x0000000008004674                SPI5_IRQHandler
                0x0000000008004674                TIM7_IRQHandler
                0x0000000008004674                SDMMC1_IRQHandler
                0x0000000008004674                TIM5_IRQHandler
                0x0000000008004674                DMA2_Stream7_IRQHandler
                0x0000000008004674                TIM15_IRQHandler
                0x0000000008004674                PVD_AVD_IRQHandler
                0x0000000008004674                I2C3_EV_IRQHandler
                0x0000000008004674                EXTI9_5_IRQHandler
                0x0000000008004674                RTC_WKUP_IRQHandler
                0x0000000008004674                LTDC_IRQHandler
                0x0000000008004674                SAI3_IRQHandler
                0x0000000008004674                ETH_WKUP_IRQHandler
                0x0000000008004674                SPDIF_RX_IRQHandler
                0x0000000008004674                SPI2_IRQHandler
                0x0000000008004674                OTG_HS_EP1_IN_IRQHandler
                0x0000000008004674                DMA1_Stream0_IRQHandler
                0x0000000008004674                CRS_IRQHandler
                0x0000000008004674                EXTI4_IRQHandler
                0x0000000008004674                RNG_IRQHandler
                0x0000000008004674                HRTIM1_TIMB_IRQHandler
                0x0000000008004674                FDCAN2_IT1_IRQHandler
                0x0000000008004674                ETH_IRQHandler
                0x0000000008004674                TIM1_UP_IRQHandler
                0x0000000008004674                BDMA_Channel4_IRQHandler
                0x0000000008004674                OTG_HS_EP1_OUT_IRQHandler
                0x0000000008004674                WWDG_IRQHandler
                0x0000000008004674                SPI6_IRQHandler
                0x0000000008004674                MDIOS_IRQHandler
                0x0000000008004674                I2C4_EV_IRQHandler
                0x0000000008004674                FDCAN2_IT0_IRQHandler
                0x0000000008004674                LPUART1_IRQHandler
                0x0000000008004674                FDCAN1_IT0_IRQHandler
                0x0000000008004674                TIM2_IRQHandler
                0x0000000008004674                OTG_FS_WKUP_IRQHandler
                0x0000000008004674                OTG_HS_IRQHandler
                0x0000000008004674                DMA2D_IRQHandler
                0x0000000008004674                TIM1_BRK_IRQHandler
                0x0000000008004674                EXTI1_IRQHandler
                0x0000000008004674                SDMMC2_IRQHandler
                0x0000000008004674                OTG_FS_EP1_OUT_IRQHandler
                0x0000000008004674                BDMA_Channel3_IRQHandler
                0x0000000008004674                UART7_IRQHandler
                0x0000000008004674                MDIOS_WKUP_IRQHandler
                0x0000000008004674                USART2_IRQHandler
                0x0000000008004674                DFSDM1_FLT0_IRQHandler
                0x0000000008004674                SAI4_IRQHandler
                0x0000000008004674                I2C2_ER_IRQHandler
                0x0000000008004674                DMA2_Stream1_IRQHandler
                0x0000000008004674                FLASH_IRQHandler
                0x0000000008004674                DMA2_Stream4_IRQHandler
                0x0000000008004674                USART1_IRQHandler
                0x0000000008004674                OTG_FS_IRQHandler
                0x0000000008004674                SPI3_IRQHandler
                0x0000000008004674                WAKEUP_PIN_IRQHandler
                0x0000000008004674                DMA1_Stream4_IRQHandler
                0x0000000008004674                OTG_FS_EP1_IN_IRQHandler
                0x0000000008004674                I2C1_ER_IRQHandler
                0x0000000008004674                FMC_IRQHandler
                0x0000000008004674                FDCAN_CAL_IRQHandler
                0x0000000008004674                SWPMI1_IRQHandler
                0x0000000008004674                COMP1_IRQHandler
                0x0000000008004674                LPTIM1_IRQHandler
                0x0000000008004674                I2C4_ER_IRQHandler
                0x0000000008004674                DMA2_Stream6_IRQHandler
                0x0000000008004674                SAI1_IRQHandler
                0x0000000008004674                DMA1_Stream3_IRQHandler
 *fill*         0x0000000008004676        0x2 
 .text.HAL_Init
                0x0000000008004678       0x78 ./Drivers/STM32H7xx_HAL_Driver/Src/stm32h7xx_hal.o
                0x0000000008004678                HAL_Init
 .text.HAL_InitTick
                0x00000000080046f0       0x6c ./Drivers/STM32H7xx_HAL_Driver/Src/stm32h7xx_hal.o
                0x00000000080046f0                HAL_InitTick
 .text.HAL_IncTick
                0x000000000800475c       0x28 ./Drivers/STM32H7xx_HAL_Driver/Src/stm32h7xx_hal.o
                0x000000000800475c                HAL_IncTick
 .text.HAL_GetTick
                0x0000000008004784       0x18 ./Drivers/STM32H7xx_HAL_Driver/Src/stm32h7xx_hal.o
                0x0000000008004784                HAL_GetTick
 .text.HAL_Delay
                0x000000000800479c       0x48 ./Drivers/STM32H7xx_HAL_Driver/Src/stm32h7xx_hal.o
                0x000000000800479c                HAL_Delay
 .text.HAL_SetFMCMemorySwappingConfig
                0x00000000080047e4       0x28 ./Drivers/STM32H7xx_HAL_Driver/Src/stm32h7xx_hal.o
                0x00000000080047e4                HAL_SetFMCMemorySwappingConfig
 .text.__NVIC_SetPriorityGrouping
                0x000000000800480c       0x48 ./Drivers/STM32H7xx_HAL_Driver/Src/stm32h7xx_hal_cortex.o
 .text.__NVIC_GetPriorityGrouping
                0x0000000008004854       0x1c ./Drivers/STM32H7xx_HAL_Driver/Src/stm32h7xx_hal_cortex.o
 .text.__NVIC_SetPriority
                0x0000000008004870       0x54 ./Drivers/STM32H7xx_HAL_Driver/Src/stm32h7xx_hal_cortex.o
 .text.NVIC_EncodePriority
                0x00000000080048c4       0x66 ./Drivers/STM32H7xx_HAL_Driver/Src/stm32h7xx_hal_cortex.o
 *fill*         0x000000000800492a        0x2 
 .text.SysTick_Config
                0x000000000800492c       0x44 ./Drivers/STM32H7xx_HAL_Driver/Src/stm32h7xx_hal_cortex.o
 .text.HAL_NVIC_SetPriorityGrouping
                0x0000000008004970       0x16 ./Drivers/STM32H7xx_HAL_Driver/Src/stm32h7xx_hal_cortex.o
                0x0000000008004970                HAL_NVIC_SetPriorityGrouping
 .text.HAL_NVIC_SetPriority
                0x0000000008004986       0x34 ./Drivers/STM32H7xx_HAL_Driver/Src/stm32h7xx_hal_cortex.o
                0x0000000008004986                HAL_NVIC_SetPriority
 .text.HAL_SYSTICK_Config
                0x00000000080049ba       0x18 ./Drivers/STM32H7xx_HAL_Driver/Src/stm32h7xx_hal_cortex.o
                0x00000000080049ba                HAL_SYSTICK_Config
 *fill*         0x00000000080049d2        0x2 
 .text.HAL_GPIO_Init
                0x00000000080049d4      0x360 ./Drivers/STM32H7xx_HAL_Driver/Src/stm32h7xx_hal_gpio.o
                0x00000000080049d4                HAL_GPIO_Init
 .text.HAL_GPIO_WritePin
                0x0000000008004d34       0x32 ./Drivers/STM32H7xx_HAL_Driver/Src/stm32h7xx_hal_gpio.o
                0x0000000008004d34                HAL_GPIO_WritePin
 *fill*         0x0000000008004d66        0x2 
 .text.HAL_I2C_Init
                0x0000000008004d68      0x120 ./Drivers/STM32H7xx_HAL_Driver/Src/stm32h7xx_hal_i2c.o
                0x0000000008004d68                HAL_I2C_Init
 .text.HAL_I2C_Master_Transmit
                0x0000000008004e88      0x1e8 ./Drivers/STM32H7xx_HAL_Driver/Src/stm32h7xx_hal_i2c.o
                0x0000000008004e88                HAL_I2C_Master_Transmit
 .text.HAL_I2C_Master_Receive
                0x0000000008005070      0x1ec ./Drivers/STM32H7xx_HAL_Driver/Src/stm32h7xx_hal_i2c.o
                0x0000000008005070                HAL_I2C_Master_Receive
 .text.I2C_Flush_TXDR
                0x000000000800525c       0x48 ./Drivers/STM32H7xx_HAL_Driver/Src/stm32h7xx_hal_i2c.o
 .text.I2C_WaitOnFlagUntilTimeout
                0x00000000080052a4       0x80 ./Drivers/STM32H7xx_HAL_Driver/Src/stm32h7xx_hal_i2c.o
 .text.I2C_WaitOnTXISFlagUntilTimeout
                0x0000000008005324       0x80 ./Drivers/STM32H7xx_HAL_Driver/Src/stm32h7xx_hal_i2c.o
 .text.I2C_WaitOnSTOPFlagUntilTimeout
                0x00000000080053a4       0x78 ./Drivers/STM32H7xx_HAL_Driver/Src/stm32h7xx_hal_i2c.o
 .text.I2C_WaitOnRXNEFlagUntilTimeout
                0x000000000800541c       0xf4 ./Drivers/STM32H7xx_HAL_Driver/Src/stm32h7xx_hal_i2c.o
 .text.I2C_IsErrorOccurred
                0x0000000008005510      0x1d8 ./Drivers/STM32H7xx_HAL_Driver/Src/stm32h7xx_hal_i2c.o
 .text.I2C_TransferConfig
                0x00000000080056e8       0x64 ./Drivers/STM32H7xx_HAL_Driver/Src/stm32h7xx_hal_i2c.o
 .text.HAL_I2CEx_ConfigAnalogFilter
                0x000000000800574c       0x96 ./Drivers/STM32H7xx_HAL_Driver/Src/stm32h7xx_hal_i2c_ex.o
                0x000000000800574c                HAL_I2CEx_ConfigAnalogFilter
 .text.HAL_I2CEx_ConfigDigitalFilter
                0x00000000080057e2       0x98 ./Drivers/STM32H7xx_HAL_Driver/Src/stm32h7xx_hal_i2c_ex.o
                0x00000000080057e2                HAL_I2CEx_ConfigDigitalFilter
 *fill*         0x000000000800587a        0x2 
 .text.HAL_I2CEx_EnableFastModePlus
                0x000000000800587c       0x48 ./Drivers/STM32H7xx_HAL_Driver/Src/stm32h7xx_hal_i2c_ex.o
                0x000000000800587c                HAL_I2CEx_EnableFastModePlus
 .text.HAL_RCC_GetSysClockFreq
                0x00000000080058c4      0x2f4 ./Drivers/STM32H7xx_HAL_Driver/Src/stm32h7xx_hal_rcc.o
                0x00000000080058c4                HAL_RCC_GetSysClockFreq
 .text.HAL_SPI_Init
                0x0000000008005bb8      0x20c ./Drivers/STM32H7xx_HAL_Driver/Src/stm32h7xx_hal_spi.o
                0x0000000008005bb8                HAL_SPI_Init
 .text.HAL_SPI_Transmit
                0x0000000008005dc4      0x3e4 ./Drivers/STM32H7xx_HAL_Driver/Src/stm32h7xx_hal_spi.o
                0x0000000008005dc4                HAL_SPI_Transmit
 .text.HAL_SPI_Receive
                0x00000000080061a8      0x338 ./Drivers/STM32H7xx_HAL_Driver/Src/stm32h7xx_hal_spi.o
                0x00000000080061a8                HAL_SPI_Receive
 .text.HAL_SPI_TransmitReceive
                0x00000000080064e0      0x450 ./Drivers/STM32H7xx_HAL_Driver/Src/stm32h7xx_hal_spi.o
                0x00000000080064e0                HAL_SPI_TransmitReceive
 .text.SPI_CloseTransfer
                0x0000000008006930      0x140 ./Drivers/STM32H7xx_HAL_Driver/Src/stm32h7xx_hal_spi.o
 .text.SPI_WaitOnFlagUntilTimeout
                0x0000000008006a70       0x5c ./Drivers/STM32H7xx_HAL_Driver/Src/stm32h7xx_hal_spi.o
 .text.SPI_GetPacketSize
                0x0000000008006acc       0x36 ./Drivers/STM32H7xx_HAL_Driver/Src/stm32h7xx_hal_spi.o
 *fill*         0x0000000008006b02        0x2 
 .text.HAL_SRAM_Init
                0x0000000008006b04       0xa0 ./Drivers/STM32H7xx_HAL_Driver/Src/stm32h7xx_hal_sram.o
                0x0000000008006b04                HAL_SRAM_Init
 .text.FMC_NORSRAM_Init
                0x0000000008006ba4      0x120 ./Drivers/STM32H7xx_HAL_Driver/Src/stm32h7xx_ll_fmc.o
                0x0000000008006ba4                FMC_NORSRAM_Init
 .text.FMC_NORSRAM_Timing_Init
                0x0000000008006cc4       0xa0 ./Drivers/STM32H7xx_HAL_Driver/Src/stm32h7xx_ll_fmc.o
                0x0000000008006cc4                FMC_NORSRAM_Timing_Init
 .text.FMC_NORSRAM_Extended_Timing_Init
                0x0000000008006d64       0x70 ./Drivers/STM32H7xx_HAL_Driver/Src/stm32h7xx_ll_fmc.o
                0x0000000008006d64                FMC_NORSRAM_Extended_Timing_Init
 .text.LL_GPIO_SetPinMode
                0x0000000008006dd4       0x40 ./Drivers/STM32H7xx_HAL_Driver/Src/stm32h7xx_ll_gpio.o
 .text.LL_GPIO_SetPinOutputType
                0x0000000008006e14       0x30 ./Drivers/STM32H7xx_HAL_Driver/Src/stm32h7xx_ll_gpio.o
 .text.LL_GPIO_SetPinSpeed
                0x0000000008006e44       0x40 ./Drivers/STM32H7xx_HAL_Driver/Src/stm32h7xx_ll_gpio.o
 .text.LL_GPIO_SetPinPull
                0x0000000008006e84       0x40 ./Drivers/STM32H7xx_HAL_Driver/Src/stm32h7xx_ll_gpio.o
 .text.LL_GPIO_SetAFPin_0_7
                0x0000000008006ec4       0x58 ./Drivers/STM32H7xx_HAL_Driver/Src/stm32h7xx_ll_gpio.o
 .text.LL_GPIO_SetAFPin_8_15
                0x0000000008006f1c       0x6c ./Drivers/STM32H7xx_HAL_Driver/Src/stm32h7xx_ll_gpio.o
 .text.LL_GPIO_Init
                0x0000000008006f88       0xdc ./Drivers/STM32H7xx_HAL_Driver/Src/stm32h7xx_ll_gpio.o
                0x0000000008006f88                LL_GPIO_Init
 .text.LL_SPI_IsEnabled
                0x0000000008007064       0x26 ./Drivers/STM32H7xx_HAL_Driver/Src/stm32h7xx_ll_spi.o
 .text.LL_SPI_SetInternalSSLevel
                0x000000000800708a       0x26 ./Drivers/STM32H7xx_HAL_Driver/Src/stm32h7xx_ll_spi.o
 .text.LL_SPI_GetNSSPolarity
                0x00000000080070b0       0x1c ./Drivers/STM32H7xx_HAL_Driver/Src/stm32h7xx_ll_spi.o
 .text.LL_SPI_SetCRCPolynomial
                0x00000000080070cc       0x1c ./Drivers/STM32H7xx_HAL_Driver/Src/stm32h7xx_ll_spi.o
 .text.LL_SPI_Init
                0x00000000080070e8       0xfc ./Drivers/STM32H7xx_HAL_Driver/Src/stm32h7xx_ll_spi.o
                0x00000000080070e8                LL_SPI_Init
 .text.LL_TIM_SetPrescaler
                0x00000000080071e4       0x1c ./Drivers/STM32H7xx_HAL_Driver/Src/stm32h7xx_ll_tim.o
 .text.LL_TIM_SetAutoReload
                0x0000000008007200       0x1c ./Drivers/STM32H7xx_HAL_Driver/Src/stm32h7xx_ll_tim.o
 .text.LL_TIM_SetRepetitionCounter
                0x000000000800721c       0x1c ./Drivers/STM32H7xx_HAL_Driver/Src/stm32h7xx_ll_tim.o
 .text.LL_TIM_OC_SetCompareCH1
                0x0000000008007238       0x1c ./Drivers/STM32H7xx_HAL_Driver/Src/stm32h7xx_ll_tim.o
 .text.LL_TIM_OC_SetCompareCH2
                0x0000000008007254       0x1c ./Drivers/STM32H7xx_HAL_Driver/Src/stm32h7xx_ll_tim.o
 .text.LL_TIM_OC_SetCompareCH3
                0x0000000008007270       0x1c ./Drivers/STM32H7xx_HAL_Driver/Src/stm32h7xx_ll_tim.o
 .text.LL_TIM_OC_SetCompareCH4
                0x000000000800728c       0x1c ./Drivers/STM32H7xx_HAL_Driver/Src/stm32h7xx_ll_tim.o
 .text.LL_TIM_OC_SetCompareCH5
                0x00000000080072a8       0x20 ./Drivers/STM32H7xx_HAL_Driver/Src/stm32h7xx_ll_tim.o
 .text.LL_TIM_OC_SetCompareCH6
                0x00000000080072c8       0x1c ./Drivers/STM32H7xx_HAL_Driver/Src/stm32h7xx_ll_tim.o
 .text.LL_TIM_GenerateEvent_UPDATE
                0x00000000080072e4       0x20 ./Drivers/STM32H7xx_HAL_Driver/Src/stm32h7xx_ll_tim.o
 .text.LL_TIM_Init
                0x0000000008007304      0x128 ./Drivers/STM32H7xx_HAL_Driver/Src/stm32h7xx_ll_tim.o
                0x0000000008007304                LL_TIM_Init
 .text.LL_TIM_OC_Init
                0x000000000800742c       0xbe ./Drivers/STM32H7xx_HAL_Driver/Src/stm32h7xx_ll_tim.o
                0x000000000800742c                LL_TIM_OC_Init
 *fill*         0x00000000080074ea        0x2 
 .text.OC1Config
                0x00000000080074ec      0x100 ./Drivers/STM32H7xx_HAL_Driver/Src/stm32h7xx_ll_tim.o
 .text.OC2Config
                0x00000000080075ec      0x108 ./Drivers/STM32H7xx_HAL_Driver/Src/stm32h7xx_ll_tim.o
 .text.OC3Config
                0x00000000080076f4      0x108 ./Drivers/STM32H7xx_HAL_Driver/Src/stm32h7xx_ll_tim.o
 .text.OC4Config
                0x00000000080077fc       0xd8 ./Drivers/STM32H7xx_HAL_Driver/Src/stm32h7xx_ll_tim.o
 .text.OC5Config
                0x00000000080078d4       0xc8 ./Drivers/STM32H7xx_HAL_Driver/Src/stm32h7xx_ll_tim.o
 .text.OC6Config
                0x000000000800799c       0xc8 ./Drivers/STM32H7xx_HAL_Driver/Src/stm32h7xx_ll_tim.o
 .text.LL_SetSystemCoreClock
                0x0000000008007a64       0x20 ./Drivers/STM32H7xx_HAL_Driver/Src/stm32h7xx_ll_utils.o
                0x0000000008007a64                LL_SetSystemCoreClock
 .text.__libc_init_array
                0x0000000008007a84       0x48 c:/st/stm32cubeide_1.10.1/stm32cubeide/plugins/com.st.stm32cube.ide.mcu.externaltools.gnu-tools-for-stm32.10.3-2021.10.win32_1.0.0.202111181127/tools/bin/../lib/gcc/arm-none-eabi/10.3.1/../../../../arm-none-eabi/lib/thumb/v7e-m+dp/hard\libc_nano.a(lib_a-init.o)
                0x0000000008007a84                __libc_init_array
 .text.memset   0x0000000008007acc       0x10 c:/st/stm32cubeide_1.10.1/stm32cubeide/plugins/com.st.stm32cube.ide.mcu.externaltools.gnu-tools-for-stm32.10.3-2021.10.win32_1.0.0.202111181127/tools/bin/../lib/gcc/arm-none-eabi/10.3.1/../../../../arm-none-eabi/lib/thumb/v7e-m+dp/hard\libc_nano.a(lib_a-memset.o)
                0x0000000008007acc                memset
 *(.glue_7)
 .glue_7        0x0000000008007adc        0x0 linker stubs
 *(.glue_7t)
 .glue_7t       0x0000000008007adc        0x0 linker stubs
 *(.eh_frame)
 .eh_frame      0x0000000008007adc        0x0 c:/st/stm32cubeide_1.10.1/stm32cubeide/plugins/com.st.stm32cube.ide.mcu.externaltools.gnu-tools-for-stm32.10.3-2021.10.win32_1.0.0.202111181127/tools/bin/../lib/gcc/arm-none-eabi/10.3.1/thumb/v7e-m+dp/hard/crtbegin.o
 *(.init)
 .init          0x0000000008007adc        0x4 c:/st/stm32cubeide_1.10.1/stm32cubeide/plugins/com.st.stm32cube.ide.mcu.externaltools.gnu-tools-for-stm32.10.3-2021.10.win32_1.0.0.202111181127/tools/bin/../lib/gcc/arm-none-eabi/10.3.1/thumb/v7e-m+dp/hard/crti.o
                0x0000000008007adc                _init
 .init          0x0000000008007ae0        0x8 c:/st/stm32cubeide_1.10.1/stm32cubeide/plugins/com.st.stm32cube.ide.mcu.externaltools.gnu-tools-for-stm32.10.3-2021.10.win32_1.0.0.202111181127/tools/bin/../lib/gcc/arm-none-eabi/10.3.1/thumb/v7e-m+dp/hard/crtn.o
 *(.fini)
 .fini          0x0000000008007ae8        0x4 c:/st/stm32cubeide_1.10.1/stm32cubeide/plugins/com.st.stm32cube.ide.mcu.externaltools.gnu-tools-for-stm32.10.3-2021.10.win32_1.0.0.202111181127/tools/bin/../lib/gcc/arm-none-eabi/10.3.1/thumb/v7e-m+dp/hard/crti.o
                0x0000000008007ae8                _fini
 .fini          0x0000000008007aec        0x8 c:/st/stm32cubeide_1.10.1/stm32cubeide/plugins/com.st.stm32cube.ide.mcu.externaltools.gnu-tools-for-stm32.10.3-2021.10.win32_1.0.0.202111181127/tools/bin/../lib/gcc/arm-none-eabi/10.3.1/thumb/v7e-m+dp/hard/crtn.o
                0x0000000008007af4                . = ALIGN (0x4)
                0x0000000008007af4                _etext = .

.vfp11_veneer   0x0000000008007af4        0x0
 .vfp11_veneer  0x0000000008007af4        0x0 linker stubs

.v4_bx          0x0000000008007af4        0x0
 .v4_bx         0x0000000008007af4        0x0 linker stubs

.iplt           0x0000000008007af4        0x0
 .iplt          0x0000000008007af4        0x0 c:/st/stm32cubeide_1.10.1/stm32cubeide/plugins/com.st.stm32cube.ide.mcu.externaltools.gnu-tools-for-stm32.10.3-2021.10.win32_1.0.0.202111181127/tools/bin/../lib/gcc/arm-none-eabi/10.3.1/thumb/v7e-m+dp/hard/crtbegin.o

.rodata         0x0000000008007af4     0x2f00
                0x0000000008007af4                . = ALIGN (0x4)
 *(.rodata)
 .rodata        0x0000000008007af4        0x6 ./Core/Src/TFT_Buttons.o
 *fill*         0x0000000008007afa        0x2 
 .rodata        0x0000000008007afc       0xc1 ./Core/Src/main.o
 *(.rodata*)
 *fill*         0x0000000008007bbd        0x3 
 .rodata.Tahoma11x13
                0x0000000008007bc0      0x6c3 ./Core/Src/TFT_SSD1963.o
                0x0000000008007bc0                Tahoma11x13
 *fill*         0x0000000008008283        0x1 
 .rodata.Tahoma15x16
                0x0000000008008284      0x948 ./Core/Src/TFT_SSD1963.o
                0x0000000008008284                Tahoma15x16
 .rodata.Tahoma30x32
                0x0000000008008bcc     0x1de8 ./Core/Src/TFT_SSD1963.o
                0x0000000008008bcc                Tahoma30x32
 .rodata.OFFSET_TAB_CCMRx
                0x000000000800a9b4        0x9 ./Core/Src/main.o
 *fill*         0x000000000800a9bd        0x3 
 .rodata.SHIFT_TAB_OCxx
                0x000000000800a9c0        0x9 ./Core/Src/main.o
 *fill*         0x000000000800a9c9        0x3 
 .rodata.D1CorePrescTable
                0x000000000800a9cc       0x10 ./Core/Src/system_stm32h7xx.o
                0x000000000800a9cc                D1CorePrescTable
 .rodata.OFFSET_TAB_CCMRx
                0x000000000800a9dc        0x9 ./Core/Src/tim.o
 *fill*         0x000000000800a9e5        0x3 
 .rodata.SHIFT_TAB_OCxx
                0x000000000800a9e8        0x9 ./Core/Src/tim.o
                0x000000000800a9f4                . = ALIGN (0x4)
 *fill*         0x000000000800a9f1        0x3 

.rel.dyn        0x000000000800a9f4        0x0
 .rel.iplt      0x000000000800a9f4        0x0 c:/st/stm32cubeide_1.10.1/stm32cubeide/plugins/com.st.stm32cube.ide.mcu.externaltools.gnu-tools-for-stm32.10.3-2021.10.win32_1.0.0.202111181127/tools/bin/../lib/gcc/arm-none-eabi/10.3.1/thumb/v7e-m+dp/hard/crtbegin.o

.ARM.extab
 *(.ARM.extab* .gnu.linkonce.armextab.*)

.ARM            0x000000000800a9f4        0x0
                0x000000000800a9f4                __exidx_start = .
 *(.ARM.exidx*)
                0x000000000800a9f4                __exidx_end = .

.preinit_array  0x000000000800a9f4        0x0
                0x000000000800a9f4                PROVIDE (__preinit_array_start = .)
 *(.preinit_array*)
                0x000000000800a9f4                PROVIDE (__preinit_array_end = .)

.init_array     0x000000000800a9f4        0x4
                0x000000000800a9f4                PROVIDE (__init_array_start = .)
 *(SORT_BY_NAME(.init_array.*))
 *(.init_array*)
 .init_array    0x000000000800a9f4        0x4 c:/st/stm32cubeide_1.10.1/stm32cubeide/plugins/com.st.stm32cube.ide.mcu.externaltools.gnu-tools-for-stm32.10.3-2021.10.win32_1.0.0.202111181127/tools/bin/../lib/gcc/arm-none-eabi/10.3.1/thumb/v7e-m+dp/hard/crtbegin.o
                0x000000000800a9f8                PROVIDE (__init_array_end = .)

.fini_array     0x000000000800a9f8        0x4
                [!provide]                        PROVIDE (__fini_array_start = .)
 *(SORT_BY_NAME(.fini_array.*))
 *(.fini_array*)
 .fini_array    0x000000000800a9f8        0x4 c:/st/stm32cubeide_1.10.1/stm32cubeide/plugins/com.st.stm32cube.ide.mcu.externaltools.gnu-tools-for-stm32.10.3-2021.10.win32_1.0.0.202111181127/tools/bin/../lib/gcc/arm-none-eabi/10.3.1/thumb/v7e-m+dp/hard/crtbegin.o
                [!provide]                        PROVIDE (__fini_array_end = .)
                0x000000000800a9fc                _sidata = LOADADDR (.data)

.data           0x0000000024000000       0x10 load address 0x000000000800a9fc
                0x0000000024000000                . = ALIGN (0x4)
                0x0000000024000000                _sdata = .
 *(.data)
 *(.data*)
 .data.SystemCoreClock
                0x0000000024000000        0x4 ./Core/Src/system_stm32h7xx.o
                0x0000000024000000                SystemCoreClock
 .data.SystemD2Clock
                0x0000000024000004        0x4 ./Core/Src/system_stm32h7xx.o
                0x0000000024000004                SystemD2Clock
 .data.uwTickPrio
                0x0000000024000008        0x4 ./Drivers/STM32H7xx_HAL_Driver/Src/stm32h7xx_hal.o
                0x0000000024000008                uwTickPrio
 .data.uwTickFreq
                0x000000002400000c        0x1 ./Drivers/STM32H7xx_HAL_Driver/Src/stm32h7xx_hal.o
                0x000000002400000c                uwTickFreq
 *(.RamFunc)
 *(.RamFunc*)
                0x0000000024000010                . = ALIGN (0x4)
 *fill*         0x000000002400000d        0x3 
                0x0000000024000010                _edata = .

.igot.plt       0x0000000024000010        0x0 load address 0x000000000800aa0c
 .igot.plt      0x0000000024000010        0x0 c:/st/stm32cubeide_1.10.1/stm32cubeide/plugins/com.st.stm32cube.ide.mcu.externaltools.gnu-tools-for-stm32.10.3-2021.10.win32_1.0.0.202111181127/tools/bin/../lib/gcc/arm-none-eabi/10.3.1/thumb/v7e-m+dp/hard/crtbegin.o
                0x0000000024000010                . = ALIGN (0x4)

.bss            0x0000000024000010      0x210 load address 0x000000000800aa0c
                0x0000000024000010                _sbss = .
                0x0000000024000010                __bss_start__ = _sbss
 *(.bss)
 .bss           0x0000000024000010       0x1c c:/st/stm32cubeide_1.10.1/stm32cubeide/plugins/com.st.stm32cube.ide.mcu.externaltools.gnu-tools-for-stm32.10.3-2021.10.win32_1.0.0.202111181127/tools/bin/../lib/gcc/arm-none-eabi/10.3.1/thumb/v7e-m+dp/hard/crtbegin.o
 *(.bss*)
 .bss.FMC_Initialized
                0x000000002400002c        0x4 ./Core/Src/fmc.o
 .bss.BeepTimer
                0x0000000024000030        0x2 ./Core/Src/main.o
                0x0000000024000030                BeepTimer
 .bss.TouchCounter
                0x0000000024000032        0x1 ./Core/Src/main.o
                0x0000000024000032                TouchCounter
 *fill*         0x0000000024000033        0x1 
 .bss.TouchX    0x0000000024000034        0x2 ./Core/Src/main.o
                0x0000000024000034                TouchX
 .bss.TouchY    0x0000000024000036        0x2 ./Core/Src/main.o
                0x0000000024000036                TouchY
 .bss.TouchXadd
                0x0000000024000038        0x4 ./Core/Src/main.o
                0x0000000024000038                TouchXadd
 .bss.TouchYadd
                0x000000002400003c        0x4 ./Core/Src/main.o
                0x000000002400003c                TouchYadd
 .bss.TouchXresult
                0x0000000024000040        0x2 ./Core/Src/main.o
                0x0000000024000040                TouchXresult
 .bss.TouchYresult
                0x0000000024000042        0x2 ./Core/Src/main.o
                0x0000000024000042                TouchYresult
 .bss.TouchPointer
                0x0000000024000044        0x1 ./Core/Src/main.o
                0x0000000024000044                TouchPointer
 *fill*         0x0000000024000045        0x1 
 .bss.TouchTimer
                0x0000000024000046        0x2 ./Core/Src/main.o
                0x0000000024000046                TouchTimer
 .bss.ThermoIn  0x0000000024000048        0x4 ./Core/Src/main.o
                0x0000000024000048                ThermoIn
 .bss.ThermoOut
                0x000000002400004c        0x4 ./Core/Src/main.o
                0x000000002400004c                ThermoOut
 .bss.Pokus     0x0000000024000050        0x2 ./Core/Src/main.o
                0x0000000024000050                Pokus
 *(COMMON)
 *fill*         0x0000000024000052        0x2 
 COMMON         0x0000000024000054        0x5 ./Core/Src/Eeprom.o
                0x0000000024000054                EEPROM_SPI
                0x0000000024000058                EEPROM_StatusByte
 *fill*         0x0000000024000059        0x3 
 COMMON         0x000000002400005c       0x4c ./Core/Src/fmc.o
                0x000000002400005c                hsram1
 COMMON         0x00000000240000a8       0x4c ./Core/Src/i2c.o
                0x00000000240000a8                hi2c1
 COMMON         0x00000000240000f4       0xa0 ./Core/Src/main.o
                0x00000000240000f4                hspi3
                0x000000002400017c                Thermo
                0x0000000024000180                KeyNumber
                0x0000000024000188                BufClock
 COMMON         0x0000000024000194       0x88 ./Core/Src/spi.o
                0x0000000024000194                hspi2
 COMMON         0x000000002400021c        0x4 ./Drivers/STM32H7xx_HAL_Driver/Src/stm32h7xx_hal.o
                0x000000002400021c                uwTick
                0x0000000024000220                . = ALIGN (0x4)
                0x0000000024000220                _ebss = .
                0x0000000024000220                __bss_end__ = _ebss

._user_heap_stack
                0x0000000024000220      0x600 load address 0x000000000800aa0c
                0x0000000024000220                . = ALIGN (0x8)
                [!provide]                        PROVIDE (end = .)
                0x0000000024000220                PROVIDE (_end = .)
                0x0000000024000420                . = (. + _Min_Heap_Size)
 *fill*         0x0000000024000220      0x200 
                0x0000000024000820                . = (. + _Min_Stack_Size)
 *fill*         0x0000000024000420      0x400 
                0x0000000024000820                . = ALIGN (0x8)

/DISCARD/
 libc.a(*)
 libm.a(*)
 libgcc.a(*)

.ARM.attributes
                0x0000000000000000       0x2e
 *(.ARM.attributes)
 .ARM.attributes
                0x0000000000000000       0x1e c:/st/stm32cubeide_1.10.1/stm32cubeide/plugins/com.st.stm32cube.ide.mcu.externaltools.gnu-tools-for-stm32.10.3-2021.10.win32_1.0.0.202111181127/tools/bin/../lib/gcc/arm-none-eabi/10.3.1/thumb/v7e-m+dp/hard/crti.o
 .ARM.attributes
                0x000000000000001e       0x32 c:/st/stm32cubeide_1.10.1/stm32cubeide/plugins/com.st.stm32cube.ide.mcu.externaltools.gnu-tools-for-stm32.10.3-2021.10.win32_1.0.0.202111181127/tools/bin/../lib/gcc/arm-none-eabi/10.3.1/thumb/v7e-m+dp/hard/crtbegin.o
 .ARM.attributes
                0x0000000000000050       0x32 ./Core/Src/Eeprom.o
 .ARM.attributes
                0x0000000000000082       0x32 ./Core/Src/TFT_Buttons.o
 .ARM.attributes
                0x00000000000000b4       0x32 ./Core/Src/TFT_SSD1963.o
 .ARM.attributes
                0x00000000000000e6       0x32 ./Core/Src/fmc.o
 .ARM.attributes
                0x0000000000000118       0x32 ./Core/Src/gpio.o
 .ARM.attributes
                0x000000000000014a       0x32 ./Core/Src/i2c.o
 .ARM.attributes
                0x000000000000017c       0x32 ./Core/Src/main.o
 .ARM.attributes
                0x00000000000001ae       0x32 ./Core/Src/spi.o
 .ARM.attributes
                0x00000000000001e0       0x32 ./Core/Src/stm32h7xx_hal_msp.o
 .ARM.attributes
                0x0000000000000212       0x32 ./Core/Src/stm32h7xx_it.o
 .ARM.attributes
                0x0000000000000244       0x32 ./Core/Src/system_stm32h7xx.o
 .ARM.attributes
                0x0000000000000276       0x32 ./Core/Src/tim.o
 .ARM.attributes
                0x00000000000002a8       0x21 ./Core/Startup/startup_stm32h743vitx.o
 .ARM.attributes
                0x00000000000002c9       0x32 ./Drivers/STM32H7xx_HAL_Driver/Src/stm32h7xx_hal.o
 .ARM.attributes
                0x00000000000002fb       0x32 ./Drivers/STM32H7xx_HAL_Driver/Src/stm32h7xx_hal_cortex.o
 .ARM.attributes
                0x000000000000032d       0x32 ./Drivers/STM32H7xx_HAL_Driver/Src/stm32h7xx_hal_gpio.o
 .ARM.attributes
                0x000000000000035f       0x32 ./Drivers/STM32H7xx_HAL_Driver/Src/stm32h7xx_hal_i2c.o
 .ARM.attributes
                0x0000000000000391       0x32 ./Drivers/STM32H7xx_HAL_Driver/Src/stm32h7xx_hal_i2c_ex.o
 .ARM.attributes
                0x00000000000003c3       0x32 ./Drivers/STM32H7xx_HAL_Driver/Src/stm32h7xx_hal_rcc.o
 .ARM.attributes
                0x00000000000003f5       0x32 ./Drivers/STM32H7xx_HAL_Driver/Src/stm32h7xx_hal_spi.o
 .ARM.attributes
                0x0000000000000427       0x32 ./Drivers/STM32H7xx_HAL_Driver/Src/stm32h7xx_hal_sram.o
 .ARM.attributes
                0x0000000000000459       0x32 ./Drivers/STM32H7xx_HAL_Driver/Src/stm32h7xx_ll_fmc.o
 .ARM.attributes
                0x000000000000048b       0x32 ./Drivers/STM32H7xx_HAL_Driver/Src/stm32h7xx_ll_gpio.o
 .ARM.attributes
                0x00000000000004bd       0x32 ./Drivers/STM32H7xx_HAL_Driver/Src/stm32h7xx_ll_spi.o
 .ARM.attributes
                0x00000000000004ef       0x32 ./Drivers/STM32H7xx_HAL_Driver/Src/stm32h7xx_ll_tim.o
 .ARM.attributes
                0x0000000000000521       0x32 ./Drivers/STM32H7xx_HAL_Driver/Src/stm32h7xx_ll_utils.o
 .ARM.attributes
                0x0000000000000553       0x32 c:/st/stm32cubeide_1.10.1/stm32cubeide/plugins/com.st.stm32cube.ide.mcu.externaltools.gnu-tools-for-stm32.10.3-2021.10.win32_1.0.0.202111181127/tools/bin/../lib/gcc/arm-none-eabi/10.3.1/../../../../arm-none-eabi/lib/thumb/v7e-m+dp/hard\libc_nano.a(lib_a-init.o)
 .ARM.attributes
                0x0000000000000585       0x32 c:/st/stm32cubeide_1.10.1/stm32cubeide/plugins/com.st.stm32cube.ide.mcu.externaltools.gnu-tools-for-stm32.10.3-2021.10.win32_1.0.0.202111181127/tools/bin/../lib/gcc/arm-none-eabi/10.3.1/../../../../arm-none-eabi/lib/thumb/v7e-m+dp/hard\libc_nano.a(lib_a-memset.o)
 .ARM.attributes
                0x00000000000005b7       0x1e c:/st/stm32cubeide_1.10.1/stm32cubeide/plugins/com.st.stm32cube.ide.mcu.externaltools.gnu-tools-for-stm32.10.3-2021.10.win32_1.0.0.202111181127/tools/bin/../lib/gcc/arm-none-eabi/10.3.1/thumb/v7e-m+dp/hard/crtn.o
OUTPUT(H743_Display.elf elf32-littlearm)
LOAD linker stubs
LOAD c:/st/stm32cubeide_1.10.1/stm32cubeide/plugins/com.st.stm32cube.ide.mcu.externaltools.gnu-tools-for-stm32.10.3-2021.10.win32_1.0.0.202111181127/tools/bin/../lib/gcc/arm-none-eabi/10.3.1/../../../../arm-none-eabi/lib/thumb/v7e-m+dp/hard\libc.a
LOAD c:/st/stm32cubeide_1.10.1/stm32cubeide/plugins/com.st.stm32cube.ide.mcu.externaltools.gnu-tools-for-stm32.10.3-2021.10.win32_1.0.0.202111181127/tools/bin/../lib/gcc/arm-none-eabi/10.3.1/../../../../arm-none-eabi/lib/thumb/v7e-m+dp/hard\libm.a
LOAD c:/st/stm32cubeide_1.10.1/stm32cubeide/plugins/com.st.stm32cube.ide.mcu.externaltools.gnu-tools-for-stm32.10.3-2021.10.win32_1.0.0.202111181127/tools/bin/../lib/gcc/arm-none-eabi/10.3.1/thumb/v7e-m+dp/hard\libgcc.a

.debug_info     0x0000000000000000    0x18106
 .debug_info    0x0000000000000000      0xd61 ./Core/Src/Eeprom.o
 .debug_info    0x0000000000000d61      0xcdb ./Core/Src/TFT_Buttons.o
 .debug_info    0x0000000000001a3c      0xa6a ./Core/Src/TFT_SSD1963.o
 .debug_info    0x00000000000024a6      0xe59 ./Core/Src/fmc.o
 .debug_info    0x00000000000032ff      0x778 ./Core/Src/gpio.o
 .debug_info    0x0000000000003a77      0xe40 ./Core/Src/i2c.o
 .debug_info    0x00000000000048b7     0x2308 ./Core/Src/main.o
 .debug_info    0x0000000000006bbf     0x120e ./Core/Src/spi.o
 .debug_info    0x0000000000007dcd      0x557 ./Core/Src/stm32h7xx_hal_msp.o
 .debug_info    0x0000000000008324      0x6ee ./Core/Src/stm32h7xx_it.o
 .debug_info    0x0000000000008a12      0xd07 ./Core/Src/system_stm32h7xx.o
 .debug_info    0x0000000000009719      0xb84 ./Core/Src/tim.o
 .debug_info    0x000000000000a29d       0x22 ./Core/Startup/startup_stm32h743vitx.o
 .debug_info    0x000000000000a2bf     0x15d7 ./Drivers/STM32H7xx_HAL_Driver/Src/stm32h7xx_hal.o
 .debug_info    0x000000000000b896     0x116d ./Drivers/STM32H7xx_HAL_Driver/Src/stm32h7xx_hal_cortex.o
 .debug_info    0x000000000000ca03      0xd28 ./Drivers/STM32H7xx_HAL_Driver/Src/stm32h7xx_hal_gpio.o
 .debug_info    0x000000000000d72b     0x23b3 ./Drivers/STM32H7xx_HAL_Driver/Src/stm32h7xx_hal_i2c.o
 .debug_info    0x000000000000fade      0xe39 ./Drivers/STM32H7xx_HAL_Driver/Src/stm32h7xx_hal_i2c_ex.o
 .debug_info    0x0000000000010917      0xf4a ./Drivers/STM32H7xx_HAL_Driver/Src/stm32h7xx_hal_rcc.o
 .debug_info    0x0000000000011861     0x15ce ./Drivers/STM32H7xx_HAL_Driver/Src/stm32h7xx_hal_spi.o
 .debug_info    0x0000000000012e2f      0xf1c ./Drivers/STM32H7xx_HAL_Driver/Src/stm32h7xx_hal_sram.o
 .debug_info    0x0000000000013d4b      0xc4b ./Drivers/STM32H7xx_HAL_Driver/Src/stm32h7xx_ll_fmc.o
 .debug_info    0x0000000000014996      0x911 ./Drivers/STM32H7xx_HAL_Driver/Src/stm32h7xx_ll_gpio.o
 .debug_info    0x00000000000152a7      0xaba ./Drivers/STM32H7xx_HAL_Driver/Src/stm32h7xx_ll_spi.o
 .debug_info    0x0000000000015d61     0x135f ./Drivers/STM32H7xx_HAL_Driver/Src/stm32h7xx_ll_tim.o
 .debug_info    0x00000000000170c0     0x1046 ./Drivers/STM32H7xx_HAL_Driver/Src/stm32h7xx_ll_utils.o

.debug_abbrev   0x0000000000000000     0x3598
 .debug_abbrev  0x0000000000000000      0x205 ./Core/Src/Eeprom.o
 .debug_abbrev  0x0000000000000205      0x204 ./Core/Src/TFT_Buttons.o
 .debug_abbrev  0x0000000000000409      0x245 ./Core/Src/TFT_SSD1963.o
 .debug_abbrev  0x000000000000064e      0x252 ./Core/Src/fmc.o
 .debug_abbrev  0x00000000000008a0      0x182 ./Core/Src/gpio.o
 .debug_abbrev  0x0000000000000a22      0x294 ./Core/Src/i2c.o
 .debug_abbrev  0x0000000000000cb6      0x372 ./Core/Src/main.o
 .debug_abbrev  0x0000000000001028      0x28e ./Core/Src/spi.o
 .debug_abbrev  0x00000000000012b6       0xe1 ./Core/Src/stm32h7xx_hal_msp.o
 .debug_abbrev  0x0000000000001397      0x18d ./Core/Src/stm32h7xx_it.o
 .debug_abbrev  0x0000000000001524      0x147 ./Core/Src/system_stm32h7xx.o
 .debug_abbrev  0x000000000000166b      0x1b1 ./Core/Src/tim.o
 .debug_abbrev  0x000000000000181c       0x12 ./Core/Startup/startup_stm32h743vitx.o
 .debug_abbrev  0x000000000000182e      0x289 ./Drivers/STM32H7xx_HAL_Driver/Src/stm32h7xx_hal.o
 .debug_abbrev  0x0000000000001ab7      0x329 ./Drivers/STM32H7xx_HAL_Driver/Src/stm32h7xx_hal_cortex.o
 .debug_abbrev  0x0000000000001de0      0x1ec ./Drivers/STM32H7xx_HAL_Driver/Src/stm32h7xx_hal_gpio.o
 .debug_abbrev  0x0000000000001fcc      0x243 ./Drivers/STM32H7xx_HAL_Driver/Src/stm32h7xx_hal_i2c.o
 .debug_abbrev  0x000000000000220f      0x1e1 ./Drivers/STM32H7xx_HAL_Driver/Src/stm32h7xx_hal_i2c_ex.o
 .debug_abbrev  0x00000000000023f0      0x2b8 ./Drivers/STM32H7xx_HAL_Driver/Src/stm32h7xx_hal_rcc.o
 .debug_abbrev  0x00000000000026a8      0x29b ./Drivers/STM32H7xx_HAL_Driver/Src/stm32h7xx_hal_spi.o
 .debug_abbrev  0x0000000000002943      0x1f8 ./Drivers/STM32H7xx_HAL_Driver/Src/stm32h7xx_hal_sram.o
 .debug_abbrev  0x0000000000002b3b      0x196 ./Drivers/STM32H7xx_HAL_Driver/Src/stm32h7xx_ll_fmc.o
 .debug_abbrev  0x0000000000002cd1      0x21f ./Drivers/STM32H7xx_HAL_Driver/Src/stm32h7xx_ll_gpio.o
 .debug_abbrev  0x0000000000002ef0      0x226 ./Drivers/STM32H7xx_HAL_Driver/Src/stm32h7xx_ll_spi.o
 .debug_abbrev  0x0000000000003116      0x225 ./Drivers/STM32H7xx_HAL_Driver/Src/stm32h7xx_ll_tim.o
 .debug_abbrev  0x000000000000333b      0x25d ./Drivers/STM32H7xx_HAL_Driver/Src/stm32h7xx_ll_utils.o

.debug_aranges  0x0000000000000000     0x12c8
 .debug_aranges
                0x0000000000000000       0x68 ./Core/Src/Eeprom.o
 .debug_aranges
                0x0000000000000068       0x60 ./Core/Src/TFT_Buttons.o
 .debug_aranges
                0x00000000000000c8       0xa8 ./Core/Src/TFT_SSD1963.o
 .debug_aranges
                0x0000000000000170       0x48 ./Core/Src/fmc.o
 .debug_aranges
                0x00000000000001b8       0x20 ./Core/Src/gpio.o
 .debug_aranges
                0x00000000000001d8       0x40 ./Core/Src/i2c.o
 .debug_aranges
                0x0000000000000218      0x1a0 ./Core/Src/main.o
 .debug_aranges
                0x00000000000003b8       0x78 ./Core/Src/spi.o
 .debug_aranges
                0x0000000000000430       0x20 ./Core/Src/stm32h7xx_hal_msp.o
 .debug_aranges
                0x0000000000000450       0x80 ./Core/Src/stm32h7xx_it.o
 .debug_aranges
                0x00000000000004d0       0x28 ./Core/Src/system_stm32h7xx.o
 .debug_aranges
                0x00000000000004f8       0x60 ./Core/Src/tim.o
 .debug_aranges
                0x0000000000000558       0x28 ./Core/Startup/startup_stm32h743vitx.o
 .debug_aranges
                0x0000000000000580      0x198 ./Drivers/STM32H7xx_HAL_Driver/Src/stm32h7xx_hal.o
 .debug_aranges
                0x0000000000000718      0x120 ./Drivers/STM32H7xx_HAL_Driver/Src/stm32h7xx_hal_cortex.o
 .debug_aranges
                0x0000000000000838       0x58 ./Drivers/STM32H7xx_HAL_Driver/Src/stm32h7xx_hal_gpio.o
 .debug_aranges
                0x0000000000000890      0x290 ./Drivers/STM32H7xx_HAL_Driver/Src/stm32h7xx_hal_i2c.o
 .debug_aranges
                0x0000000000000b20       0x48 ./Drivers/STM32H7xx_HAL_Driver/Src/stm32h7xx_hal_i2c_ex.o
 .debug_aranges
                0x0000000000000b68       0x88 ./Drivers/STM32H7xx_HAL_Driver/Src/stm32h7xx_hal_rcc.o
 .debug_aranges
                0x0000000000000bf0      0x1a0 ./Drivers/STM32H7xx_HAL_Driver/Src/stm32h7xx_hal_spi.o
 .debug_aranges
                0x0000000000000d90       0xb8 ./Drivers/STM32H7xx_HAL_Driver/Src/stm32h7xx_hal_sram.o
 .debug_aranges
                0x0000000000000e48       0xc8 ./Drivers/STM32H7xx_HAL_Driver/Src/stm32h7xx_ll_fmc.o
 .debug_aranges
                0x0000000000000f10       0x70 ./Drivers/STM32H7xx_HAL_Driver/Src/stm32h7xx_ll_gpio.o
 .debug_aranges
                0x0000000000000f80       0xa0 ./Drivers/STM32H7xx_HAL_Driver/Src/stm32h7xx_ll_spi.o
 .debug_aranges
                0x0000000000001020      0x148 ./Drivers/STM32H7xx_HAL_Driver/Src/stm32h7xx_ll_tim.o
 .debug_aranges
                0x0000000000001168      0x160 ./Drivers/STM32H7xx_HAL_Driver/Src/stm32h7xx_ll_utils.o

.debug_ranges   0x0000000000000000     0x1130
 .debug_ranges  0x0000000000000000       0x58 ./Core/Src/Eeprom.o
 .debug_ranges  0x0000000000000058       0x50 ./Core/Src/TFT_Buttons.o
 .debug_ranges  0x00000000000000a8       0x98 ./Core/Src/TFT_SSD1963.o
 .debug_ranges  0x0000000000000140       0x38 ./Core/Src/fmc.o
 .debug_ranges  0x0000000000000178       0x10 ./Core/Src/gpio.o
 .debug_ranges  0x0000000000000188       0x30 ./Core/Src/i2c.o
 .debug_ranges  0x00000000000001b8      0x190 ./Core/Src/main.o
 .debug_ranges  0x0000000000000348       0x68 ./Core/Src/spi.o
 .debug_ranges  0x00000000000003b0       0x10 ./Core/Src/stm32h7xx_hal_msp.o
 .debug_ranges  0x00000000000003c0       0x70 ./Core/Src/stm32h7xx_it.o
 .debug_ranges  0x0000000000000430       0x18 ./Core/Src/system_stm32h7xx.o
 .debug_ranges  0x0000000000000448       0x50 ./Core/Src/tim.o
 .debug_ranges  0x0000000000000498       0x20 ./Core/Startup/startup_stm32h743vitx.o
 .debug_ranges  0x00000000000004b8      0x188 ./Drivers/STM32H7xx_HAL_Driver/Src/stm32h7xx_hal.o
 .debug_ranges  0x0000000000000640      0x110 ./Drivers/STM32H7xx_HAL_Driver/Src/stm32h7xx_hal_cortex.o
 .debug_ranges  0x0000000000000750       0x48 ./Drivers/STM32H7xx_HAL_Driver/Src/stm32h7xx_hal_gpio.o
 .debug_ranges  0x0000000000000798      0x280 ./Drivers/STM32H7xx_HAL_Driver/Src/stm32h7xx_hal_i2c.o
 .debug_ranges  0x0000000000000a18       0x38 ./Drivers/STM32H7xx_HAL_Driver/Src/stm32h7xx_hal_i2c_ex.o
 .debug_ranges  0x0000000000000a50       0x78 ./Drivers/STM32H7xx_HAL_Driver/Src/stm32h7xx_hal_rcc.o
 .debug_ranges  0x0000000000000ac8      0x190 ./Drivers/STM32H7xx_HAL_Driver/Src/stm32h7xx_hal_spi.o
 .debug_ranges  0x0000000000000c58       0xa8 ./Drivers/STM32H7xx_HAL_Driver/Src/stm32h7xx_hal_sram.o
 .debug_ranges  0x0000000000000d00       0xb8 ./Drivers/STM32H7xx_HAL_Driver/Src/stm32h7xx_ll_fmc.o
 .debug_ranges  0x0000000000000db8       0x60 ./Drivers/STM32H7xx_HAL_Driver/Src/stm32h7xx_ll_gpio.o
 .debug_ranges  0x0000000000000e18       0x90 ./Drivers/STM32H7xx_HAL_Driver/Src/stm32h7xx_ll_spi.o
 .debug_ranges  0x0000000000000ea8      0x138 ./Drivers/STM32H7xx_HAL_Driver/Src/stm32h7xx_ll_tim.o
 .debug_ranges  0x0000000000000fe0      0x150 ./Drivers/STM32H7xx_HAL_Driver/Src/stm32h7xx_ll_utils.o

.debug_macro    0x0000000000000000    0x3cdb1
 .debug_macro   0x0000000000000000      0x35a ./Core/Src/Eeprom.o
 .debug_macro   0x000000000000035a      0xa96 ./Core/Src/Eeprom.o
 .debug_macro   0x0000000000000df0      0x238 ./Core/Src/Eeprom.o
 .debug_macro   0x0000000000001028       0x2e ./Core/Src/Eeprom.o
 .debug_macro   0x0000000000001056       0x3b ./Core/Src/Eeprom.o
 .debug_macro   0x0000000000001091       0x22 ./Core/Src/Eeprom.o
 .debug_macro   0x00000000000010b3       0x8e ./Core/Src/Eeprom.o
 .debug_macro   0x0000000000001141       0x51 ./Core/Src/Eeprom.o
 .debug_macro   0x0000000000001192      0x103 ./Core/Src/Eeprom.o
 .debug_macro   0x0000000000001295       0x6a ./Core/Src/Eeprom.o
 .debug_macro   0x00000000000012ff      0x1df ./Core/Src/Eeprom.o
 .debug_macro   0x00000000000014de       0x1c ./Core/Src/Eeprom.o
 .debug_macro   0x00000000000014fa       0x22 ./Core/Src/Eeprom.o
 .debug_macro   0x000000000000151c       0xfb ./Core/Src/Eeprom.o
 .debug_macro   0x0000000000001617     0x1305 ./Core/Src/Eeprom.o
 .debug_macro   0x000000000000291c      0x11f ./Core/Src/Eeprom.o
 .debug_macro   0x0000000000002a3b       0x27 ./Core/Src/Eeprom.o
 .debug_macro   0x0000000000002a62    0x2587a ./Core/Src/Eeprom.o
 .debug_macro   0x00000000000282dc       0x6d ./Core/Src/Eeprom.o
 .debug_macro   0x0000000000028349     0x3d22 ./Core/Src/Eeprom.o
 .debug_macro   0x000000000002c06b      0x174 ./Core/Src/Eeprom.o
 .debug_macro   0x000000000002c1df       0x52 ./Core/Src/Eeprom.o
 .debug_macro   0x000000000002c231       0x1d ./Core/Src/Eeprom.o
 .debug_macro   0x000000000002c24e       0x3c ./Core/Src/Eeprom.o
 .debug_macro   0x000000000002c28a       0x34 ./Core/Src/Eeprom.o
 .debug_macro   0x000000000002c2be       0x16 ./Core/Src/Eeprom.o
 .debug_macro   0x000000000002c2d4       0x43 ./Core/Src/Eeprom.o
 .debug_macro   0x000000000002c317       0x34 ./Core/Src/Eeprom.o
 .debug_macro   0x000000000002c34b       0x10 ./Core/Src/Eeprom.o
 .debug_macro   0x000000000002c35b       0x58 ./Core/Src/Eeprom.o
 .debug_macro   0x000000000002c3b3       0x71 ./Core/Src/Eeprom.o
 .debug_macro   0x000000000002c424       0x1c ./Core/Src/Eeprom.o
 .debug_macro   0x000000000002c440      0x12a ./Core/Src/Eeprom.o
 .debug_macro   0x000000000002c56a      0x341 ./Core/Src/Eeprom.o
 .debug_macro   0x000000000002c8ab      0x19b ./Core/Src/Eeprom.o
 .debug_macro   0x000000000002ca46       0x5d ./Core/Src/Eeprom.o
 .debug_macro   0x000000000002caa3     0x2382 ./Core/Src/Eeprom.o
 .debug_macro   0x000000000002ee25     0x1002 ./Core/Src/Eeprom.o
 .debug_macro   0x000000000002fe27      0x14d ./Core/Src/Eeprom.o
 .debug_macro   0x000000000002ff74      0x114 ./Core/Src/Eeprom.o
 .debug_macro   0x0000000000030088      0x3b2 ./Core/Src/Eeprom.o
 .debug_macro   0x000000000003043a       0xac ./Core/Src/Eeprom.o
 .debug_macro   0x00000000000304e6      0x72d ./Core/Src/Eeprom.o
 .debug_macro   0x0000000000030c13      0x228 ./Core/Src/Eeprom.o
 .debug_macro   0x0000000000030e3b       0x66 ./Core/Src/Eeprom.o
 .debug_macro   0x0000000000030ea1      0x3bb ./Core/Src/Eeprom.o
 .debug_macro   0x000000000003125c      0x3e4 ./Core/Src/Eeprom.o
 .debug_macro   0x0000000000031640      0x275 ./Core/Src/Eeprom.o
 .debug_macro   0x00000000000318b5      0x3ca ./Core/Src/Eeprom.o
 .debug_macro   0x0000000000031c7f      0x408 ./Core/Src/Eeprom.o
 .debug_macro   0x0000000000032087       0x51 ./Core/Src/Eeprom.o
 .debug_macro   0x00000000000320d8       0x4a ./Core/Src/Eeprom.o
 .debug_macro   0x0000000000032122      0x512 ./Core/Src/Eeprom.o
 .debug_macro   0x0000000000032634      0x22c ./Core/Src/Eeprom.o
 .debug_macro   0x0000000000032860       0x67 ./Core/Src/Eeprom.o
 .debug_macro   0x00000000000328c7       0xa5 ./Core/Src/Eeprom.o
 .debug_macro   0x000000000003296c      0x1c4 ./Core/Src/Eeprom.o
 .debug_macro   0x0000000000032b30      0x25e ./Core/Src/Eeprom.o
 .debug_macro   0x0000000000032d8e       0x35 ./Core/Src/Eeprom.o
 .debug_macro   0x0000000000032dc3      0x5e4 ./Core/Src/Eeprom.o
 .debug_macro   0x00000000000333a7       0x9e ./Core/Src/Eeprom.o
 .debug_macro   0x0000000000033445      0x5a0 ./Core/Src/Eeprom.o
 .debug_macro   0x00000000000339e5      0x9dc ./Core/Src/Eeprom.o
 .debug_macro   0x00000000000343c1       0xd0 ./Core/Src/Eeprom.o
 .debug_macro   0x0000000000034491      0x33d ./Core/Src/Eeprom.o
 .debug_macro   0x00000000000347ce      0x36f ./Core/Src/Eeprom.o
 .debug_macro   0x0000000000034b3d      0x287 ./Core/Src/Eeprom.o
 .debug_macro   0x0000000000034dc4      0x1e0 ./Core/Src/Eeprom.o
 .debug_macro   0x0000000000034fa4       0x46 ./Core/Src/Eeprom.o
 .debug_macro   0x0000000000034fea      0x1f8 ./Core/Src/Eeprom.o
 .debug_macro   0x00000000000351e2      0x79a ./Core/Src/Eeprom.o
 .debug_macro   0x000000000003597c      0x1ae ./Core/Src/Eeprom.o
 .debug_macro   0x0000000000035b2a      0x631 ./Core/Src/Eeprom.o
 .debug_macro   0x000000000003615b      0xa6b ./Core/Src/Eeprom.o
 .debug_macro   0x0000000000036bc6      0x165 ./Core/Src/Eeprom.o
 .debug_macro   0x0000000000036d2b       0x76 ./Core/Src/Eeprom.o
 .debug_macro   0x0000000000036da1       0x5e ./Core/Src/Eeprom.o
 .debug_macro   0x0000000000036dff      0x36c ./Core/Src/TFT_Buttons.o
 .debug_macro   0x000000000003716b       0xa6 ./Core/Src/TFT_Buttons.o
 .debug_macro   0x0000000000037211      0x366 ./Core/Src/TFT_SSD1963.o
 .debug_macro   0x0000000000037577       0xa0 ./Core/Src/TFT_SSD1963.o
 .debug_macro   0x0000000000037617      0x355 ./Core/Src/fmc.o
 .debug_macro   0x000000000003796c      0x355 ./Core/Src/gpio.o
 .debug_macro   0x0000000000037cc1      0x355 ./Core/Src/i2c.o
 .debug_macro   0x0000000000038016      0x39d ./Core/Src/main.o
 .debug_macro   0x00000000000383b3       0x64 ./Core/Src/main.o
 .debug_macro   0x0000000000038417      0x355 ./Core/Src/spi.o
 .debug_macro   0x000000000003876c      0x34b ./Core/Src/stm32h7xx_hal_msp.o
 .debug_macro   0x0000000000038ab7      0x355 ./Core/Src/stm32h7xx_it.o
 .debug_macro   0x0000000000038e0c      0x2b3 ./Core/Src/system_stm32h7xx.o
 .debug_macro   0x00000000000390bf      0x355 ./Core/Src/tim.o
 .debug_macro   0x0000000000039414      0x2dd ./Drivers/STM32H7xx_HAL_Driver/Src/stm32h7xx_hal.o
 .debug_macro   0x00000000000396f1      0x2b3 ./Drivers/STM32H7xx_HAL_Driver/Src/stm32h7xx_hal_cortex.o
 .debug_macro   0x00000000000399a4      0x2ba ./Drivers/STM32H7xx_HAL_Driver/Src/stm32h7xx_hal_gpio.o
 .debug_macro   0x0000000000039c5e      0x37f ./Drivers/STM32H7xx_HAL_Driver/Src/stm32h7xx_hal_i2c.o
 .debug_macro   0x0000000000039fdd      0x2b3 ./Drivers/STM32H7xx_HAL_Driver/Src/stm32h7xx_hal_i2c_ex.o
 .debug_macro   0x000000000003a290      0x2d7 ./Drivers/STM32H7xx_HAL_Driver/Src/stm32h7xx_hal_rcc.o
 .debug_macro   0x000000000003a567      0x2c2 ./Drivers/STM32H7xx_HAL_Driver/Src/stm32h7xx_hal_spi.o
 .debug_macro   0x000000000003a829      0x2b3 ./Drivers/STM32H7xx_HAL_Driver/Src/stm32h7xx_hal_sram.o
 .debug_macro   0x000000000003aadc      0x2dd ./Drivers/STM32H7xx_HAL_Driver/Src/stm32h7xx_ll_fmc.o
 .debug_macro   0x000000000003adb9      0x2f5 ./Drivers/STM32H7xx_HAL_Driver/Src/stm32h7xx_ll_gpio.o
 .debug_macro   0x000000000003b0ae      0x15f ./Drivers/STM32H7xx_HAL_Driver/Src/stm32h7xx_ll_gpio.o
 .debug_macro   0x000000000003b20d      0x3ad ./Drivers/STM32H7xx_HAL_Driver/Src/stm32h7xx_ll_spi.o
 .debug_macro   0x000000000003b5ba      0x62b ./Drivers/STM32H7xx_HAL_Driver/Src/stm32h7xx_ll_spi.o
 .debug_macro   0x000000000003bbe5      0x35c ./Drivers/STM32H7xx_HAL_Driver/Src/stm32h7xx_ll_tim.o
 .debug_macro   0x000000000003bf41      0xa65 ./Drivers/STM32H7xx_HAL_Driver/Src/stm32h7xx_ll_tim.o
 .debug_macro   0x000000000003c9a6      0x40b ./Drivers/STM32H7xx_HAL_Driver/Src/stm32h7xx_ll_utils.o

.debug_line     0x0000000000000000    0x17f92
 .debug_line    0x0000000000000000      0xbfa ./Core/Src/Eeprom.o
 .debug_line    0x0000000000000bfa      0xc2e ./Core/Src/TFT_Buttons.o
 .debug_line    0x0000000000001828     0x103e ./Core/Src/TFT_SSD1963.o
 .debug_line    0x0000000000002866      0xa9f ./Core/Src/fmc.o
 .debug_line    0x0000000000003305      0x9ad ./Core/Src/gpio.o
 .debug_line    0x0000000000003cb2      0xa32 ./Core/Src/i2c.o
 .debug_line    0x00000000000046e4     0x13e0 ./Core/Src/main.o
 .debug_line    0x0000000000005ac4      0xc39 ./Core/Src/spi.o
 .debug_line    0x00000000000066fd      0x970 ./Core/Src/stm32h7xx_hal_msp.o
 .debug_line    0x000000000000706d      0xbe8 ./Core/Src/stm32h7xx_it.o
 .debug_line    0x0000000000007c55      0x9f6 ./Core/Src/system_stm32h7xx.o
 .debug_line    0x000000000000864b      0xb9b ./Core/Src/tim.o
 .debug_line    0x00000000000091e6       0x88 ./Core/Startup/startup_stm32h743vitx.o
 .debug_line    0x000000000000926e      0xdf4 ./Drivers/STM32H7xx_HAL_Driver/Src/stm32h7xx_hal.o
 .debug_line    0x000000000000a062      0xdfa ./Drivers/STM32H7xx_HAL_Driver/Src/stm32h7xx_hal_cortex.o
 .debug_line    0x000000000000ae5c      0xcb7 ./Drivers/STM32H7xx_HAL_Driver/Src/stm32h7xx_hal_gpio.o
 .debug_line    0x000000000000bb13     0x380c ./Drivers/STM32H7xx_HAL_Driver/Src/stm32h7xx_hal_i2c.o
 .debug_line    0x000000000000f31f      0xa64 ./Drivers/STM32H7xx_HAL_Driver/Src/stm32h7xx_hal_i2c_ex.o
 .debug_line    0x000000000000fd83     0x1362 ./Drivers/STM32H7xx_HAL_Driver/Src/stm32h7xx_hal_rcc.o
 .debug_line    0x00000000000110e5     0x1fc4 ./Drivers/STM32H7xx_HAL_Driver/Src/stm32h7xx_hal_spi.o
 .debug_line    0x00000000000130a9      0xe58 ./Drivers/STM32H7xx_HAL_Driver/Src/stm32h7xx_hal_sram.o
 .debug_line    0x0000000000013f01      0xbc5 ./Drivers/STM32H7xx_HAL_Driver/Src/stm32h7xx_ll_fmc.o
 .debug_line    0x0000000000014ac6      0xa46 ./Drivers/STM32H7xx_HAL_Driver/Src/stm32h7xx_ll_gpio.o
 .debug_line    0x000000000001550c      0xb68 ./Drivers/STM32H7xx_HAL_Driver/Src/stm32h7xx_ll_spi.o
 .debug_line    0x0000000000016074      0xfd7 ./Drivers/STM32H7xx_HAL_Driver/Src/stm32h7xx_ll_tim.o
 .debug_line    0x000000000001704b      0xf47 ./Drivers/STM32H7xx_HAL_Driver/Src/stm32h7xx_ll_utils.o

.debug_str      0x0000000000000000   0x1764ee
 .debug_str     0x0000000000000000   0x16b47c ./Core/Src/Eeprom.o
                                     0x16c0b9 (size before relaxing)
 .debug_str     0x000000000016b47c      0x630 ./Core/Src/TFT_Buttons.o
                                     0x16befd (size before relaxing)
 .debug_str     0x000000000016baac      0x1a1 ./Core/Src/TFT_SSD1963.o
                                     0x16b9d1 (size before relaxing)
 .debug_str     0x000000000016bc4d      0x793 ./Core/Src/fmc.o
                                     0x16be82 (size before relaxing)
 .debug_str     0x000000000016c3e0       0x2c ./Core/Src/gpio.o
                                     0x16b835 (size before relaxing)
 .debug_str     0x000000000016c40c       0xa4 ./Core/Src/i2c.o
                                     0x16bec7 (size before relaxing)
 .debug_str     0x000000000016c4b0      0x795 ./Core/Src/main.o
                                     0x16cf40 (size before relaxing)
 .debug_str     0x000000000016cc45      0x15e ./Core/Src/spi.o
                                     0x16bffb (size before relaxing)
 .debug_str     0x000000000016cda3       0x2c ./Core/Src/stm32h7xx_hal_msp.o
                                     0x16b76a (size before relaxing)
 .debug_str     0x000000000016cdcf      0x121 ./Core/Src/stm32h7xx_it.o
                                     0x16b7f3 (size before relaxing)
 .debug_str     0x000000000016cef0      0x1fd ./Core/Src/system_stm32h7xx.o
                                     0x152563 (size before relaxing)
 .debug_str     0x000000000016d0ed       0x41 ./Core/Src/tim.o
                                     0x16ba7d (size before relaxing)
 .debug_str     0x000000000016d12e       0x36 ./Core/Startup/startup_stm32h743vitx.o
                                         0x64 (size before relaxing)
 .debug_str     0x000000000016d164      0xfda ./Drivers/STM32H7xx_HAL_Driver/Src/stm32h7xx_hal.o
                                     0x153479 (size before relaxing)
 .debug_str     0x000000000016e13e      0x349 ./Drivers/STM32H7xx_HAL_Driver/Src/stm32h7xx_hal_cortex.o
                                     0x152e7c (size before relaxing)
 .debug_str     0x000000000016e487       0xec ./Drivers/STM32H7xx_HAL_Driver/Src/stm32h7xx_hal_gpio.o
                                     0x15251a (size before relaxing)
 .debug_str     0x000000000016e573      0xde2 ./Drivers/STM32H7xx_HAL_Driver/Src/stm32h7xx_hal_i2c.o
                                     0x15357f (size before relaxing)
 .debug_str     0x000000000016f355       0x9b ./Drivers/STM32H7xx_HAL_Driver/Src/stm32h7xx_hal_i2c_ex.o
                                     0x152973 (size before relaxing)
 .debug_str     0x000000000016f3f0      0x3c6 ./Drivers/STM32H7xx_HAL_Driver/Src/stm32h7xx_hal_rcc.o
                                     0x1528fe (size before relaxing)
 .debug_str     0x000000000016f7b6      0x506 ./Drivers/STM32H7xx_HAL_Driver/Src/stm32h7xx_hal_spi.o
                                     0x152c14 (size before relaxing)
 .debug_str     0x000000000016fcbc      0x2a9 ./Drivers/STM32H7xx_HAL_Driver/Src/stm32h7xx_hal_sram.o
                                     0x152889 (size before relaxing)
 .debug_str     0x000000000016ff65      0x7b8 ./Drivers/STM32H7xx_HAL_Driver/Src/stm32h7xx_ll_fmc.o
                                     0x152a98 (size before relaxing)
 .debug_str     0x000000000017071d      0x665 ./Drivers/STM32H7xx_HAL_Driver/Src/stm32h7xx_ll_gpio.o
                                     0x1546b2 (size before relaxing)
 .debug_str     0x0000000000170d82     0x26b5 ./Drivers/STM32H7xx_HAL_Driver/Src/stm32h7xx_ll_spi.o
                                     0x1604a3 (size before relaxing)
 .debug_str     0x0000000000173437     0x1b0d ./Drivers/STM32H7xx_HAL_Driver/Src/stm32h7xx_ll_tim.o
                                     0x15a629 (size before relaxing)
 .debug_str     0x0000000000174f44     0x15aa ./Drivers/STM32H7xx_HAL_Driver/Src/stm32h7xx_ll_utils.o
                                     0x15eac5 (size before relaxing)

.comment        0x0000000000000000       0x50
 .comment       0x0000000000000000       0x50 ./Core/Src/Eeprom.o
                                         0x51 (size before relaxing)
 .comment       0x0000000000000050       0x51 ./Core/Src/TFT_Buttons.o
 .comment       0x0000000000000050       0x51 ./Core/Src/TFT_SSD1963.o
 .comment       0x0000000000000050       0x51 ./Core/Src/fmc.o
 .comment       0x0000000000000050       0x51 ./Core/Src/gpio.o
 .comment       0x0000000000000050       0x51 ./Core/Src/i2c.o
 .comment       0x0000000000000050       0x51 ./Core/Src/main.o
 .comment       0x0000000000000050       0x51 ./Core/Src/spi.o
 .comment       0x0000000000000050       0x51 ./Core/Src/stm32h7xx_hal_msp.o
 .comment       0x0000000000000050       0x51 ./Core/Src/stm32h7xx_it.o
 .comment       0x0000000000000050       0x51 ./Core/Src/system_stm32h7xx.o
 .comment       0x0000000000000050       0x51 ./Core/Src/tim.o
 .comment       0x0000000000000050       0x51 ./Drivers/STM32H7xx_HAL_Driver/Src/stm32h7xx_hal.o
 .comment       0x0000000000000050       0x51 ./Drivers/STM32H7xx_HAL_Driver/Src/stm32h7xx_hal_cortex.o
 .comment       0x0000000000000050       0x51 ./Drivers/STM32H7xx_HAL_Driver/Src/stm32h7xx_hal_gpio.o
 .comment       0x0000000000000050       0x51 ./Drivers/STM32H7xx_HAL_Driver/Src/stm32h7xx_hal_i2c.o
 .comment       0x0000000000000050       0x51 ./Drivers/STM32H7xx_HAL_Driver/Src/stm32h7xx_hal_i2c_ex.o
 .comment       0x0000000000000050       0x51 ./Drivers/STM32H7xx_HAL_Driver/Src/stm32h7xx_hal_rcc.o
 .comment       0x0000000000000050       0x51 ./Drivers/STM32H7xx_HAL_Driver/Src/stm32h7xx_hal_spi.o
 .comment       0x0000000000000050       0x51 ./Drivers/STM32H7xx_HAL_Driver/Src/stm32h7xx_hal_sram.o
 .comment       0x0000000000000050       0x51 ./Drivers/STM32H7xx_HAL_Driver/Src/stm32h7xx_ll_fmc.o
 .comment       0x0000000000000050       0x51 ./Drivers/STM32H7xx_HAL_Driver/Src/stm32h7xx_ll_gpio.o
 .comment       0x0000000000000050       0x51 ./Drivers/STM32H7xx_HAL_Driver/Src/stm32h7xx_ll_spi.o
 .comment       0x0000000000000050       0x51 ./Drivers/STM32H7xx_HAL_Driver/Src/stm32h7xx_ll_tim.o
 .comment       0x0000000000000050       0x51 ./Drivers/STM32H7xx_HAL_Driver/Src/stm32h7xx_ll_utils.o

.debug_frame    0x0000000000000000     0x4e08
 .debug_frame   0x0000000000000000      0x17c ./Core/Src/Eeprom.o
 .debug_frame   0x000000000000017c      0x16c ./Core/Src/TFT_Buttons.o
 .debug_frame   0x00000000000002e8      0x2c4 ./Core/Src/TFT_SSD1963.o
 .debug_frame   0x00000000000005ac       0xe4 ./Core/Src/fmc.o
 .debug_frame   0x0000000000000690       0x34 ./Core/Src/gpio.o
 .debug_frame   0x00000000000006c4       0xc0 ./Core/Src/i2c.o
 .debug_frame   0x0000000000000784      0x730 ./Core/Src/main.o
 .debug_frame   0x0000000000000eb4      0x1c4 ./Core/Src/spi.o
 .debug_frame   0x0000000000001078       0x38 ./Core/Src/stm32h7xx_hal_msp.o
 .debug_frame   0x00000000000010b0      0x1a8 ./Core/Src/stm32h7xx_it.o
 .debug_frame   0x0000000000001258       0x58 ./Core/Src/system_stm32h7xx.o
 .debug_frame   0x00000000000012b0      0x174 ./Core/Src/tim.o
 .debug_frame   0x0000000000001424      0x690 ./Drivers/STM32H7xx_HAL_Driver/Src/stm32h7xx_hal.o
 .debug_frame   0x0000000000001ab4      0x4b8 ./Drivers/STM32H7xx_HAL_Driver/Src/stm32h7xx_hal_cortex.o
 .debug_frame   0x0000000000001f6c      0x14c ./Drivers/STM32H7xx_HAL_Driver/Src/stm32h7xx_hal_gpio.o
 .debug_frame   0x00000000000020b8      0xbf0 ./Drivers/STM32H7xx_HAL_Driver/Src/stm32h7xx_hal_i2c.o
 .debug_frame   0x0000000000002ca8      0x100 ./Drivers/STM32H7xx_HAL_Driver/Src/stm32h7xx_hal_i2c_ex.o
 .debug_frame   0x0000000000002da8      0x1f8 ./Drivers/STM32H7xx_HAL_Driver/Src/stm32h7xx_hal_rcc.o
 .debug_frame   0x0000000000002fa0      0x778 ./Drivers/STM32H7xx_HAL_Driver/Src/stm32h7xx_hal_spi.o
 .debug_frame   0x0000000000003718      0x314 ./Drivers/STM32H7xx_HAL_Driver/Src/stm32h7xx_hal_sram.o
 .debug_frame   0x0000000000003a2c      0x37c ./Drivers/STM32H7xx_HAL_Driver/Src/stm32h7xx_ll_fmc.o
 .debug_frame   0x0000000000003da8      0x1c0 ./Drivers/STM32H7xx_HAL_Driver/Src/stm32h7xx_ll_gpio.o
 .debug_frame   0x0000000000003f68      0x2a8 ./Drivers/STM32H7xx_HAL_Driver/Src/stm32h7xx_ll_spi.o
 .debug_frame   0x0000000000004210      0x5d0 ./Drivers/STM32H7xx_HAL_Driver/Src/stm32h7xx_ll_tim.o
 .debug_frame   0x00000000000047e0      0x5dc ./Drivers/STM32H7xx_HAL_Driver/Src/stm32h7xx_ll_utils.o
 .debug_frame   0x0000000000004dbc       0x2c c:/st/stm32cubeide_1.10.1/stm32cubeide/plugins/com.st.stm32cube.ide.mcu.externaltools.gnu-tools-for-stm32.10.3-2021.10.win32_1.0.0.202111181127/tools/bin/../lib/gcc/arm-none-eabi/10.3.1/../../../../arm-none-eabi/lib/thumb/v7e-m+dp/hard\libc_nano.a(lib_a-init.o)
 .debug_frame   0x0000000000004de8       0x20 c:/st/stm32cubeide_1.10.1/stm32cubeide/plugins/com.st.stm32cube.ide.mcu.externaltools.gnu-tools-for-stm32.10.3-2021.10.win32_1.0.0.202111181127/tools/bin/../lib/gcc/arm-none-eabi/10.3.1/../../../../arm-none-eabi/lib/thumb/v7e-m+dp/hard\libc_nano.a(lib_a-memset.o)
