../Drivers/STM32F0xx_HAL_Driver/Inc/stm32f0xx_ll_exti.h:274:22:LL_EXTI_EnableIT_0_31	16	static
../Drivers/STM32F0xx_HAL_Driver/Inc/stm32f0xx_ll_exti.h:322:22:LL_EXTI_DisableIT_0_31	16	static
../Drivers/STM32F0xx_HAL_Driver/Inc/stm32f0xx_ll_exti.h:425:22:LL_EXTI_EnableEvent_0_31	16	static
../Drivers/STM32F0xx_HAL_Driver/Inc/stm32f0xx_ll_exti.h:472:22:LL_EXTI_DisableEvent_0_31	16	static
../Drivers/STM32F0xx_HAL_Driver/Inc/stm32f0xx_ll_exti.h:572:22:LL_EXTI_EnableRisingTrig_0_31	16	static
../Drivers/STM32F0xx_HAL_Driver/Inc/stm32f0xx_ll_exti.h:618:22:LL_EXTI_DisableRisingTrig_0_31	16	static
../Drivers/STM32F0xx_HAL_Driver/Inc/stm32f0xx_ll_exti.h:710:22:LL_EXTI_EnableFallingTrig_0_31	16	static
../Drivers/STM32F0xx_HAL_Driver/Inc/stm32f0xx_ll_exti.h:754:22:LL_EXTI_DisableFallingTrig_0_31	16	static
../Drivers/STM32F0xx_HAL_Driver/Src/stm32f0xx_ll_exti.c:81:10:LL_EXTI_DeInit	8	static
../Drivers/STM32F0xx_HAL_Driver/Src/stm32f0xx_ll_exti.c:114:10:LL_EXTI_Init	24	static
../Drivers/STM32F0xx_HAL_Driver/Src/stm32f0xx_ll_exti.c:195:6:LL_EXTI_StructInit	16	static
